Archive member included to satisfy reference by file (symbol)

/home/kaviya/ti/ccsv7/tools/compiler/gcc-arm-none-eabi-6-2017-q1-update/bin/../lib/gcc/arm-none-eabi/6.3.1/../../../../arm-none-eabi/lib/thumb/v7e-m/fpv4-sp/hard/libc.a(lib_a-exit.o)
                              /home/kaviya/ti/ccsv7/tools/compiler/gcc-arm-none-eabi-6-2017-q1-update/bin/../lib/gcc/arm-none-eabi/6.3.1/../../../../arm-none-eabi/lib/thumb/v7e-m/fpv4-sp/hard/crt0.o (exit)
/home/kaviya/ti/ccsv7/tools/compiler/gcc-arm-none-eabi-6-2017-q1-update/bin/../lib/gcc/arm-none-eabi/6.3.1/../../../../arm-none-eabi/lib/thumb/v7e-m/fpv4-sp/hard/libc.a(lib_a-impure.o)
                              /home/kaviya/ti/ccsv7/tools/compiler/gcc-arm-none-eabi-6-2017-q1-update/bin/../lib/gcc/arm-none-eabi/6.3.1/../../../../arm-none-eabi/lib/thumb/v7e-m/fpv4-sp/hard/libc.a(lib_a-exit.o) (_global_impure_ptr)
/home/kaviya/ti/ccsv7/tools/compiler/gcc-arm-none-eabi-6-2017-q1-update/bin/../lib/gcc/arm-none-eabi/6.3.1/../../../../arm-none-eabi/lib/thumb/v7e-m/fpv4-sp/hard/libc.a(lib_a-init.o)
                              /home/kaviya/ti/ccsv7/tools/compiler/gcc-arm-none-eabi-6-2017-q1-update/bin/../lib/gcc/arm-none-eabi/6.3.1/../../../../arm-none-eabi/lib/thumb/v7e-m/fpv4-sp/hard/crt0.o (__libc_init_array)
/home/kaviya/ti/ccsv7/tools/compiler/gcc-arm-none-eabi-6-2017-q1-update/bin/../lib/gcc/arm-none-eabi/6.3.1/../../../../arm-none-eabi/lib/thumb/v7e-m/fpv4-sp/hard/libc.a(lib_a-itoa.o)
                              ./UART.o (__itoa)
/home/kaviya/ti/ccsv7/tools/compiler/gcc-arm-none-eabi-6-2017-q1-update/bin/../lib/gcc/arm-none-eabi/6.3.1/../../../../arm-none-eabi/lib/thumb/v7e-m/fpv4-sp/hard/libc.a(lib_a-memset.o)
                              /home/kaviya/ti/ccsv7/tools/compiler/gcc-arm-none-eabi-6-2017-q1-update/bin/../lib/gcc/arm-none-eabi/6.3.1/../../../../arm-none-eabi/lib/thumb/v7e-m/fpv4-sp/hard/crt0.o (memset)
/home/kaviya/ti/ccsv7/tools/compiler/gcc-arm-none-eabi-6-2017-q1-update/bin/../lib/gcc/arm-none-eabi/6.3.1/../../../../arm-none-eabi/lib/thumb/v7e-m/fpv4-sp/hard/libc.a(lib_a-strlen.o)
                              ./UART.o (strlen)
/home/kaviya/ti/ccsv7/tools/compiler/gcc-arm-none-eabi-6-2017-q1-update/bin/../lib/gcc/arm-none-eabi/6.3.1/../../../../arm-none-eabi/lib/thumb/v7e-m/fpv4-sp/hard/libc.a(lib_a-utoa.o)
                              /home/kaviya/ti/ccsv7/tools/compiler/gcc-arm-none-eabi-6-2017-q1-update/bin/../lib/gcc/arm-none-eabi/6.3.1/../../../../arm-none-eabi/lib/thumb/v7e-m/fpv4-sp/hard/libc.a(lib_a-itoa.o) (__utoa)
/home/kaviya/ti/ccsv7/tools/compiler/gcc-arm-none-eabi-6-2017-q1-update/bin/../lib/gcc/arm-none-eabi/6.3.1/../../../../arm-none-eabi/lib/thumb/v7e-m/fpv4-sp/hard/libc.a(lib_a-__call_atexit.o)
                              /home/kaviya/ti/ccsv7/tools/compiler/gcc-arm-none-eabi-6-2017-q1-update/bin/../lib/gcc/arm-none-eabi/6.3.1/../../../../arm-none-eabi/lib/thumb/v7e-m/fpv4-sp/hard/libc.a(lib_a-exit.o) (__call_exitprocs)
/home/kaviya/ti/ccsv7/tools/compiler/gcc-arm-none-eabi-6-2017-q1-update/bin/../lib/gcc/arm-none-eabi/6.3.1/../../../../arm-none-eabi/lib/thumb/v7e-m/fpv4-sp/hard/libc.a(lib_a-atexit.o)
                              /home/kaviya/ti/ccsv7/tools/compiler/gcc-arm-none-eabi-6-2017-q1-update/bin/../lib/gcc/arm-none-eabi/6.3.1/../../../../arm-none-eabi/lib/thumb/v7e-m/fpv4-sp/hard/libc.a(lib_a-__call_atexit.o) (atexit)
/home/kaviya/ti/ccsv7/tools/compiler/gcc-arm-none-eabi-6-2017-q1-update/bin/../lib/gcc/arm-none-eabi/6.3.1/../../../../arm-none-eabi/lib/thumb/v7e-m/fpv4-sp/hard/libc.a(lib_a-fini.o)
                              /home/kaviya/ti/ccsv7/tools/compiler/gcc-arm-none-eabi-6-2017-q1-update/bin/../lib/gcc/arm-none-eabi/6.3.1/../../../../arm-none-eabi/lib/thumb/v7e-m/fpv4-sp/hard/libc.a(lib_a-__call_atexit.o) (__libc_fini_array)
/home/kaviya/ti/ccsv7/tools/compiler/gcc-arm-none-eabi-6-2017-q1-update/bin/../lib/gcc/arm-none-eabi/6.3.1/../../../../arm-none-eabi/lib/thumb/v7e-m/fpv4-sp/hard/libc.a(lib_a-lock.o)
                              /home/kaviya/ti/ccsv7/tools/compiler/gcc-arm-none-eabi-6-2017-q1-update/bin/../lib/gcc/arm-none-eabi/6.3.1/../../../../arm-none-eabi/lib/thumb/v7e-m/fpv4-sp/hard/libc.a(lib_a-__call_atexit.o) (__retarget_lock_acquire_recursive)
/home/kaviya/ti/ccsv7/tools/compiler/gcc-arm-none-eabi-6-2017-q1-update/bin/../lib/gcc/arm-none-eabi/6.3.1/../../../../arm-none-eabi/lib/thumb/v7e-m/fpv4-sp/hard/libc.a(lib_a-__atexit.o)
                              /home/kaviya/ti/ccsv7/tools/compiler/gcc-arm-none-eabi-6-2017-q1-update/bin/../lib/gcc/arm-none-eabi/6.3.1/../../../../arm-none-eabi/lib/thumb/v7e-m/fpv4-sp/hard/libc.a(lib_a-atexit.o) (__register_exitproc)
/home/kaviya/ti/ccsv7/tools/compiler/gcc-arm-none-eabi-6-2017-q1-update/bin/../lib/gcc/arm-none-eabi/6.3.1/../../../../arm-none-eabi/lib/thumb/v7e-m/fpv4-sp/hard/librdimon.a(rdimon-_exit.o)
[...]
Memory Configuration

Name             Origin             Length             Attributes
FLASH            0x0000000000000000 0x0000000000040000 xr
SRAM             0x0000000020000000 0x0000000000008000 xw
*default*        0x0000000000000000 0xffffffffffffffff

Linker script and memory map

LOAD /home/kaviya/ti/ccsv7/tools/compiler/gcc-arm-none-eabi-6-2017-q1-update/bin/../lib/gcc/arm-none-eabi/6.3.1/thumb/v7e-m/fpv4-sp/hard/crti.o
LOAD /home/kaviya/ti/ccsv7/tools/compiler/gcc-arm-none-eabi-6-2017-q1-update/bin/../lib/gcc/arm-none-eabi/6.3.1/thumb/v7e-m/fpv4-sp/hard/crtbegin.o
LOAD /home/kaviya/ti/ccsv7/tools/compiler/gcc-arm-none-eabi-6-2017-q1-update/bin/../lib/gcc/arm-none-eabi/6.3.1/../../../../arm-none-eabi/lib/thumb/v7e-m/fpv4-sp/hard/crt0.o
LOAD ./Kentec320x240x16_ssd2119_spi.o
LOAD ./LCD.o
LOAD ./LCD_stairs.o
LOAD ./UART.o
LOAD ./images.o
LOAD ./tm4c123gh6pm_startup_ccs_gcc.o
LOAD ./touch.o
LOAD ./touch_isr.o
LOAD ./ustdlib.o
                0x0000000000000000                PROVIDE (_intvecs_base_address, 0x0)

.intvecs        0x0000000000000000      0x26c
 *(.intvecs)
 .intvecs       0x0000000000000000      0x26c ./tm4c123gh6pm_startup_ccs_gcc.o
                0x0000000000000000                g_pfnVectors
                0x0000000020000000                PROVIDE (_vtable_base_address, 0x20000000)

.vtable
 *(.vtable)

.text           0x0000000000000280     0xa484
 CREATE_OBJECT_SYMBOLS
 *(.text)
 .text          0x0000000000000280        0x0 /home/kaviya/ti/ccsv7/tools/compiler/gcc-arm-none-eabi-6-2017-q1-update/bin/../lib/gcc/arm-none-eabi/6.3.1/thumb/v7e-m/fpv4-sp/hard/crti.o
 .text          0x0000000000000280       0x6c /home/kaviya/ti/ccsv7/tools/compiler/gcc-arm-none-eabi-6-2017-q1-update/bin/../lib/gcc/arm-none-eabi/6.3.1/thumb/v7e-m/fpv4-sp/hard/crtbegin.o
 .text          0x00000000000002ec       0x74 /home/kaviya/ti/ccsv7/tools/compiler/gcc-arm-none-eabi-6-2017-q1-update/bin/../lib/gcc/arm-none-eabi/6.3.1/../../../../arm-none-eabi/lib/thumb/v7e-m/fpv4-sp/hard/crt0.o
                0x00000000000002ec                _mainCRTStartup
                0x00000000000002ec                _start
 .text          0x0000000000000360        0x0 ./Kentec320x240x16_ssd2119_spi.o
 .text          0x0000000000000360        0x0 ./LCD.o
 .text          0x0000000000000360        0x0 ./LCD_stairs.o
 .text          0x0000000000000360        0x0 ./UART.o
 .text          0x0000000000000360        0x0 ./images.o
 .text          0x0000000000000360        0x0 ./tm4c123gh6pm_startup_ccs_gcc.o
 .text          0x0000000000000360        0x0 ./touch.o
 .text          0x0000000000000360        0x0 ./touch_isr.o
 .text          0x0000000000000360        0x0 ./ustdlib.o
 .text          0x0000000000000360        0x0 /home/kaviya/ti/ccsv7/tools/compiler/gcc-arm-none-eabi-6-2017-q1-update/bin/../lib/gcc/arm-none-eabi/6.3.1/../../../../arm-none-eabi/lib/thumb/v7e-m/fpv4-sp/hard/libc.a(lib_a-exit.o)
 .text          0x0000000000000360        0x0 /home/kaviya/ti/ccsv7/tools/compiler/gcc-arm-none-eabi-6-2017-q1-update/bin/../lib/gcc/arm-none-eabi/6.3.1/../../../../arm-none-eabi/lib/thumb/v7e-m/fpv4-sp/hard/libc.a(lib_a-impure.o)
 .text          0x0000000000000360        0x0 /home/kaviya/ti/ccsv7/tools/compiler/gcc-arm-none-eabi-6-2017-q1-update/bin/../lib/gcc/arm-none-eabi/6.3.1/../../../../arm-none-eabi/lib/thumb/v7e-m/fpv4-sp/hard/libc.a(lib_a-init.o)
 .text          0x0000000000000360        0x0 /home/kaviya/ti/ccsv7/tools/compiler/gcc-arm-none-eabi-6-2017-q1-update/bin/../lib/gcc/arm-none-eabi/6.3.1/../../../../arm-none-eabi/lib/thumb/v7e-m/fpv4-sp/hard/libc.a(lib_a-itoa.o)
 .text          0x0000000000000360        0x0 /home/kaviya/ti/ccsv7/tools/compiler/gcc-arm-none-eabi-6-2017-q1-update/bin/../lib/gcc/arm-none-eabi/6.3.1/../../../../arm-none-eabi/lib/thumb/v7e-m/fpv4-sp/hard/libc.a(lib_a-memset.o)
 *fill*         0x0000000000000360       0x20 
 .text          0x0000000000000380       0xdc /home/kaviya/ti/ccsv7/tools/compiler/gcc-arm-none-eabi-6-2017-q1-update/bin/../lib/gcc/arm-none-eabi/6.3.1/../../../../arm-none-eabi/lib/thumb/v7e-m/fpv4-sp/hard/libc.a(lib_a-strlen.o)
                0x0000000000000380                strlen
 .text          0x000000000000045c        0x0 /home/kaviya/ti/ccsv7/tools/compiler/gcc-arm-none-eabi-6-2017-q1-update/bin/../lib/gcc/arm-none-eabi/6.3.1/../../../../arm-none-eabi/lib/thumb/v7e-m/fpv4-sp/hard/libc.a(lib_a-utoa.o)
 .text          0x000000000000045c        0x0 /home/kaviya/ti/ccsv7/tools/compiler/gcc-arm-none-eabi-6-2017-q1-update/bin/../lib/gcc/arm-none-eabi/6.3.1/../../../../arm-none-eabi/lib/thumb/v7e-m/fpv4-sp/hard/libc.a(lib_a-__call_atexit.o)
 .text          0x000000000000045c        0x0 /home/kaviya/ti/ccsv7/tools/compiler/gcc-arm-none-eabi-6-2017-q1-update/bin/../lib/gcc/arm-none-eabi/6.3.1/../../../../arm-none-eabi/lib/thumb/v7e-m/fpv4-sp/hard/libc.a(lib_a-atexit.o)
 .text          0x000000000000045c        0x0 /home/kaviya/ti/ccsv7/tools/compiler/gcc-arm-none-eabi-6-2017-q1-update/bin/../lib/gcc/arm-none-eabi/6.3.1/../../../../arm-none-eabi/lib/thumb/v7e-m/fpv4-sp/hard/libc.a(lib_a-fini.o)
 .text          0x000000000000045c        0x0 /home/kaviya/ti/ccsv7/tools/compiler/gcc-arm-none-eabi-6-2017-q1-update/bin/../lib/gcc/arm-none-eabi/6.3.1/../../../../arm-none-eabi/lib/thumb/v7e-m/fpv4-sp/hard/libc.a(lib_a-lock.o)
 .text          0x000000000000045c        0x0 /home/kaviya/ti/ccsv7/tools/compiler/gcc-arm-none-eabi-6-2017-q1-update/bin/../lib/gcc/arm-none-eabi/6.3.1/../../../../arm-none-eabi/lib/thumb/v7e-m/fpv4-sp/hard/libc.a(lib_a-__atexit.o)
 .text          0x000000000000045c        0x0 /home/kaviya/ti/ccsv7/tools/compiler/gcc-arm-none-eabi-6-2017-q1-update/bin/../lib/gcc/arm-none-eabi/6.3.1/../../../../arm-none-eabi/lib/thumb/v7e-m/fpv4-sp/hard/librdimon.a(rdimon-_exit.o)
 .text          0x000000000000045c        0x0 /home/kaviya/ti/ccsv7/tools/compiler/gcc-arm-none-eabi-6-2017-q1-update/bin/../lib/gcc/arm-none-eabi/6.3.1/../../../../arm-none-eabi/lib/thumb/v7e-m/fpv4-sp/hard/librdimon.a(rdimon-_kill.o)
 .text          0x000000000000045c        0x0 /home/kaviya/ti/TivaWare_C_Series-2.1.4.178/driverlib/gcc/libdriver.a(adc.o)
 .text          0x000000000000045c        0x0 /home/kaviya/ti/TivaWare_C_Series-2.1.4.178/driverlib/gcc/libdriver.a(fpu.o)
 .text          0x000000000000045c        0x0 /home/kaviya/ti/TivaWare_C_Series-2.1.4.178/driverlib/gcc/libdriver.a(gpio.o)
 .text          0x000000000000045c        0x0 /home/kaviya/ti/TivaWare_C_Series-2.1.4.178/driverlib/gcc/libdriver.a(interrupt.o)
 .text          0x000000000000045c        0x0 /home/kaviya/ti/TivaWare_C_Series-2.1.4.178/driverlib/gcc/libdriver.a(ssi.o)
 .text          0x000000000000045c        0x0 /home/kaviya/ti/TivaWare_C_Series-2.1.4.178/driverlib/gcc/libdriver.a(sysctl.o)
 .text          0x000000000000045c        0x0 /home/kaviya/ti/TivaWare_C_Series-2.1.4.178/driverlib/gcc/libdriver.a(timer.o)
 .text          0x000000000000045c        0x0 /home/kaviya/ti/TivaWare_C_Series-2.1.4.178/driverlib/gcc/libdriver.a(uart.o)
 .text          0x000000000000045c        0x0 /home/kaviya/ti/TivaWare_C_Series-2.1.4.178/driverlib/gcc/libdriver.a(cpu.o)
 .text          0x000000000000045c        0x0 /home/kaviya/ti/TivaWare_C_Series-2.1.4.178/grlib/gcc/libgr.a(context.o)
 .text          0x000000000000045c        0x0 /home/kaviya/ti/TivaWare_C_Series-2.1.4.178/grlib/gcc/libgr.a(fontcm12.o)
 .text          0x000000000000045c        0x0 /home/kaviya/ti/TivaWare_C_Series-2.1.4.178/grlib/gcc/libgr.a(fontcm14.o)
 .text          0x000000000000045c        0x0 /home/kaviya/ti/TivaWare_C_Series-2.1.4.178/grlib/gcc/libgr.a(fontcm16.o)
 .text          0x000000000000045c        0x0 /home/kaviya/ti/TivaWare_C_Series-2.1.4.178/grlib/gcc/libgr.a(fontcm20.o)
 .text          0x000000000000045c        0x0 /home/kaviya/ti/TivaWare_C_Series-2.1.4.178/grlib/gcc/libgr.a(line.o)
 .text          0x000000000000045c        0x0 /home/kaviya/ti/TivaWare_C_Series-2.1.4.178/grlib/gcc/libgr.a(pushbutton.o)
 .text          0x000000000000045c        0x0 /home/kaviya/ti/TivaWare_C_Series-2.1.4.178/grlib/gcc/libgr.a(rectangle.o)
 .text          0x000000000000045c        0x0 /home/kaviya/ti/TivaWare_C_Series-2.1.4.178/grlib/gcc/libgr.a(slider.o)
 .text          0x000000000000045c        0x0 /home/kaviya/ti/TivaWare_C_Series-2.1.4.178/grlib/gcc/libgr.a(string.o)
 .text          0x000000000000045c        0x0 /home/kaviya/ti/TivaWare_C_Series-2.1.4.178/grlib/gcc/libgr.a(widget.o)
 .text          0x000000000000045c        0x0 /home/kaviya/ti/TivaWare_C_Series-2.1.4.178/grlib/gcc/libgr.a(charmap.o)
 .text          0x000000000000045c        0x0 /home/kaviya/ti/TivaWare_C_Series-2.1.4.178/grlib/gcc/libgr.a(circle.o)
 .text          0x000000000000045c        0x0 /home/kaviya/ti/TivaWare_C_Series-2.1.4.178/grlib/gcc/libgr.a(image.o)
 .text          0x000000000000045c      0x370 /home/kaviya/ti/ccsv7/tools/compiler/gcc-arm-none-eabi-6-2017-q1-update/bin/../lib/gcc/arm-none-eabi/6.3.1/thumb/v7e-m/fpv4-sp/hard/libgcc.a(_arm_addsubdf3.o)
                0x000000000000045c                __aeabi_drsub
                0x0000000000000464                __aeabi_dsub
                0x0000000000000464                __subdf3
                0x0000000000000468                __adddf3
                0x0000000000000468                __aeabi_dadd
                0x00000000000006e0                __aeabi_ui2d
                0x00000000000006e0                __floatunsidf
                0x0000000000000700                __floatsidf
                0x0000000000000700                __aeabi_i2d
                0x0000000000000724                __extendsfdf2
                0x0000000000000724                __aeabi_f2d
                0x0000000000000760                __aeabi_ul2d
                0x0000000000000760                __floatundidf
                0x0000000000000770                __floatdidf
                0x0000000000000770                __aeabi_l2d
 .text          0x00000000000007cc      0x424 /home/kaviya/ti/ccsv7/tools/compiler/gcc-arm-none-eabi-6-2017-q1-update/bin/../lib/gcc/arm-none-eabi/6.3.1/thumb/v7e-m/fpv4-sp/hard/libgcc.a(_arm_muldivdf3.o)
                0x00000000000007cc                __aeabi_dmul
                0x00000000000007cc                __muldf3
                0x0000000000000a20                __aeabi_ddiv
                0x0000000000000a20                __divdf3
 .text          0x0000000000000bf0      0x110 /home/kaviya/ti/ccsv7/tools/compiler/gcc-arm-none-eabi-6-2017-q1-update/bin/../lib/gcc/arm-none-eabi/6.3.1/thumb/v7e-m/fpv4-sp/hard/libgcc.a(_arm_cmpdf2.o)
                0x0000000000000bf0                __gtdf2
                0x0000000000000bf0                __gedf2
                0x0000000000000bf8                __ltdf2
                0x0000000000000bf8                __ledf2
                0x0000000000000c00                __cmpdf2
                0x0000000000000c00                __eqdf2
                0x0000000000000c00                __nedf2
                0x0000000000000c7c                __aeabi_cdrcmple
                0x0000000000000c8c                __aeabi_cdcmple
                0x0000000000000c8c                __aeabi_cdcmpeq
                0x0000000000000c9c                __aeabi_dcmpeq
                0x0000000000000cb0                __aeabi_dcmplt
                0x0000000000000cc4                __aeabi_dcmple
                0x0000000000000cd8                __aeabi_dcmpge
                0x0000000000000cec                __aeabi_dcmpgt
 .text          0x0000000000000d00       0x50 /home/kaviya/ti/ccsv7/tools/compiler/gcc-arm-none-eabi-6-2017-q1-update/bin/../lib/gcc/arm-none-eabi/6.3.1/thumb/v7e-m/fpv4-sp/hard/libgcc.a(_arm_fixdfsi.o)
                0x0000000000000d00                __fixdfsi
                0x0000000000000d00                __aeabi_d2iz
 .text          0x0000000000000d50        0x0 /home/kaviya/ti/ccsv7/tools/compiler/gcc-arm-none-eabi-6-2017-q1-update/bin/../lib/gcc/arm-none-eabi/6.3.1/thumb/v7e-m/fpv4-sp/hard/crtend.o
 .text          0x0000000000000d50        0x0 /home/kaviya/ti/ccsv7/tools/compiler/gcc-arm-none-eabi-6-2017-q1-update/bin/../lib/gcc/arm-none-eabi/6.3.1/thumb/v7e-m/fpv4-sp/hard/crtn.o
 *(.text.*)
 .text.LED_ON   0x0000000000000d50       0x18 ./Kentec320x240x16_ssd2119_spi.o
 .text.LED_OFF  0x0000000000000d68       0x18 ./Kentec320x240x16_ssd2119_spi.o
 .text.WriteDataSPI
                0x0000000000000d80       0x68 ./Kentec320x240x16_ssd2119_spi.o
 .text.WriteCommandSPI
                0x0000000000000de8       0x64 ./Kentec320x240x16_ssd2119_spi.o
 .text.InitSPILCDInterface
                0x0000000000000e4c      0x100 ./Kentec320x240x16_ssd2119_spi.o
 .text.Kentec320x240x16_SSD2119Init
                0x0000000000000f4c      0x1f8 ./Kentec320x240x16_ssd2119_spi.o
                0x0000000000000f4c                Kentec320x240x16_SSD2119Init
 .text.Kentec320x240x16_SSD2119PixelDraw
                0x0000000000001144       0x54 ./Kentec320x240x16_ssd2119_spi.o
 .text.Kentec320x240x16_SSD2119PixelDrawMultiple
                0x0000000000001198      0x258 ./Kentec320x240x16_ssd2119_spi.o
 .text.Kentec320x240x16_SSD2119LineDrawH
                0x00000000000013f0       0x70 ./Kentec320x240x16_ssd2119_spi.o
 .text.Kentec320x240x16_SSD2119LineDrawV
                0x0000000000001460       0x70 ./Kentec320x240x16_ssd2119_spi.o
 .text.Kentec320x240x16_SSD2119RectFill
                0x00000000000014d0      0x130 ./Kentec320x240x16_ssd2119_spi.o
 .text.Kentec320x240x16_SSD2119ColorTranslate
                0x0000000000001600       0x32 ./Kentec320x240x16_ssd2119_spi.o
 .text.Kentec320x240x16_SSD2119Flush
                0x0000000000001632       0x14 ./Kentec320x240x16_ssd2119_spi.o
 *fill*         0x0000000000001646        0x2 
 .text.print_time
                0x0000000000001648      0x2d8 ./LCD.o
                0x0000000000001648                print_time
 .text.print_time_ch2
                0x0000000000001920      0x2d8 ./LCD.o
                0x0000000000001920                print_time_ch2
 .text.clear_screen_grid
                0x0000000000001bf8      0x23c ./LCD.o
                0x0000000000001bf8                clear_screen_grid
 .text.print_waveform1_ch1
                0x0000000000001e34      0x184 ./LCD.o
                0x0000000000001e34                print_waveform1_ch1
 .text.print_waveform_ch1
                0x0000000000001fb8      0x4d4 ./LCD.o
                0x0000000000001fb8                print_waveform_ch1
 .text.print_waveform_ch2
                0x000000000000248c      0x4b8 ./LCD.o
                0x000000000000248c                print_waveform_ch2
 .text.peak_to_peak
                0x0000000000002944       0xe0 ./LCD.o
                0x0000000000002944                peak_to_peak
 .text.frequency
                0x0000000000002a24       0x6c ./LCD.o
                0x0000000000002a24                frequency
 .text.ADCgetdata
                0x0000000000002a90       0xf8 ./LCD_stairs.o
                0x0000000000002a90                ADCgetdata
 .text.ADCEnable
                0x0000000000002b88       0x64 ./LCD_stairs.o
                0x0000000000002b88                ADCEnable
 .text.main     0x0000000000002bec      0x390 ./LCD_stairs.o
                0x0000000000002bec                main
 .text.UARTIntHandler
                0x0000000000002f7c       0xa0 ./UART.o
                0x0000000000002f7c                UARTIntHandler
 .text.UART_init
                0x000000000000301c       0x64 ./UART.o
                0x000000000000301c                UART_init
 .text.UART_get_string
                0x0000000000003080       0x44 ./UART.o
                0x0000000000003080                UART_get_string
 .text.UART_string
                0x00000000000030c4       0x30 ./UART.o
                0x00000000000030c4                UART_string
 .text.UART_integer_digit
                0x00000000000030f4       0x58 ./UART.o
                0x00000000000030f4                UART_integer_digit
 .text.UART_integer
                0x000000000000314c       0x28 ./UART.o
                0x000000000000314c                UART_integer
 .text.UART_newline
                0x0000000000003174       0x1c ./UART.o
                0x0000000000003174                UART_newline
 .text.UART_Htab
                0x0000000000003190       0x14 ./UART.o
                0x0000000000003190                UART_Htab
 .text.UART_float
                0x00000000000031a4      0x130 ./UART.o
                0x00000000000031a4                UART_float
 .text.UARTwrite
                0x00000000000032d4       0x50 ./UART.o
                0x00000000000032d4                UARTwrite
 .text.UARTvprintf
                0x0000000000003324      0x410 ./UART.o
                0x0000000000003324                UARTvprintf
 .text.UARTprintf
                0x0000000000003734       0x24 ./UART.o
                0x0000000000003734                UARTprintf
 .text.ResetISR
                0x0000000000003758       0x6c ./tm4c123gh6pm_startup_ccs_gcc.o
                0x0000000000003758                ResetISR
 .text.NmiSR    0x00000000000037c4        0x6 ./tm4c123gh6pm_startup_ccs_gcc.o
 .text.FaultISR
                0x00000000000037ca        0x6 ./tm4c123gh6pm_startup_ccs_gcc.o
 .text.IntDefaultHandler
                0x00000000000037d0        0x6 ./tm4c123gh6pm_startup_ccs_gcc.o
 *fill*         0x00000000000037d6        0x2 
 .text.TouchScreenDebouncer
                0x00000000000037d8      0x28c ./touch.o
 .text.TouchScreenIntHandler
                0x0000000000003a64      0x188 ./touch.o
                0x0000000000003a64                TouchScreenIntHandler
 .text.TouchScreenInit
                0x0000000000003bec      0x128 ./touch.o
                0x0000000000003bec                TouchScreenInit
 .text.TouchScreenCallbackSet
                0x0000000000003d14       0x20 ./touch.o
                0x0000000000003d14                TouchScreenCallbackSet
 .text.new_press
                0x0000000000003d34      0x108 ./touch_isr.o
                0x0000000000003d34                new_press
 .text.move_slider_press_ch1
                0x0000000000003e3c      0x39c ./touch_isr.o
                0x0000000000003e3c                move_slider_press_ch1
 .text.move_slider_press_ch2
                0x00000000000041d8      0x378 ./touch_isr.o
                0x00000000000041d8                move_slider_press_ch2
 .text.start_press
                0x0000000000004550      0x168 ./touch_isr.o
                0x0000000000004550                start_press
 .text.plus_press
                0x00000000000046b8      0x110 ./touch_isr.o
                0x00000000000046b8                plus_press
 .text.minus_press
                0x00000000000047c8      0x10c ./touch_isr.o
                0x00000000000047c8                minus_press
 .text.increase_press
                0x00000000000048d4      0x14c ./touch_isr.o
                0x00000000000048d4                increase_press
 .text.decrease_press
                0x0000000000004a20      0x150 ./touch_isr.o
                0x0000000000004a20                decrease_press
 .text.ustrncpy
                0x0000000000004b70       0x6a ./ustdlib.o
                0x0000000000004b70                ustrncpy
 *fill*         0x0000000000004bda        0x2 
 .text.uvsnprintf
                0x0000000000004bdc      0x504 ./ustdlib.o
                0x0000000000004bdc                uvsnprintf
 .text.usprintf
                0x00000000000050e0       0x30 ./ustdlib.o
                0x00000000000050e0                usprintf
 .text.usnprintf
                0x0000000000005110       0x30 ./ustdlib.o
                0x0000000000005110                usnprintf
 .text.ulocaltime
                0x0000000000005140      0x17c ./ustdlib.o
                0x0000000000005140                ulocaltime
 .text.ucmptime
                0x00000000000052bc       0xe4 ./ustdlib.o
 .text.umktime  0x00000000000053a0       0x8c ./ustdlib.o
                0x00000000000053a0                umktime
 .text.ustrtoul
                0x000000000000542c      0x150 ./ustdlib.o
                0x000000000000542c                ustrtoul
 .text.ustrtof  0x000000000000557c      0x274 ./ustdlib.o
                0x000000000000557c                ustrtof
 .text.ustrlen  0x00000000000057f0       0x2e ./ustdlib.o
                0x00000000000057f0                ustrlen
 .text.ustrstr  0x000000000000581e       0x40 ./ustdlib.o
                0x000000000000581e                ustrstr
 .text.ustrncasecmp
                0x000000000000585e       0xa2 ./ustdlib.o
                0x000000000000585e                ustrncasecmp
 .text.ustrcasecmp
                0x0000000000005900       0x20 ./ustdlib.o
                0x0000000000005900                ustrcasecmp
 .text.ustrncmp
                0x0000000000005920       0x6a ./ustdlib.o
                0x0000000000005920                ustrncmp
 .text.ustrcmp  0x000000000000598a       0x20 ./ustdlib.o
                0x000000000000598a                ustrcmp
 *fill*         0x00000000000059aa        0x2 
 .text.usrand   0x00000000000059ac       0x20 ./ustdlib.o
                0x00000000000059ac                usrand
 .text.urand    0x00000000000059cc       0x30 ./ustdlib.o
                0x00000000000059cc                urand
 .text.exit     0x00000000000059fc       0x20 /home/kaviya/ti/ccsv7/tools/compiler/gcc-arm-none-eabi-6-2017-q1-update/bin/../lib/gcc/arm-none-eabi/6.3.1/../../../../arm-none-eabi/lib/thumb/v7e-m/fpv4-sp/hard/libc.a(lib_a-exit.o)
                0x00000000000059fc                exit
 .text.__libc_init_array
                0x0000000000005a1c       0x50 /home/kaviya/ti/ccsv7/tools/compiler/gcc-arm-none-eabi-6-2017-q1-update/bin/../lib/gcc/arm-none-eabi/6.3.1/../../../../arm-none-eabi/lib/thumb/v7e-m/fpv4-sp/hard/libc.a(lib_a-init.o)
                0x0000000000005a1c                __libc_init_array
 .text.__itoa   0x0000000000005a6c       0x30 /home/kaviya/ti/ccsv7/tools/compiler/gcc-arm-none-eabi-6-2017-q1-update/bin/../lib/gcc/arm-none-eabi/6.3.1/../../../../arm-none-eabi/lib/thumb/v7e-m/fpv4-sp/hard/libc.a(lib_a-itoa.o)
                0x0000000000005a6c                __itoa
 .text.itoa     0x0000000000005a9c        0x4 /home/kaviya/ti/ccsv7/tools/compiler/gcc-arm-none-eabi-6-2017-q1-update/bin/../lib/gcc/arm-none-eabi/6.3.1/../../../../arm-none-eabi/lib/thumb/v7e-m/fpv4-sp/hard/libc.a(lib_a-itoa.o)
                0x0000000000005a9c                itoa
 .text.memset   0x0000000000005aa0       0x9c /home/kaviya/ti/ccsv7/tools/compiler/gcc-arm-none-eabi-6-2017-q1-update/bin/../lib/gcc/arm-none-eabi/6.3.1/../../../../arm-none-eabi/lib/thumb/v7e-m/fpv4-sp/hard/libc.a(lib_a-memset.o)
                0x0000000000005aa0                memset
 .text.__utoa   0x0000000000005b3c       0x80 /home/kaviya/ti/ccsv7/tools/compiler/gcc-arm-none-eabi-6-2017-q1-update/bin/../lib/gcc/arm-none-eabi/6.3.1/../../../../arm-none-eabi/lib/thumb/v7e-m/fpv4-sp/hard/libc.a(lib_a-utoa.o)
                0x0000000000005b3c                __utoa
 .text.utoa     0x0000000000005bbc        0x4 /home/kaviya/ti/ccsv7/tools/compiler/gcc-arm-none-eabi-6-2017-q1-update/bin/../lib/gcc/arm-none-eabi/6.3.1/../../../../arm-none-eabi/lib/thumb/v7e-m/fpv4-sp/hard/libc.a(lib_a-utoa.o)
                0x0000000000005bbc                utoa
 .text.startup.register_fini
                0x0000000000005bc0       0x14 /home/kaviya/ti/ccsv7/tools/compiler/gcc-arm-none-eabi-6-2017-q1-update/bin/../lib/gcc/arm-none-eabi/6.3.1/../../../../arm-none-eabi/lib/thumb/v7e-m/fpv4-sp/hard/libc.a(lib_a-__call_atexit.o)
 .text.__call_exitprocs
                0x0000000000005bd4       0xe8 /home/kaviya/ti/ccsv7/tools/compiler/gcc-arm-none-eabi-6-2017-q1-update/bin/../lib/gcc/arm-none-eabi/6.3.1/../../../../arm-none-eabi/lib/thumb/v7e-m/fpv4-sp/hard/libc.a(lib_a-__call_atexit.o)
                0x0000000000005bd4                __call_exitprocs
 .text.atexit   0x0000000000005cbc        0xc /home/kaviya/ti/ccsv7/tools/compiler/gcc-arm-none-eabi-6-2017-q1-update/bin/../lib/gcc/arm-none-eabi/6.3.1/../../../../arm-none-eabi/lib/thumb/v7e-m/fpv4-sp/hard/libc.a(lib_a-atexit.o)
                0x0000000000005cbc                atexit
 .text.__libc_fini_array
                0x0000000000005cc8       0x34 /home/kaviya/ti/ccsv7/tools/compiler/gcc-arm-none-eabi-6-2017-q1-update/bin/../lib/gcc/arm-none-eabi/6.3.1/../../../../arm-none-eabi/lib/thumb/v7e-m/fpv4-sp/hard/libc.a(lib_a-fini.o)
                0x0000000000005cc8                __libc_fini_array
 .text.__retarget_lock_init
                0x0000000000005cfc        0x4 /home/kaviya/ti/ccsv7/tools/compiler/gcc-arm-none-eabi-6-2017-q1-update/bin/../lib/gcc/arm-none-eabi/6.3.1/../../../../arm-none-eabi/lib/thumb/v7e-m/fpv4-sp/hard/libc.a(lib_a-lock.o)
                0x0000000000005cfc                __retarget_lock_init
 .text.__retarget_lock_init_recursive
                0x0000000000005d00        0x4 /home/kaviya/ti/ccsv7/tools/compiler/gcc-arm-none-eabi-6-2017-q1-update/bin/../lib/gcc/arm-none-eabi/6.3.1/../../../../arm-none-eabi/lib/thumb/v7e-m/fpv4-sp/hard/libc.a(lib_a-lock.o)
                0x0000000000005d00                __retarget_lock_init_recursive
 .text.__retarget_lock_close
                0x0000000000005d04        0x4 /home/kaviya/ti/ccsv7/tools/compiler/gcc-arm-none-eabi-6-2017-q1-update/bin/../lib/gcc/arm-none-eabi/6.3.1/../../../../arm-none-eabi/lib/thumb/v7e-m/fpv4-sp/hard/libc.a(lib_a-lock.o)
                0x0000000000005d04                __retarget_lock_close
 .text.__retarget_lock_close_recursive
                0x0000000000005d08        0x4 /home/kaviya/ti/ccsv7/tools/compiler/gcc-arm-none-eabi-6-2017-q1-update/bin/../lib/gcc/arm-none-eabi/6.3.1/../../../../arm-none-eabi/lib/thumb/v7e-m/fpv4-sp/hard/libc.a(lib_a-lock.o)
                0x0000000000005d08                __retarget_lock_close_recursive
 .text.__retarget_lock_acquire
                0x0000000000005d0c        0x4 /home/kaviya/ti/ccsv7/tools/compiler/gcc-arm-none-eabi-6-2017-q1-update/bin/../lib/gcc/arm-none-eabi/6.3.1/../../../../arm-none-eabi/lib/thumb/v7e-m/fpv4-sp/hard/libc.a(lib_a-lock.o)
                0x0000000000005d0c                __retarget_lock_acquire
 .text.__retarget_lock_acquire_recursive
                0x0000000000005d10        0x4 /home/kaviya/ti/ccsv7/tools/compiler/gcc-arm-none-eabi-6-2017-q1-update/bin/../lib/gcc/arm-none-eabi/6.3.1/../../../../arm-none-eabi/lib/thumb/v7e-m/fpv4-sp/hard/libc.a(lib_a-lock.o)
                0x0000000000005d10                __retarget_lock_acquire_recursive
 .text.__retarget_lock_try_acquire
                0x0000000000005d14        0x4 /home/kaviya/ti/ccsv7/tools/compiler/gcc-arm-none-eabi-6-2017-q1-update/bin/../lib/gcc/arm-none-eabi/6.3.1/../../../../arm-none-eabi/lib/thumb/v7e-m/fpv4-sp/hard/libc.a(lib_a-lock.o)
                0x0000000000005d14                __retarget_lock_try_acquire
 .text.__retarget_lock_try_acquire_recursive
                0x0000000000005d18        0x4 /home/kaviya/ti/ccsv7/tools/compiler/gcc-arm-none-eabi-6-2017-q1-update/bin/../lib/gcc/arm-none-eabi/6.3.1/../../../../arm-none-eabi/lib/thumb/v7e-m/fpv4-sp/hard/libc.a(lib_a-lock.o)
                0x0000000000005d18                __retarget_lock_try_acquire_recursive
 .text.__retarget_lock_release
                0x0000000000005d1c        0x4 /home/kaviya/ti/ccsv7/tools/compiler/gcc-arm-none-eabi-6-2017-q1-update/bin/../lib/gcc/arm-none-eabi/6.3.1/../../../../arm-none-eabi/lib/thumb/v7e-m/fpv4-sp/hard/libc.a(lib_a-lock.o)
                0x0000000000005d1c                __retarget_lock_release
 .text.__retarget_lock_release_recursive
                0x0000000000005d20        0x4 /home/kaviya/ti/ccsv7/tools/compiler/gcc-arm-none-eabi-6-2017-q1-update/bin/../lib/gcc/arm-none-eabi/6.3.1/../../../../arm-none-eabi/lib/thumb/v7e-m/fpv4-sp/hard/libc.a(lib_a-lock.o)
                0x0000000000005d20                __retarget_lock_release_recursive
 .text.__register_exitproc
                0x0000000000005d24       0xc4 /home/kaviya/ti/ccsv7/tools/compiler/gcc-arm-none-eabi-6-2017-q1-update/bin/../lib/gcc/arm-none-eabi/6.3.1/../../../../arm-none-eabi/lib/thumb/v7e-m/fpv4-sp/hard/libc.a(lib_a-__atexit.o)
                0x0000000000005d24                __register_exitproc
 .text._exit    0x0000000000005de8        0x8 /home/kaviya/ti/ccsv7/tools/compiler/gcc-arm-none-eabi-6-2017-q1-update/bin/../lib/gcc/arm-none-eabi/6.3.1/../../../../arm-none-eabi/lib/thumb/v7e-m/fpv4-sp/hard/librdimon.a(rdimon-_exit.o)
                0x0000000000005de8                _exit
 .text._kill    0x0000000000005df0       0x20 /home/kaviya/ti/ccsv7/tools/compiler/gcc-arm-none-eabi-6-2017-q1-update/bin/../lib/gcc/arm-none-eabi/6.3.1/../../../../arm-none-eabi/lib/thumb/v7e-m/fpv4-sp/hard/librdimon.a(rdimon-_kill.o)
                0x0000000000005df0                _kill
 .text._ADCIntNumberGet
                0x0000000000005e10       0x54 /home/kaviya/ti/TivaWare_C_Series-2.1.4.178/driverlib/gcc/libdriver.a(adc.o)
 .text.ADCIntRegister
                0x0000000000005e64       0x1a /home/kaviya/ti/TivaWare_C_Series-2.1.4.178/driverlib/gcc/libdriver.a(adc.o)
                0x0000000000005e64                ADCIntRegister
 .text.ADCIntUnregister
                0x0000000000005e7e       0x16 /home/kaviya/ti/TivaWare_C_Series-2.1.4.178/driverlib/gcc/libdriver.a(adc.o)
                0x0000000000005e7e                ADCIntUnregister
 .text.ADCIntDisable
                0x0000000000005e94       0x10 /home/kaviya/ti/TivaWare_C_Series-2.1.4.178/driverlib/gcc/libdriver.a(adc.o)
                0x0000000000005e94                ADCIntDisable
 .text.ADCIntEnable
                0x0000000000005ea4       0x10 /home/kaviya/ti/TivaWare_C_Series-2.1.4.178/driverlib/gcc/libdriver.a(adc.o)
                0x0000000000005ea4                ADCIntEnable
 .text.ADCIntStatus
                0x0000000000005eb4       0x34 /home/kaviya/ti/TivaWare_C_Series-2.1.4.178/driverlib/gcc/libdriver.a(adc.o)
                0x0000000000005eb4                ADCIntStatus
 .text.ADCIntClear
                0x0000000000005ee8        0xa /home/kaviya/ti/TivaWare_C_Series-2.1.4.178/driverlib/gcc/libdriver.a(adc.o)
                0x0000000000005ee8                ADCIntClear
 .text.ADCSequenceEnable
                0x0000000000005ef2        0xe /home/kaviya/ti/TivaWare_C_Series-2.1.4.178/driverlib/gcc/libdriver.a(adc.o)
                0x0000000000005ef2                ADCSequenceEnable
 .text.ADCSequenceDisable
                0x0000000000005f00       0x10 /home/kaviya/ti/TivaWare_C_Series-2.1.4.178/driverlib/gcc/libdriver.a(adc.o)
                0x0000000000005f00                ADCSequenceDisable
 .text.ADCSequenceConfigure
                0x0000000000005f10       0x54 /home/kaviya/ti/TivaWare_C_Series-2.1.4.178/driverlib/gcc/libdriver.a(adc.o)
                0x0000000000005f10                ADCSequenceConfigure
 .text.ADCSequenceStepConfigure
                0x0000000000005f64       0x84 /home/kaviya/ti/TivaWare_C_Series-2.1.4.178/driverlib/gcc/libdriver.a(adc.o)
                0x0000000000005f64                ADCSequenceStepConfigure
 .text.ADCSequenceOverflow
                0x0000000000005fe8        0xc /home/kaviya/ti/TivaWare_C_Series-2.1.4.178/driverlib/gcc/libdriver.a(adc.o)
                0x0000000000005fe8                ADCSequenceOverflow
 .text.ADCSequenceOverflowClear
                0x0000000000005ff4        0xa /home/kaviya/ti/TivaWare_C_Series-2.1.4.178/driverlib/gcc/libdriver.a(adc.o)
                0x0000000000005ff4                ADCSequenceOverflowClear
 .text.ADCSequenceUnderflow
                0x0000000000005ffe        0xc /home/kaviya/ti/TivaWare_C_Series-2.1.4.178/driverlib/gcc/libdriver.a(adc.o)
                0x0000000000005ffe                ADCSequenceUnderflow
 .text.ADCSequenceUnderflowClear
                0x000000000000600a        0xa /home/kaviya/ti/TivaWare_C_Series-2.1.4.178/driverlib/gcc/libdriver.a(adc.o)
                0x000000000000600a                ADCSequenceUnderflowClear
 .text.ADCSequenceDataGet
                0x0000000000006014       0x1e /home/kaviya/ti/TivaWare_C_Series-2.1.4.178/driverlib/gcc/libdriver.a(adc.o)
                0x0000000000006014                ADCSequenceDataGet
 .text.ADCProcessorTrigger
                0x0000000000006032       0x18 /home/kaviya/ti/TivaWare_C_Series-2.1.4.178/driverlib/gcc/libdriver.a(adc.o)
                0x0000000000006032                ADCProcessorTrigger
 *fill*         0x000000000000604a        0x2 
 .text.ADCSoftwareOversampleConfigure
                0x000000000000604c       0x28 /home/kaviya/ti/TivaWare_C_Series-2.1.4.178/driverlib/gcc/libdriver.a(adc.o)
                0x000000000000604c                ADCSoftwareOversampleConfigure
 .text.ADCSoftwareOversampleStepConfigure
                0x0000000000006074       0x8c /home/kaviya/ti/TivaWare_C_Series-2.1.4.178/driverlib/gcc/libdriver.a(adc.o)
                0x0000000000006074                ADCSoftwareOversampleStepConfigure
 .text.ADCSoftwareOversampleDataGet
                0x0000000000006100       0x48 /home/kaviya/ti/TivaWare_C_Series-2.1.4.178/driverlib/gcc/libdriver.a(adc.o)
                0x0000000000006100                ADCSoftwareOversampleDataGet
 .text.ADCHardwareOversampleConfigure
                0x0000000000006148       0x10 /home/kaviya/ti/TivaWare_C_Series-2.1.4.178/driverlib/gcc/libdriver.a(adc.o)
                0x0000000000006148                ADCHardwareOversampleConfigure
 .text.ADCComparatorConfigure
                0x0000000000006158        0xa /home/kaviya/ti/TivaWare_C_Series-2.1.4.178/driverlib/gcc/libdriver.a(adc.o)
                0x0000000000006158                ADCComparatorConfigure
 .text.ADCComparatorRegionSet
                0x0000000000006162        0xe /home/kaviya/ti/TivaWare_C_Series-2.1.4.178/driverlib/gcc/libdriver.a(adc.o)
                0x0000000000006162                ADCComparatorRegionSet
 .text.ADCComparatorReset
                0x0000000000006170       0x1e /home/kaviya/ti/TivaWare_C_Series-2.1.4.178/driverlib/gcc/libdriver.a(adc.o)
                0x0000000000006170                ADCComparatorReset
 .text.ADCComparatorIntDisable
                0x000000000000618e       0x12 /home/kaviya/ti/TivaWare_C_Series-2.1.4.178/driverlib/gcc/libdriver.a(adc.o)
                0x000000000000618e                ADCComparatorIntDisable
 .text.ADCComparatorIntEnable
                0x00000000000061a0       0x10 /home/kaviya/ti/TivaWare_C_Series-2.1.4.178/driverlib/gcc/libdriver.a(adc.o)
                0x00000000000061a0                ADCComparatorIntEnable
 .text.ADCComparatorIntStatus
                0x00000000000061b0        0x4 /home/kaviya/ti/TivaWare_C_Series-2.1.4.178/driverlib/gcc/libdriver.a(adc.o)
                0x00000000000061b0                ADCComparatorIntStatus
 .text.ADCComparatorIntClear
                0x00000000000061b4        0x4 /home/kaviya/ti/TivaWare_C_Series-2.1.4.178/driverlib/gcc/libdriver.a(adc.o)
                0x00000000000061b4                ADCComparatorIntClear
 .text.ADCIntDisableEx
                0x00000000000061b8        0xa /home/kaviya/ti/TivaWare_C_Series-2.1.4.178/driverlib/gcc/libdriver.a(adc.o)
                0x00000000000061b8                ADCIntDisableEx
 .text.ADCIntEnableEx
                0x00000000000061c2        0x8 /home/kaviya/ti/TivaWare_C_Series-2.1.4.178/driverlib/gcc/libdriver.a(adc.o)
                0x00000000000061c2                ADCIntEnableEx
 .text.ADCIntStatusEx
                0x00000000000061ca       0x12 /home/kaviya/ti/TivaWare_C_Series-2.1.4.178/driverlib/gcc/libdriver.a(adc.o)
                0x00000000000061ca                ADCIntStatusEx
 .text.ADCIntClearEx
                0x00000000000061dc        0x4 /home/kaviya/ti/TivaWare_C_Series-2.1.4.178/driverlib/gcc/libdriver.a(adc.o)
                0x00000000000061dc                ADCIntClearEx
 .text.ADCReferenceSet
                0x00000000000061e0        0xc /home/kaviya/ti/TivaWare_C_Series-2.1.4.178/driverlib/gcc/libdriver.a(adc.o)
                0x00000000000061e0                ADCReferenceSet
 .text.ADCReferenceGet
                0x00000000000061ec        0x8 /home/kaviya/ti/TivaWare_C_Series-2.1.4.178/driverlib/gcc/libdriver.a(adc.o)
                0x00000000000061ec                ADCReferenceGet
 .text.ADCPhaseDelaySet
                0x00000000000061f4        0x4 /home/kaviya/ti/TivaWare_C_Series-2.1.4.178/driverlib/gcc/libdriver.a(adc.o)
                0x00000000000061f4                ADCPhaseDelaySet
 .text.ADCPhaseDelayGet
                0x00000000000061f8        0x4 /home/kaviya/ti/TivaWare_C_Series-2.1.4.178/driverlib/gcc/libdriver.a(adc.o)
                0x00000000000061f8                ADCPhaseDelayGet
 .text.ADCSequenceDMAEnable
                0x00000000000061fc       0x10 /home/kaviya/ti/TivaWare_C_Series-2.1.4.178/driverlib/gcc/libdriver.a(adc.o)
                0x00000000000061fc                ADCSequenceDMAEnable
 .text.ADCSequenceDMADisable
                0x000000000000620c       0x12 /home/kaviya/ti/TivaWare_C_Series-2.1.4.178/driverlib/gcc/libdriver.a(adc.o)
                0x000000000000620c                ADCSequenceDMADisable
 .text.ADCBusy  0x000000000000621e        0x8 /home/kaviya/ti/TivaWare_C_Series-2.1.4.178/driverlib/gcc/libdriver.a(adc.o)
                0x000000000000621e                ADCBusy
 .text.ADCClockConfigSet
                0x0000000000006226       0x18 /home/kaviya/ti/TivaWare_C_Series-2.1.4.178/driverlib/gcc/libdriver.a(adc.o)
                0x0000000000006226                ADCClockConfigSet
 .text.ADCClockConfigGet
                0x000000000000623e       0x1e /home/kaviya/ti/TivaWare_C_Series-2.1.4.178/driverlib/gcc/libdriver.a(adc.o)
                0x000000000000623e                ADCClockConfigGet
 .text.FPUEnable
                0x000000000000625c       0x10 /home/kaviya/ti/TivaWare_C_Series-2.1.4.178/driverlib/gcc/libdriver.a(fpu.o)
                0x000000000000625c                FPUEnable
 .text.FPUDisable
                0x000000000000626c       0x10 /home/kaviya/ti/TivaWare_C_Series-2.1.4.178/driverlib/gcc/libdriver.a(fpu.o)
                0x000000000000626c                FPUDisable
 .text.FPUStackingEnable
                0x000000000000627c       0x14 /home/kaviya/ti/TivaWare_C_Series-2.1.4.178/driverlib/gcc/libdriver.a(fpu.o)
                0x000000000000627c                FPUStackingEnable
 .text.FPULazyStackingEnable
                0x0000000000006290       0x10 /home/kaviya/ti/TivaWare_C_Series-2.1.4.178/driverlib/gcc/libdriver.a(fpu.o)
                0x0000000000006290                FPULazyStackingEnable
 .text.FPUStackingDisable
                0x00000000000062a0       0x10 /home/kaviya/ti/TivaWare_C_Series-2.1.4.178/driverlib/gcc/libdriver.a(fpu.o)
                0x00000000000062a0                FPUStackingDisable
 .text.FPUHalfPrecisionModeSet
                0x00000000000062b0       0x14 /home/kaviya/ti/TivaWare_C_Series-2.1.4.178/driverlib/gcc/libdriver.a(fpu.o)
                0x00000000000062b0                FPUHalfPrecisionModeSet
 .text.FPUNaNModeSet
                0x00000000000062c4       0x14 /home/kaviya/ti/TivaWare_C_Series-2.1.4.178/driverlib/gcc/libdriver.a(fpu.o)
                0x00000000000062c4                FPUNaNModeSet
 .text.FPUFlushToZeroModeSet
                0x00000000000062d8       0x14 /home/kaviya/ti/TivaWare_C_Series-2.1.4.178/driverlib/gcc/libdriver.a(fpu.o)
                0x00000000000062d8                FPUFlushToZeroModeSet
 .text.FPURoundingModeSet
                0x00000000000062ec       0x14 /home/kaviya/ti/TivaWare_C_Series-2.1.4.178/driverlib/gcc/libdriver.a(fpu.o)
                0x00000000000062ec                FPURoundingModeSet
 .text._GPIOIntNumberGet
                0x0000000000006300       0x48 /home/kaviya/ti/TivaWare_C_Series-2.1.4.178/driverlib/gcc/libdriver.a(gpio.o)
 .text.GPIODirModeSet
                0x0000000000006348       0x2e /home/kaviya/ti/TivaWare_C_Series-2.1.4.178/driverlib/gcc/libdriver.a(gpio.o)
                0x0000000000006348                GPIODirModeSet
 .text.GPIODirModeGet
                0x0000000000006376       0x24 /home/kaviya/ti/TivaWare_C_Series-2.1.4.178/driverlib/gcc/libdriver.a(gpio.o)
                0x0000000000006376                GPIODirModeGet
 .text.GPIOIntTypeSet
                0x000000000000639a       0x5a /home/kaviya/ti/TivaWare_C_Series-2.1.4.178/driverlib/gcc/libdriver.a(gpio.o)
                0x000000000000639a                GPIOIntTypeSet
 .text.GPIOIntTypeGet
                0x00000000000063f4       0x4a /home/kaviya/ti/TivaWare_C_Series-2.1.4.178/driverlib/gcc/libdriver.a(gpio.o)
                0x00000000000063f4                GPIOIntTypeGet
 .text.GPIOPadConfigSet
                0x000000000000643e      0x130 /home/kaviya/ti/TivaWare_C_Series-2.1.4.178/driverlib/gcc/libdriver.a(gpio.o)
                0x000000000000643e                GPIOPadConfigSet
 .text.GPIOPadConfigGet
                0x000000000000656e       0xc4 /home/kaviya/ti/TivaWare_C_Series-2.1.4.178/driverlib/gcc/libdriver.a(gpio.o)
                0x000000000000656e                GPIOPadConfigGet
 .text.GPIOIntEnable
                0x0000000000006632        0xc /home/kaviya/ti/TivaWare_C_Series-2.1.4.178/driverlib/gcc/libdriver.a(gpio.o)
                0x0000000000006632                GPIOIntEnable
 .text.GPIOIntDisable
                0x000000000000663e        0xe /home/kaviya/ti/TivaWare_C_Series-2.1.4.178/driverlib/gcc/libdriver.a(gpio.o)
                0x000000000000663e                GPIOIntDisable
 .text.GPIOIntStatus
                0x000000000000664c        0xe /home/kaviya/ti/TivaWare_C_Series-2.1.4.178/driverlib/gcc/libdriver.a(gpio.o)
                0x000000000000664c                GPIOIntStatus
 .text.GPIOIntClear
                0x000000000000665a        0x6 /home/kaviya/ti/TivaWare_C_Series-2.1.4.178/driverlib/gcc/libdriver.a(gpio.o)
                0x000000000000665a                GPIOIntClear
 .text.GPIOIntRegister
                0x0000000000006660       0x1a /home/kaviya/ti/TivaWare_C_Series-2.1.4.178/driverlib/gcc/libdriver.a(gpio.o)
                0x0000000000006660                GPIOIntRegister
 .text.GPIOIntUnregister
                0x000000000000667a       0x16 /home/kaviya/ti/TivaWare_C_Series-2.1.4.178/driverlib/gcc/libdriver.a(gpio.o)
                0x000000000000667a                GPIOIntUnregister
 .text.GPIOIntRegisterPin
                0x0000000000006690       0x1e /home/kaviya/ti/TivaWare_C_Series-2.1.4.178/driverlib/gcc/libdriver.a(gpio.o)
                0x0000000000006690                GPIOIntRegisterPin
 .text.GPIOIntUnregisterPin
                0x00000000000066ae       0x1a /home/kaviya/ti/TivaWare_C_Series-2.1.4.178/driverlib/gcc/libdriver.a(gpio.o)
                0x00000000000066ae                GPIOIntUnregisterPin
 .text.GPIOPinRead
                0x00000000000066c8        0x6 /home/kaviya/ti/TivaWare_C_Series-2.1.4.178/driverlib/gcc/libdriver.a(gpio.o)
                0x00000000000066c8                GPIOPinRead
 .text.GPIOPinWrite
                0x00000000000066ce        0x6 /home/kaviya/ti/TivaWare_C_Series-2.1.4.178/driverlib/gcc/libdriver.a(gpio.o)
                0x00000000000066ce                GPIOPinWrite
 .text.GPIOPinTypeADC
                0x00000000000066d4       0x1c /home/kaviya/ti/TivaWare_C_Series-2.1.4.178/driverlib/gcc/libdriver.a(gpio.o)
                0x00000000000066d4                GPIOPinTypeADC
 .text.GPIOPinTypeCAN
                0x00000000000066f0       0x1c /home/kaviya/ti/TivaWare_C_Series-2.1.4.178/driverlib/gcc/libdriver.a(gpio.o)
                0x00000000000066f0                GPIOPinTypeCAN
 .text.GPIOPinTypeComparator
                0x000000000000670c       0x1c /home/kaviya/ti/TivaWare_C_Series-2.1.4.178/driverlib/gcc/libdriver.a(gpio.o)
                0x000000000000670c                GPIOPinTypeComparator
 .text.GPIOPinTypeComparatorOutput
                0x0000000000006728       0x1c /home/kaviya/ti/TivaWare_C_Series-2.1.4.178/driverlib/gcc/libdriver.a(gpio.o)
                0x0000000000006728                GPIOPinTypeComparatorOutput
 .text.GPIOPinTypeDIVSCLK
                0x0000000000006744       0x1c /home/kaviya/ti/TivaWare_C_Series-2.1.4.178/driverlib/gcc/libdriver.a(gpio.o)
                0x0000000000006744                GPIOPinTypeDIVSCLK
 .text.GPIOPinTypeEPI
                0x0000000000006760       0x1c /home/kaviya/ti/TivaWare_C_Series-2.1.4.178/driverlib/gcc/libdriver.a(gpio.o)
                0x0000000000006760                GPIOPinTypeEPI
 .text.GPIOPinTypeEthernetLED
                0x000000000000677c       0x1c /home/kaviya/ti/TivaWare_C_Series-2.1.4.178/driverlib/gcc/libdriver.a(gpio.o)
                0x000000000000677c                GPIOPinTypeEthernetLED
 .text.GPIOPinTypeEthernetMII
                0x0000000000006798       0x1c /home/kaviya/ti/TivaWare_C_Series-2.1.4.178/driverlib/gcc/libdriver.a(gpio.o)
                0x0000000000006798                GPIOPinTypeEthernetMII
 .text.GPIOPinTypeGPIOInput
                0x00000000000067b4       0x1c /home/kaviya/ti/TivaWare_C_Series-2.1.4.178/driverlib/gcc/libdriver.a(gpio.o)
                0x00000000000067b4                GPIOPinTypeGPIOInput
 .text.GPIOPinTypeGPIOOutput
                0x00000000000067d0       0x1c /home/kaviya/ti/TivaWare_C_Series-2.1.4.178/driverlib/gcc/libdriver.a(gpio.o)
                0x00000000000067d0                GPIOPinTypeGPIOOutput
 .text.GPIOPinTypeGPIOOutputOD
                0x00000000000067ec       0x1c /home/kaviya/ti/TivaWare_C_Series-2.1.4.178/driverlib/gcc/libdriver.a(gpio.o)
                0x00000000000067ec                GPIOPinTypeGPIOOutputOD
 .text.GPIOPinTypeHibernateRTCCLK
                0x0000000000006808       0x1c /home/kaviya/ti/TivaWare_C_Series-2.1.4.178/driverlib/gcc/libdriver.a(gpio.o)
                0x0000000000006808                GPIOPinTypeHibernateRTCCLK
 .text.GPIOPinTypeI2C
                0x0000000000006824       0x1c /home/kaviya/ti/TivaWare_C_Series-2.1.4.178/driverlib/gcc/libdriver.a(gpio.o)
                0x0000000000006824                GPIOPinTypeI2C
 .text.GPIOPinTypeI2CSCL
                0x0000000000006840       0x1c /home/kaviya/ti/TivaWare_C_Series-2.1.4.178/driverlib/gcc/libdriver.a(gpio.o)
                0x0000000000006840                GPIOPinTypeI2CSCL
 .text.GPIOPinTypeLCD
                0x000000000000685c       0x1c /home/kaviya/ti/TivaWare_C_Series-2.1.4.178/driverlib/gcc/libdriver.a(gpio.o)
                0x000000000000685c                GPIOPinTypeLCD
 .text.GPIOPinTypeOneWire
                0x0000000000006878       0x1c /home/kaviya/ti/TivaWare_C_Series-2.1.4.178/driverlib/gcc/libdriver.a(gpio.o)
                0x0000000000006878                GPIOPinTypeOneWire
 .text.GPIOPinTypePWM
                0x0000000000006894       0x1c /home/kaviya/ti/TivaWare_C_Series-2.1.4.178/driverlib/gcc/libdriver.a(gpio.o)
                0x0000000000006894                GPIOPinTypePWM
 .text.GPIOPinTypeQEI
                0x00000000000068b0       0x1c /home/kaviya/ti/TivaWare_C_Series-2.1.4.178/driverlib/gcc/libdriver.a(gpio.o)
                0x00000000000068b0                GPIOPinTypeQEI
 .text.GPIOPinTypeSSI
                0x00000000000068cc       0x1c /home/kaviya/ti/TivaWare_C_Series-2.1.4.178/driverlib/gcc/libdriver.a(gpio.o)
                0x00000000000068cc                GPIOPinTypeSSI
 .text.GPIOPinTypeTimer
                0x00000000000068e8       0x1c /home/kaviya/ti/TivaWare_C_Series-2.1.4.178/driverlib/gcc/libdriver.a(gpio.o)
                0x00000000000068e8                GPIOPinTypeTimer
 .text.GPIOPinTypeTrace
                0x0000000000006904       0x1c /home/kaviya/ti/TivaWare_C_Series-2.1.4.178/driverlib/gcc/libdriver.a(gpio.o)
                0x0000000000006904                GPIOPinTypeTrace
 .text.GPIOPinTypeUART
                0x0000000000006920       0x1c /home/kaviya/ti/TivaWare_C_Series-2.1.4.178/driverlib/gcc/libdriver.a(gpio.o)
                0x0000000000006920                GPIOPinTypeUART
 .text.GPIOPinTypeUSBAnalog
                0x000000000000693c       0x1c /home/kaviya/ti/TivaWare_C_Series-2.1.4.178/driverlib/gcc/libdriver.a(gpio.o)
                0x000000000000693c                GPIOPinTypeUSBAnalog
 .text.GPIOPinTypeUSBDigital
                0x0000000000006958       0x1c /home/kaviya/ti/TivaWare_C_Series-2.1.4.178/driverlib/gcc/libdriver.a(gpio.o)
                0x0000000000006958                GPIOPinTypeUSBDigital
 .text.GPIOPinTypeWakeHigh
                0x0000000000006974       0x1e /home/kaviya/ti/TivaWare_C_Series-2.1.4.178/driverlib/gcc/libdriver.a(gpio.o)
                0x0000000000006974                GPIOPinTypeWakeHigh
 .text.GPIOPinTypeWakeLow
                0x0000000000006992       0x1e /home/kaviya/ti/TivaWare_C_Series-2.1.4.178/driverlib/gcc/libdriver.a(gpio.o)
                0x0000000000006992                GPIOPinTypeWakeLow
 .text.GPIOPinWakeStatus
                0x00000000000069b0        0x6 /home/kaviya/ti/TivaWare_C_Series-2.1.4.178/driverlib/gcc/libdriver.a(gpio.o)
                0x00000000000069b0                GPIOPinWakeStatus
 *fill*         0x00000000000069b6        0x2 
 .text.GPIOPinConfigure
                0x00000000000069b8       0x4c /home/kaviya/ti/TivaWare_C_Series-2.1.4.178/driverlib/gcc/libdriver.a(gpio.o)
                0x00000000000069b8                GPIOPinConfigure
 .text.GPIODMATriggerEnable
                0x0000000000006a04        0xc /home/kaviya/ti/TivaWare_C_Series-2.1.4.178/driverlib/gcc/libdriver.a(gpio.o)
                0x0000000000006a04                GPIODMATriggerEnable
 .text.GPIODMATriggerDisable
                0x0000000000006a10        0xe /home/kaviya/ti/TivaWare_C_Series-2.1.4.178/driverlib/gcc/libdriver.a(gpio.o)
                0x0000000000006a10                GPIODMATriggerDisable
 .text.GPIOADCTriggerEnable
                0x0000000000006a1e        0xc /home/kaviya/ti/TivaWare_C_Series-2.1.4.178/driverlib/gcc/libdriver.a(gpio.o)
                0x0000000000006a1e                GPIOADCTriggerEnable
 .text.GPIOADCTriggerDisable
                0x0000000000006a2a        0xe /home/kaviya/ti/TivaWare_C_Series-2.1.4.178/driverlib/gcc/libdriver.a(gpio.o)
                0x0000000000006a2a                GPIOADCTriggerDisable
 .text._IntDefaultHandler
                0x0000000000006a38        0x2 /home/kaviya/ti/TivaWare_C_Series-2.1.4.178/driverlib/gcc/libdriver.a(interrupt.o)
 .text.IntMasterEnable
                0x0000000000006a3a        0xe /home/kaviya/ti/TivaWare_C_Series-2.1.4.178/driverlib/gcc/libdriver.a(interrupt.o)
                0x0000000000006a3a                IntMasterEnable
 .text.IntMasterDisable
                0x0000000000006a48        0xe /home/kaviya/ti/TivaWare_C_Series-2.1.4.178/driverlib/gcc/libdriver.a(interrupt.o)
                0x0000000000006a48                IntMasterDisable
 *fill*         0x0000000000006a56        0x2 
 .text.IntRegister
                0x0000000000006a58       0x34 /home/kaviya/ti/TivaWare_C_Series-2.1.4.178/driverlib/gcc/libdriver.a(interrupt.o)
                0x0000000000006a58                IntRegister
 .text.IntUnregister
                0x0000000000006a8c       0x14 /home/kaviya/ti/TivaWare_C_Series-2.1.4.178/driverlib/gcc/libdriver.a(interrupt.o)
                0x0000000000006a8c                IntUnregister
 .text.IntPriorityGroupingSet
                0x0000000000006aa0       0x1c /home/kaviya/ti/TivaWare_C_Series-2.1.4.178/driverlib/gcc/libdriver.a(interrupt.o)
                0x0000000000006aa0                IntPriorityGroupingSet
 .text.IntPriorityGroupingGet
                0x0000000000006abc       0x24 /home/kaviya/ti/TivaWare_C_Series-2.1.4.178/driverlib/gcc/libdriver.a(interrupt.o)
                0x0000000000006abc                IntPriorityGroupingGet
 .text.IntPrioritySet
                0x0000000000006ae0       0x2c /home/kaviya/ti/TivaWare_C_Series-2.1.4.178/driverlib/gcc/libdriver.a(interrupt.o)
                0x0000000000006ae0                IntPrioritySet
 .text.IntPriorityGet
                0x0000000000006b0c       0x1c /home/kaviya/ti/TivaWare_C_Series-2.1.4.178/driverlib/gcc/libdriver.a(interrupt.o)
                0x0000000000006b0c                IntPriorityGet
 .text.IntEnable
                0x0000000000006b28       0x60 /home/kaviya/ti/TivaWare_C_Series-2.1.4.178/driverlib/gcc/libdriver.a(interrupt.o)
                0x0000000000006b28                IntEnable
 .text.IntDisable
                0x0000000000006b88       0x60 /home/kaviya/ti/TivaWare_C_Series-2.1.4.178/driverlib/gcc/libdriver.a(interrupt.o)
                0x0000000000006b88                IntDisable
 .text.IntIsEnabled
                0x0000000000006be8       0x64 /home/kaviya/ti/TivaWare_C_Series-2.1.4.178/driverlib/gcc/libdriver.a(interrupt.o)
                0x0000000000006be8                IntIsEnabled
 .text.IntPendSet
                0x0000000000006c4c       0x50 /home/kaviya/ti/TivaWare_C_Series-2.1.4.178/driverlib/gcc/libdriver.a(interrupt.o)
                0x0000000000006c4c                IntPendSet
 .text.IntPendClear
                0x0000000000006c9c       0x40 /home/kaviya/ti/TivaWare_C_Series-2.1.4.178/driverlib/gcc/libdriver.a(interrupt.o)
                0x0000000000006c9c                IntPendClear
 .text.IntPriorityMaskSet
                0x0000000000006cdc        0x4 /home/kaviya/ti/TivaWare_C_Series-2.1.4.178/driverlib/gcc/libdriver.a(interrupt.o)
                0x0000000000006cdc                IntPriorityMaskSet
 .text.IntPriorityMaskGet
                0x0000000000006ce0        0x4 /home/kaviya/ti/TivaWare_C_Series-2.1.4.178/driverlib/gcc/libdriver.a(interrupt.o)
                0x0000000000006ce0                IntPriorityMaskGet
 .text.IntTrigger
                0x0000000000006ce4        0xc /home/kaviya/ti/TivaWare_C_Series-2.1.4.178/driverlib/gcc/libdriver.a(interrupt.o)
                0x0000000000006ce4                IntTrigger
 .text._SSIIntNumberGet
                0x0000000000006cf0       0x44 /home/kaviya/ti/TivaWare_C_Series-2.1.4.178/driverlib/gcc/libdriver.a(ssi.o)
 .text.SSIConfigSetExpClk
                0x0000000000006d34       0x3c /home/kaviya/ti/TivaWare_C_Series-2.1.4.178/driverlib/gcc/libdriver.a(ssi.o)
                0x0000000000006d34                SSIConfigSetExpClk
 .text.SSIEnable
                0x0000000000006d70        0xa /home/kaviya/ti/TivaWare_C_Series-2.1.4.178/driverlib/gcc/libdriver.a(ssi.o)
                0x0000000000006d70                SSIEnable
 .text.SSIDisable
                0x0000000000006d7a        0xa /home/kaviya/ti/TivaWare_C_Series-2.1.4.178/driverlib/gcc/libdriver.a(ssi.o)
                0x0000000000006d7a                SSIDisable
 .text.SSIIntRegister
                0x0000000000006d84       0x1a /home/kaviya/ti/TivaWare_C_Series-2.1.4.178/driverlib/gcc/libdriver.a(ssi.o)
                0x0000000000006d84                SSIIntRegister
 .text.SSIIntUnregister
                0x0000000000006d9e       0x16 /home/kaviya/ti/TivaWare_C_Series-2.1.4.178/driverlib/gcc/libdriver.a(ssi.o)
                0x0000000000006d9e                SSIIntUnregister
 .text.SSIIntEnable
                0x0000000000006db4        0x8 /home/kaviya/ti/TivaWare_C_Series-2.1.4.178/driverlib/gcc/libdriver.a(ssi.o)
                0x0000000000006db4                SSIIntEnable
 .text.SSIIntDisable
                0x0000000000006dbc        0xa /home/kaviya/ti/TivaWare_C_Series-2.1.4.178/driverlib/gcc/libdriver.a(ssi.o)
                0x0000000000006dbc                SSIIntDisable
 .text.SSIIntStatus
                0x0000000000006dc6        0xa /home/kaviya/ti/TivaWare_C_Series-2.1.4.178/driverlib/gcc/libdriver.a(ssi.o)
                0x0000000000006dc6                SSIIntStatus
 .text.SSIIntClear
                0x0000000000006dd0        0x4 /home/kaviya/ti/TivaWare_C_Series-2.1.4.178/driverlib/gcc/libdriver.a(ssi.o)
                0x0000000000006dd0                SSIIntClear
 .text.SSIDataPut
                0x0000000000006dd4        0xa /home/kaviya/ti/TivaWare_C_Series-2.1.4.178/driverlib/gcc/libdriver.a(ssi.o)
                0x0000000000006dd4                SSIDataPut
 .text.SSIDataPutNonBlocking
                0x0000000000006dde       0x12 /home/kaviya/ti/TivaWare_C_Series-2.1.4.178/driverlib/gcc/libdriver.a(ssi.o)
                0x0000000000006dde                SSIDataPutNonBlocking
 .text.SSIDataGet
                0x0000000000006df0        0xc /home/kaviya/ti/TivaWare_C_Series-2.1.4.178/driverlib/gcc/libdriver.a(ssi.o)
                0x0000000000006df0                SSIDataGet
 .text.SSIDataGetNonBlocking
                0x0000000000006dfc       0x14 /home/kaviya/ti/TivaWare_C_Series-2.1.4.178/driverlib/gcc/libdriver.a(ssi.o)
                0x0000000000006dfc                SSIDataGetNonBlocking
 .text.SSIDMAEnable
                0x0000000000006e10        0x8 /home/kaviya/ti/TivaWare_C_Series-2.1.4.178/driverlib/gcc/libdriver.a(ssi.o)
                0x0000000000006e10                SSIDMAEnable
 .text.SSIDMADisable
                0x0000000000006e18        0xa /home/kaviya/ti/TivaWare_C_Series-2.1.4.178/driverlib/gcc/libdriver.a(ssi.o)
                0x0000000000006e18                SSIDMADisable
 .text.SSIBusy  0x0000000000006e22        0x8 /home/kaviya/ti/TivaWare_C_Series-2.1.4.178/driverlib/gcc/libdriver.a(ssi.o)
                0x0000000000006e22                SSIBusy
 .text.SSIClockSourceSet
                0x0000000000006e2a        0x6 /home/kaviya/ti/TivaWare_C_Series-2.1.4.178/driverlib/gcc/libdriver.a(ssi.o)
                0x0000000000006e2a                SSIClockSourceSet
 .text.SSIClockSourceGet
                0x0000000000006e30        0x6 /home/kaviya/ti/TivaWare_C_Series-2.1.4.178/driverlib/gcc/libdriver.a(ssi.o)
                0x0000000000006e30                SSIClockSourceGet
 .text.SSIAdvModeSet
                0x0000000000006e36        0xc /home/kaviya/ti/TivaWare_C_Series-2.1.4.178/driverlib/gcc/libdriver.a(ssi.o)
                0x0000000000006e36                SSIAdvModeSet
 .text.SSIAdvDataPutFrameEnd
                0x0000000000006e42       0x12 /home/kaviya/ti/TivaWare_C_Series-2.1.4.178/driverlib/gcc/libdriver.a(ssi.o)
                0x0000000000006e42                SSIAdvDataPutFrameEnd
 .text.SSIAdvDataPutFrameEndNonBlocking
                0x0000000000006e54       0x1a /home/kaviya/ti/TivaWare_C_Series-2.1.4.178/driverlib/gcc/libdriver.a(ssi.o)
                0x0000000000006e54                SSIAdvDataPutFrameEndNonBlocking
 .text.SSIAdvFrameHoldEnable
                0x0000000000006e6e        0xa /home/kaviya/ti/TivaWare_C_Series-2.1.4.178/driverlib/gcc/libdriver.a(ssi.o)
                0x0000000000006e6e                SSIAdvFrameHoldEnable
 .text.SSIAdvFrameHoldDisable
                0x0000000000006e78        0xa /home/kaviya/ti/TivaWare_C_Series-2.1.4.178/driverlib/gcc/libdriver.a(ssi.o)
                0x0000000000006e78                SSIAdvFrameHoldDisable
 *fill*         0x0000000000006e82        0x2 
 .text._SysCtlMemTimingGet
                0x0000000000006e84       0x24 /home/kaviya/ti/TivaWare_C_Series-2.1.4.178/driverlib/gcc/libdriver.a(sysctl.o)
 .text.SysCtlSRAMSizeGet
                0x0000000000006ea8       0x10 /home/kaviya/ti/TivaWare_C_Series-2.1.4.178/driverlib/gcc/libdriver.a(sysctl.o)
                0x0000000000006ea8                SysCtlSRAMSizeGet
 .text.SysCtlFlashSizeGet
                0x0000000000006eb8       0x3c /home/kaviya/ti/TivaWare_C_Series-2.1.4.178/driverlib/gcc/libdriver.a(sysctl.o)
                0x0000000000006eb8                SysCtlFlashSizeGet
 .text.SysCtlFlashSectorSizeGet
                0x0000000000006ef4       0x38 /home/kaviya/ti/TivaWare_C_Series-2.1.4.178/driverlib/gcc/libdriver.a(sysctl.o)
                0x0000000000006ef4                SysCtlFlashSectorSizeGet
 .text.SysCtlPeripheralPresent
                0x0000000000006f2c       0x26 /home/kaviya/ti/TivaWare_C_Series-2.1.4.178/driverlib/gcc/libdriver.a(sysctl.o)
                0x0000000000006f2c                SysCtlPeripheralPresent
 .text.SysCtlPeripheralReady
                0x0000000000006f52       0x26 /home/kaviya/ti/TivaWare_C_Series-2.1.4.178/driverlib/gcc/libdriver.a(sysctl.o)
                0x0000000000006f52                SysCtlPeripheralReady
 .text.SysCtlPeripheralPowerOn
                0x0000000000006f78       0x22 /home/kaviya/ti/TivaWare_C_Series-2.1.4.178/driverlib/gcc/libdriver.a(sysctl.o)
                0x0000000000006f78                SysCtlPeripheralPowerOn
 .text.SysCtlPeripheralPowerOff
                0x0000000000006f9a       0x22 /home/kaviya/ti/TivaWare_C_Series-2.1.4.178/driverlib/gcc/libdriver.a(sysctl.o)
                0x0000000000006f9a                SysCtlPeripheralPowerOff
 .text.SysCtlPeripheralReset
                0x0000000000006fbc       0x3a /home/kaviya/ti/TivaWare_C_Series-2.1.4.178/driverlib/gcc/libdriver.a(sysctl.o)
                0x0000000000006fbc                SysCtlPeripheralReset
 .text.SysCtlPeripheralEnable
                0x0000000000006ff6       0x22 /home/kaviya/ti/TivaWare_C_Series-2.1.4.178/driverlib/gcc/libdriver.a(sysctl.o)
                0x0000000000006ff6                SysCtlPeripheralEnable
 .text.SysCtlPeripheralDisable
                0x0000000000007018       0x22 /home/kaviya/ti/TivaWare_C_Series-2.1.4.178/driverlib/gcc/libdriver.a(sysctl.o)
                0x0000000000007018                SysCtlPeripheralDisable
 .text.SysCtlPeripheralSleepEnable
                0x000000000000703a       0x22 /home/kaviya/ti/TivaWare_C_Series-2.1.4.178/driverlib/gcc/libdriver.a(sysctl.o)
                0x000000000000703a                SysCtlPeripheralSleepEnable
 .text.SysCtlPeripheralSleepDisable
                0x000000000000705c       0x22 /home/kaviya/ti/TivaWare_C_Series-2.1.4.178/driverlib/gcc/libdriver.a(sysctl.o)
                0x000000000000705c                SysCtlPeripheralSleepDisable
 .text.SysCtlPeripheralDeepSleepEnable
                0x000000000000707e       0x22 /home/kaviya/ti/TivaWare_C_Series-2.1.4.178/driverlib/gcc/libdriver.a(sysctl.o)
                0x000000000000707e                SysCtlPeripheralDeepSleepEnable
 .text.SysCtlPeripheralDeepSleepDisable
                0x00000000000070a0       0x22 /home/kaviya/ti/TivaWare_C_Series-2.1.4.178/driverlib/gcc/libdriver.a(sysctl.o)
                0x00000000000070a0                SysCtlPeripheralDeepSleepDisable
 *fill*         0x00000000000070c2        0x2 
 .text.SysCtlPeripheralClockGating
                0x00000000000070c4       0x48 /home/kaviya/ti/TivaWare_C_Series-2.1.4.178/driverlib/gcc/libdriver.a(sysctl.o)
                0x00000000000070c4                SysCtlPeripheralClockGating
 .text.SysCtlIntRegister
                0x000000000000710c       0x14 /home/kaviya/ti/TivaWare_C_Series-2.1.4.178/driverlib/gcc/libdriver.a(sysctl.o)
                0x000000000000710c                SysCtlIntRegister
 .text.SysCtlIntUnregister
                0x0000000000007120       0x12 /home/kaviya/ti/TivaWare_C_Series-2.1.4.178/driverlib/gcc/libdriver.a(sysctl.o)
                0x0000000000007120                SysCtlIntUnregister
 *fill*         0x0000000000007132        0x2 
 .text.SysCtlIntEnable
                0x0000000000007134       0x10 /home/kaviya/ti/TivaWare_C_Series-2.1.4.178/driverlib/gcc/libdriver.a(sysctl.o)
                0x0000000000007134                SysCtlIntEnable
 .text.SysCtlIntDisable
                0x0000000000007144       0x10 /home/kaviya/ti/TivaWare_C_Series-2.1.4.178/driverlib/gcc/libdriver.a(sysctl.o)
                0x0000000000007144                SysCtlIntDisable
 .text.SysCtlIntClear
                0x0000000000007154        0xc /home/kaviya/ti/TivaWare_C_Series-2.1.4.178/driverlib/gcc/libdriver.a(sysctl.o)
                0x0000000000007154                SysCtlIntClear
 .text.SysCtlIntStatus
                0x0000000000007160       0x14 /home/kaviya/ti/TivaWare_C_Series-2.1.4.178/driverlib/gcc/libdriver.a(sysctl.o)
                0x0000000000007160                SysCtlIntStatus
 .text.SysCtlLDOSleepSet
                0x0000000000007174        0xc /home/kaviya/ti/TivaWare_C_Series-2.1.4.178/driverlib/gcc/libdriver.a(sysctl.o)
                0x0000000000007174                SysCtlLDOSleepSet
 .text.SysCtlLDOSleepGet
                0x0000000000007180        0xc /home/kaviya/ti/TivaWare_C_Series-2.1.4.178/driverlib/gcc/libdriver.a(sysctl.o)
                0x0000000000007180                SysCtlLDOSleepGet
 .text.SysCtlLDODeepSleepSet
                0x000000000000718c        0xc /home/kaviya/ti/TivaWare_C_Series-2.1.4.178/driverlib/gcc/libdriver.a(sysctl.o)
                0x000000000000718c                SysCtlLDODeepSleepSet
 .text.SysCtlLDODeepSleepGet
                0x0000000000007198        0xc /home/kaviya/ti/TivaWare_C_Series-2.1.4.178/driverlib/gcc/libdriver.a(sysctl.o)
                0x0000000000007198                SysCtlLDODeepSleepGet
 .text.SysCtlSleepPowerSet
                0x00000000000071a4        0xc /home/kaviya/ti/TivaWare_C_Series-2.1.4.178/driverlib/gcc/libdriver.a(sysctl.o)
                0x00000000000071a4                SysCtlSleepPowerSet
 .text.SysCtlDeepSleepPowerSet
                0x00000000000071b0        0xc /home/kaviya/ti/TivaWare_C_Series-2.1.4.178/driverlib/gcc/libdriver.a(sysctl.o)
                0x00000000000071b0                SysCtlDeepSleepPowerSet
 .text.SysCtlReset
                0x00000000000071bc       0x10 /home/kaviya/ti/TivaWare_C_Series-2.1.4.178/driverlib/gcc/libdriver.a(sysctl.o)
                0x00000000000071bc                SysCtlReset
 .text.SysCtlSleep
                0x00000000000071cc        0x4 /home/kaviya/ti/TivaWare_C_Series-2.1.4.178/driverlib/gcc/libdriver.a(sysctl.o)
                0x00000000000071cc                SysCtlSleep
 .text.SysCtlDeepSleep
                0x00000000000071d0       0x20 /home/kaviya/ti/TivaWare_C_Series-2.1.4.178/driverlib/gcc/libdriver.a(sysctl.o)
                0x00000000000071d0                SysCtlDeepSleep
 .text.SysCtlResetCauseGet
                0x00000000000071f0        0xc /home/kaviya/ti/TivaWare_C_Series-2.1.4.178/driverlib/gcc/libdriver.a(sysctl.o)
                0x00000000000071f0                SysCtlResetCauseGet
 .text.SysCtlResetCauseClear
                0x00000000000071fc       0x10 /home/kaviya/ti/TivaWare_C_Series-2.1.4.178/driverlib/gcc/libdriver.a(sysctl.o)
                0x00000000000071fc                SysCtlResetCauseClear
 .text.SysCtlDelay
                0x000000000000720c        0x8 /home/kaviya/ti/TivaWare_C_Series-2.1.4.178/driverlib/gcc/libdriver.a(sysctl.o)
                0x000000000000720c                SysCtlDelay
 .text.SysCtlMOSCConfigSet
                0x0000000000007214        0xc /home/kaviya/ti/TivaWare_C_Series-2.1.4.178/driverlib/gcc/libdriver.a(sysctl.o)
                0x0000000000007214                SysCtlMOSCConfigSet
 .text.SysCtlPIOSCCalibrate
                0x0000000000007220       0x48 /home/kaviya/ti/TivaWare_C_Series-2.1.4.178/driverlib/gcc/libdriver.a(sysctl.o)
                0x0000000000007220                SysCtlPIOSCCalibrate
 .text.SysCtlResetBehaviorSet
                0x0000000000007268        0xc /home/kaviya/ti/TivaWare_C_Series-2.1.4.178/driverlib/gcc/libdriver.a(sysctl.o)
                0x0000000000007268                SysCtlResetBehaviorSet
 .text.SysCtlResetBehaviorGet
                0x0000000000007274        0xc /home/kaviya/ti/TivaWare_C_Series-2.1.4.178/driverlib/gcc/libdriver.a(sysctl.o)
                0x0000000000007274                SysCtlResetBehaviorGet
 .text.SysCtlClockFreqSet
                0x0000000000007280      0x248 /home/kaviya/ti/TivaWare_C_Series-2.1.4.178/driverlib/gcc/libdriver.a(sysctl.o)
                0x0000000000007280                SysCtlClockFreqSet
 .text.SysCtlClockSet
                0x00000000000074c8      0x11c /home/kaviya/ti/TivaWare_C_Series-2.1.4.178/driverlib/gcc/libdriver.a(sysctl.o)
                0x00000000000074c8                SysCtlClockSet
 .text.SysCtlClockGet
                0x00000000000075e4      0x12c /home/kaviya/ti/TivaWare_C_Series-2.1.4.178/driverlib/gcc/libdriver.a(sysctl.o)
                0x00000000000075e4                SysCtlClockGet
 .text.SysCtlDeepSleepClockSet
                0x0000000000007710        0xc /home/kaviya/ti/TivaWare_C_Series-2.1.4.178/driverlib/gcc/libdriver.a(sysctl.o)
                0x0000000000007710                SysCtlDeepSleepClockSet
 .text.SysCtlDeepSleepClockConfigSet
                0x000000000000771c       0x60 /home/kaviya/ti/TivaWare_C_Series-2.1.4.178/driverlib/gcc/libdriver.a(sysctl.o)
                0x000000000000771c                SysCtlDeepSleepClockConfigSet
 .text.SysCtlPWMClockSet
                0x000000000000777c       0x14 /home/kaviya/ti/TivaWare_C_Series-2.1.4.178/driverlib/gcc/libdriver.a(sysctl.o)
                0x000000000000777c                SysCtlPWMClockSet
 .text.SysCtlPWMClockGet
                0x0000000000007790       0x18 /home/kaviya/ti/TivaWare_C_Series-2.1.4.178/driverlib/gcc/libdriver.a(sysctl.o)
                0x0000000000007790                SysCtlPWMClockGet
 .text.SysCtlGPIOAHBEnable
                0x00000000000077a8       0x18 /home/kaviya/ti/TivaWare_C_Series-2.1.4.178/driverlib/gcc/libdriver.a(sysctl.o)
                0x00000000000077a8                SysCtlGPIOAHBEnable
 .text.SysCtlGPIOAHBDisable
                0x00000000000077c0       0x1c /home/kaviya/ti/TivaWare_C_Series-2.1.4.178/driverlib/gcc/libdriver.a(sysctl.o)
                0x00000000000077c0                SysCtlGPIOAHBDisable
 .text.SysCtlUSBPLLEnable
                0x00000000000077dc       0x10 /home/kaviya/ti/TivaWare_C_Series-2.1.4.178/driverlib/gcc/libdriver.a(sysctl.o)
                0x00000000000077dc                SysCtlUSBPLLEnable
 .text.SysCtlUSBPLLDisable
                0x00000000000077ec       0x10 /home/kaviya/ti/TivaWare_C_Series-2.1.4.178/driverlib/gcc/libdriver.a(sysctl.o)
                0x00000000000077ec                SysCtlUSBPLLDisable
 .text.SysCtlVoltageEventConfig
                0x00000000000077fc        0xc /home/kaviya/ti/TivaWare_C_Series-2.1.4.178/driverlib/gcc/libdriver.a(sysctl.o)
                0x00000000000077fc                SysCtlVoltageEventConfig
 .text.SysCtlVoltageEventStatus
                0x0000000000007808        0xc /home/kaviya/ti/TivaWare_C_Series-2.1.4.178/driverlib/gcc/libdriver.a(sysctl.o)
                0x0000000000007808                SysCtlVoltageEventStatus
 .text.SysCtlVoltageEventClear
                0x0000000000007814       0x10 /home/kaviya/ti/TivaWare_C_Series-2.1.4.178/driverlib/gcc/libdriver.a(sysctl.o)
                0x0000000000007814                SysCtlVoltageEventClear
 .text.SysCtlVCOGet
                0x0000000000007824       0x78 /home/kaviya/ti/TivaWare_C_Series-2.1.4.178/driverlib/gcc/libdriver.a(sysctl.o)
                0x0000000000007824                SysCtlVCOGet
 .text.SysCtlNMIStatus
                0x000000000000789c        0xc /home/kaviya/ti/TivaWare_C_Series-2.1.4.178/driverlib/gcc/libdriver.a(sysctl.o)
                0x000000000000789c                SysCtlNMIStatus
 .text.SysCtlNMIClear
                0x00000000000078a8       0x10 /home/kaviya/ti/TivaWare_C_Series-2.1.4.178/driverlib/gcc/libdriver.a(sysctl.o)
                0x00000000000078a8                SysCtlNMIClear
 .text.SysCtlClockOutConfig
                0x00000000000078b8       0x10 /home/kaviya/ti/TivaWare_C_Series-2.1.4.178/driverlib/gcc/libdriver.a(sysctl.o)
                0x00000000000078b8                SysCtlClockOutConfig
 .text.SysCtlAltClkConfig
                0x00000000000078c8        0xc /home/kaviya/ti/TivaWare_C_Series-2.1.4.178/driverlib/gcc/libdriver.a(sysctl.o)
                0x00000000000078c8                SysCtlAltClkConfig
 .text._TimerIntNumberGet
                0x00000000000078d4       0x50 /home/kaviya/ti/TivaWare_C_Series-2.1.4.178/driverlib/gcc/libdriver.a(timer.o)
 .text.TimerEnable
                0x0000000000007924       0x10 /home/kaviya/ti/TivaWare_C_Series-2.1.4.178/driverlib/gcc/libdriver.a(timer.o)
                0x0000000000007924                TimerEnable
 .text.TimerDisable
                0x0000000000007934       0x10 /home/kaviya/ti/TivaWare_C_Series-2.1.4.178/driverlib/gcc/libdriver.a(timer.o)
                0x0000000000007934                TimerDisable
 .text.TimerConfigure
                0x0000000000007944       0x58 /home/kaviya/ti/TivaWare_C_Series-2.1.4.178/driverlib/gcc/libdriver.a(timer.o)
                0x0000000000007944                TimerConfigure
 .text.TimerControlLevel
                0x000000000000799c       0x1e /home/kaviya/ti/TivaWare_C_Series-2.1.4.178/driverlib/gcc/libdriver.a(timer.o)
                0x000000000000799c                TimerControlLevel
 *fill*         0x00000000000079ba        0x2 
 .text.TimerControlTrigger
                0x00000000000079bc       0x54 /home/kaviya/ti/TivaWare_C_Series-2.1.4.178/driverlib/gcc/libdriver.a(timer.o)
                0x00000000000079bc                TimerControlTrigger
 .text.TimerControlEvent
                0x0000000000007a10       0x14 /home/kaviya/ti/TivaWare_C_Series-2.1.4.178/driverlib/gcc/libdriver.a(timer.o)
                0x0000000000007a10                TimerControlEvent
 .text.TimerControlStall
                0x0000000000007a24       0x1e /home/kaviya/ti/TivaWare_C_Series-2.1.4.178/driverlib/gcc/libdriver.a(timer.o)
                0x0000000000007a24                TimerControlStall
 .text.TimerControlWaitOnTrigger
                0x0000000000007a42       0x2e /home/kaviya/ti/TivaWare_C_Series-2.1.4.178/driverlib/gcc/libdriver.a(timer.o)
                0x0000000000007a42                TimerControlWaitOnTrigger
 .text.TimerRTCEnable
                0x0000000000007a70        0xa /home/kaviya/ti/TivaWare_C_Series-2.1.4.178/driverlib/gcc/libdriver.a(timer.o)
                0x0000000000007a70                TimerRTCEnable
 .text.TimerRTCDisable
                0x0000000000007a7a        0xa /home/kaviya/ti/TivaWare_C_Series-2.1.4.178/driverlib/gcc/libdriver.a(timer.o)
                0x0000000000007a7a                TimerRTCDisable
 .text.TimerClockSourceSet
                0x0000000000007a84        0x6 /home/kaviya/ti/TivaWare_C_Series-2.1.4.178/driverlib/gcc/libdriver.a(timer.o)
                0x0000000000007a84                TimerClockSourceSet
 .text.TimerClockSourceGet
                0x0000000000007a8a        0x6 /home/kaviya/ti/TivaWare_C_Series-2.1.4.178/driverlib/gcc/libdriver.a(timer.o)
                0x0000000000007a8a                TimerClockSourceGet
 .text.TimerPrescaleSet
                0x0000000000007a90       0x12 /home/kaviya/ti/TivaWare_C_Series-2.1.4.178/driverlib/gcc/libdriver.a(timer.o)
                0x0000000000007a90                TimerPrescaleSet
 .text.TimerPrescaleGet
                0x0000000000007aa2        0xa /home/kaviya/ti/TivaWare_C_Series-2.1.4.178/driverlib/gcc/libdriver.a(timer.o)
                0x0000000000007aa2                TimerPrescaleGet
 .text.TimerPrescaleMatchSet
                0x0000000000007aac       0x12 /home/kaviya/ti/TivaWare_C_Series-2.1.4.178/driverlib/gcc/libdriver.a(timer.o)
                0x0000000000007aac                TimerPrescaleMatchSet
 .text.TimerPrescaleMatchGet
                0x0000000000007abe        0xa /home/kaviya/ti/TivaWare_C_Series-2.1.4.178/driverlib/gcc/libdriver.a(timer.o)
                0x0000000000007abe                TimerPrescaleMatchGet
 .text.TimerLoadSet
                0x0000000000007ac8       0x12 /home/kaviya/ti/TivaWare_C_Series-2.1.4.178/driverlib/gcc/libdriver.a(timer.o)
                0x0000000000007ac8                TimerLoadSet
 .text.TimerLoadGet
                0x0000000000007ada        0xa /home/kaviya/ti/TivaWare_C_Series-2.1.4.178/driverlib/gcc/libdriver.a(timer.o)
                0x0000000000007ada                TimerLoadGet
 .text.TimerLoadSet64
                0x0000000000007ae4        0x6 /home/kaviya/ti/TivaWare_C_Series-2.1.4.178/driverlib/gcc/libdriver.a(timer.o)
                0x0000000000007ae4                TimerLoadSet64
 .text.TimerLoadGet64
                0x0000000000007aea       0x18 /home/kaviya/ti/TivaWare_C_Series-2.1.4.178/driverlib/gcc/libdriver.a(timer.o)
                0x0000000000007aea                TimerLoadGet64
 .text.TimerValueGet
                0x0000000000007b02        0xa /home/kaviya/ti/TivaWare_C_Series-2.1.4.178/driverlib/gcc/libdriver.a(timer.o)
                0x0000000000007b02                TimerValueGet
 .text.TimerValueGet64
                0x0000000000007b0c       0x18 /home/kaviya/ti/TivaWare_C_Series-2.1.4.178/driverlib/gcc/libdriver.a(timer.o)
                0x0000000000007b0c                TimerValueGet64
 .text.TimerMatchSet
                0x0000000000007b24       0x12 /home/kaviya/ti/TivaWare_C_Series-2.1.4.178/driverlib/gcc/libdriver.a(timer.o)
                0x0000000000007b24                TimerMatchSet
 .text.TimerMatchGet
                0x0000000000007b36        0xa /home/kaviya/ti/TivaWare_C_Series-2.1.4.178/driverlib/gcc/libdriver.a(timer.o)
                0x0000000000007b36                TimerMatchGet
 .text.TimerMatchSet64
                0x0000000000007b40        0x6 /home/kaviya/ti/TivaWare_C_Series-2.1.4.178/driverlib/gcc/libdriver.a(timer.o)
                0x0000000000007b40                TimerMatchSet64
 .text.TimerMatchGet64
                0x0000000000007b46       0x18 /home/kaviya/ti/TivaWare_C_Series-2.1.4.178/driverlib/gcc/libdriver.a(timer.o)
                0x0000000000007b46                TimerMatchGet64
 .text.TimerIntRegister
                0x0000000000007b5e       0x1a /home/kaviya/ti/TivaWare_C_Series-2.1.4.178/driverlib/gcc/libdriver.a(timer.o)
                0x0000000000007b5e                TimerIntRegister
 .text.TimerIntUnregister
                0x0000000000007b78       0x16 /home/kaviya/ti/TivaWare_C_Series-2.1.4.178/driverlib/gcc/libdriver.a(timer.o)
                0x0000000000007b78                TimerIntUnregister
 .text.TimerIntEnable
                0x0000000000007b8e        0x8 /home/kaviya/ti/TivaWare_C_Series-2.1.4.178/driverlib/gcc/libdriver.a(timer.o)
                0x0000000000007b8e                TimerIntEnable
 .text.TimerIntDisable
                0x0000000000007b96        0xa /home/kaviya/ti/TivaWare_C_Series-2.1.4.178/driverlib/gcc/libdriver.a(timer.o)
                0x0000000000007b96                TimerIntDisable
 .text.TimerIntStatus
                0x0000000000007ba0        0xa /home/kaviya/ti/TivaWare_C_Series-2.1.4.178/driverlib/gcc/libdriver.a(timer.o)
                0x0000000000007ba0                TimerIntStatus
 .text.TimerIntClear
                0x0000000000007baa        0x4 /home/kaviya/ti/TivaWare_C_Series-2.1.4.178/driverlib/gcc/libdriver.a(timer.o)
                0x0000000000007baa                TimerIntClear
 .text.TimerSynchronize
                0x0000000000007bae        0x4 /home/kaviya/ti/TivaWare_C_Series-2.1.4.178/driverlib/gcc/libdriver.a(timer.o)
                0x0000000000007bae                TimerSynchronize
 .text.TimerADCEventSet
                0x0000000000007bb2        0x4 /home/kaviya/ti/TivaWare_C_Series-2.1.4.178/driverlib/gcc/libdriver.a(timer.o)
                0x0000000000007bb2                TimerADCEventSet
 .text.TimerADCEventGet
                0x0000000000007bb6        0x4 /home/kaviya/ti/TivaWare_C_Series-2.1.4.178/driverlib/gcc/libdriver.a(timer.o)
                0x0000000000007bb6                TimerADCEventGet
 .text.TimerDMAEventSet
                0x0000000000007bba        0x4 /home/kaviya/ti/TivaWare_C_Series-2.1.4.178/driverlib/gcc/libdriver.a(timer.o)
                0x0000000000007bba                TimerDMAEventSet
 .text.TimerDMAEventGet
                0x0000000000007bbe        0x4 /home/kaviya/ti/TivaWare_C_Series-2.1.4.178/driverlib/gcc/libdriver.a(timer.o)
                0x0000000000007bbe                TimerDMAEventGet
 .text.TimerUpdateMode
                0x0000000000007bc2       0x26 /home/kaviya/ti/TivaWare_C_Series-2.1.4.178/driverlib/gcc/libdriver.a(timer.o)
                0x0000000000007bc2                TimerUpdateMode
 .text._UARTIntNumberGet
                0x0000000000007be8       0x44 /home/kaviya/ti/TivaWare_C_Series-2.1.4.178/driverlib/gcc/libdriver.a(uart.o)
 .text.UARTParityModeSet
                0x0000000000007c2c        0xc /home/kaviya/ti/TivaWare_C_Series-2.1.4.178/driverlib/gcc/libdriver.a(uart.o)
                0x0000000000007c2c                UARTParityModeSet
 .text.UARTParityModeGet
                0x0000000000007c38        0x8 /home/kaviya/ti/TivaWare_C_Series-2.1.4.178/driverlib/gcc/libdriver.a(uart.o)
                0x0000000000007c38                UARTParityModeGet
 .text.UARTFIFOLevelSet
                0x0000000000007c40        0x6 /home/kaviya/ti/TivaWare_C_Series-2.1.4.178/driverlib/gcc/libdriver.a(uart.o)
                0x0000000000007c40                UARTFIFOLevelSet
 .text.UARTFIFOLevelGet
                0x0000000000007c46       0x10 /home/kaviya/ti/TivaWare_C_Series-2.1.4.178/driverlib/gcc/libdriver.a(uart.o)
                0x0000000000007c46                UARTFIFOLevelGet
 .text.UARTConfigGetExpClk
                0x0000000000007c56       0x28 /home/kaviya/ti/TivaWare_C_Series-2.1.4.178/driverlib/gcc/libdriver.a(uart.o)
                0x0000000000007c56                UARTConfigGetExpClk
 .text.UARTEnable
                0x0000000000007c7e       0x16 /home/kaviya/ti/TivaWare_C_Series-2.1.4.178/driverlib/gcc/libdriver.a(uart.o)
                0x0000000000007c7e                UARTEnable
 .text.UARTDisable
                0x0000000000007c94       0x1c /home/kaviya/ti/TivaWare_C_Series-2.1.4.178/driverlib/gcc/libdriver.a(uart.o)
                0x0000000000007c94                UARTDisable
 .text.UARTConfigSetExpClk
                0x0000000000007cb0       0x48 /home/kaviya/ti/TivaWare_C_Series-2.1.4.178/driverlib/gcc/libdriver.a(uart.o)
                0x0000000000007cb0                UARTConfigSetExpClk
 .text.UARTFIFOEnable
                0x0000000000007cf8        0xa /home/kaviya/ti/TivaWare_C_Series-2.1.4.178/driverlib/gcc/libdriver.a(uart.o)
                0x0000000000007cf8                UARTFIFOEnable
 .text.UARTFIFODisable
                0x0000000000007d02        0xa /home/kaviya/ti/TivaWare_C_Series-2.1.4.178/driverlib/gcc/libdriver.a(uart.o)
                0x0000000000007d02                UARTFIFODisable
 .text.UARTEnableSIR
                0x0000000000007d0c       0x12 /home/kaviya/ti/TivaWare_C_Series-2.1.4.178/driverlib/gcc/libdriver.a(uart.o)
                0x0000000000007d0c                UARTEnableSIR
 .text.UARTDisableSIR
                0x0000000000007d1e        0xa /home/kaviya/ti/TivaWare_C_Series-2.1.4.178/driverlib/gcc/libdriver.a(uart.o)
                0x0000000000007d1e                UARTDisableSIR
 .text.UARTSmartCardEnable
                0x0000000000007d28       0x16 /home/kaviya/ti/TivaWare_C_Series-2.1.4.178/driverlib/gcc/libdriver.a(uart.o)
                0x0000000000007d28                UARTSmartCardEnable
 .text.UARTSmartCardDisable
                0x0000000000007d3e        0xa /home/kaviya/ti/TivaWare_C_Series-2.1.4.178/driverlib/gcc/libdriver.a(uart.o)
                0x0000000000007d3e                UARTSmartCardDisable
 .text.UARTModemControlSet
                0x0000000000007d48        0xc /home/kaviya/ti/TivaWare_C_Series-2.1.4.178/driverlib/gcc/libdriver.a(uart.o)
                0x0000000000007d48                UARTModemControlSet
 .text.UARTModemControlClear
                0x0000000000007d54        0xe /home/kaviya/ti/TivaWare_C_Series-2.1.4.178/driverlib/gcc/libdriver.a(uart.o)
                0x0000000000007d54                UARTModemControlClear
 .text.UARTModemControlGet
                0x0000000000007d62        0x8 /home/kaviya/ti/TivaWare_C_Series-2.1.4.178/driverlib/gcc/libdriver.a(uart.o)
                0x0000000000007d62                UARTModemControlGet
 .text.UARTModemStatusGet
                0x0000000000007d6a        0xa /home/kaviya/ti/TivaWare_C_Series-2.1.4.178/driverlib/gcc/libdriver.a(uart.o)
                0x0000000000007d6a                UARTModemStatusGet
 .text.UARTFlowControlSet
                0x0000000000007d74        0xc /home/kaviya/ti/TivaWare_C_Series-2.1.4.178/driverlib/gcc/libdriver.a(uart.o)
                0x0000000000007d74                UARTFlowControlSet
 .text.UARTFlowControlGet
                0x0000000000007d80        0x8 /home/kaviya/ti/TivaWare_C_Series-2.1.4.178/driverlib/gcc/libdriver.a(uart.o)
                0x0000000000007d80                UARTFlowControlGet
 .text.UARTTxIntModeSet
                0x0000000000007d88        0xc /home/kaviya/ti/TivaWare_C_Series-2.1.4.178/driverlib/gcc/libdriver.a(uart.o)
                0x0000000000007d88                UARTTxIntModeSet
 .text.UARTTxIntModeGet
                0x0000000000007d94        0x8 /home/kaviya/ti/TivaWare_C_Series-2.1.4.178/driverlib/gcc/libdriver.a(uart.o)
                0x0000000000007d94                UARTTxIntModeGet
 .text.UARTCharsAvail
                0x0000000000007d9c        0xc /home/kaviya/ti/TivaWare_C_Series-2.1.4.178/driverlib/gcc/libdriver.a(uart.o)
                0x0000000000007d9c                UARTCharsAvail
 .text.UARTSpaceAvail
                0x0000000000007da8        0xc /home/kaviya/ti/TivaWare_C_Series-2.1.4.178/driverlib/gcc/libdriver.a(uart.o)
                0x0000000000007da8                UARTSpaceAvail
 .text.UARTCharGetNonBlocking
                0x0000000000007db4        0xe /home/kaviya/ti/TivaWare_C_Series-2.1.4.178/driverlib/gcc/libdriver.a(uart.o)
                0x0000000000007db4                UARTCharGetNonBlocking
 .text.UARTCharGet
                0x0000000000007dc2        0xa /home/kaviya/ti/TivaWare_C_Series-2.1.4.178/driverlib/gcc/libdriver.a(uart.o)
                0x0000000000007dc2                UARTCharGet
 .text.UARTCharPutNonBlocking
                0x0000000000007dcc       0x10 /home/kaviya/ti/TivaWare_C_Series-2.1.4.178/driverlib/gcc/libdriver.a(uart.o)
                0x0000000000007dcc                UARTCharPutNonBlocking
 .text.UARTCharPut
                0x0000000000007ddc        0xa /home/kaviya/ti/TivaWare_C_Series-2.1.4.178/driverlib/gcc/libdriver.a(uart.o)
                0x0000000000007ddc                UARTCharPut
 .text.UARTBreakCtl
                0x0000000000007de6       0x16 /home/kaviya/ti/TivaWare_C_Series-2.1.4.178/driverlib/gcc/libdriver.a(uart.o)
                0x0000000000007de6                UARTBreakCtl
 .text.UARTBusy
                0x0000000000007dfc        0x8 /home/kaviya/ti/TivaWare_C_Series-2.1.4.178/driverlib/gcc/libdriver.a(uart.o)
                0x0000000000007dfc                UARTBusy
 .text.UARTIntRegister
                0x0000000000007e04       0x1a /home/kaviya/ti/TivaWare_C_Series-2.1.4.178/driverlib/gcc/libdriver.a(uart.o)
                0x0000000000007e04                UARTIntRegister
 .text.UARTIntUnregister
                0x0000000000007e1e       0x16 /home/kaviya/ti/TivaWare_C_Series-2.1.4.178/driverlib/gcc/libdriver.a(uart.o)
                0x0000000000007e1e                UARTIntUnregister
 .text.UARTIntEnable
                0x0000000000007e34        0x8 /home/kaviya/ti/TivaWare_C_Series-2.1.4.178/driverlib/gcc/libdriver.a(uart.o)
                0x0000000000007e34                UARTIntEnable
 .text.UARTIntDisable
                0x0000000000007e3c        0xa /home/kaviya/ti/TivaWare_C_Series-2.1.4.178/driverlib/gcc/libdriver.a(uart.o)
                0x0000000000007e3c                UARTIntDisable
 .text.UARTIntStatus
                0x0000000000007e46        0xa /home/kaviya/ti/TivaWare_C_Series-2.1.4.178/driverlib/gcc/libdriver.a(uart.o)
                0x0000000000007e46                UARTIntStatus
 .text.UARTIntClear
                0x0000000000007e50        0x4 /home/kaviya/ti/TivaWare_C_Series-2.1.4.178/driverlib/gcc/libdriver.a(uart.o)
                0x0000000000007e50                UARTIntClear
 .text.UARTDMAEnable
                0x0000000000007e54        0x8 /home/kaviya/ti/TivaWare_C_Series-2.1.4.178/driverlib/gcc/libdriver.a(uart.o)
                0x0000000000007e54                UARTDMAEnable
 .text.UARTDMADisable
                0x0000000000007e5c        0xa /home/kaviya/ti/TivaWare_C_Series-2.1.4.178/driverlib/gcc/libdriver.a(uart.o)
                0x0000000000007e5c                UARTDMADisable
 .text.UARTRxErrorGet
                0x0000000000007e66        0x8 /home/kaviya/ti/TivaWare_C_Series-2.1.4.178/driverlib/gcc/libdriver.a(uart.o)
                0x0000000000007e66                UARTRxErrorGet
 .text.UARTRxErrorClear
                0x0000000000007e6e        0x6 /home/kaviya/ti/TivaWare_C_Series-2.1.4.178/driverlib/gcc/libdriver.a(uart.o)
                0x0000000000007e6e                UARTRxErrorClear
 .text.UARTClockSourceSet
                0x0000000000007e74        0x6 /home/kaviya/ti/TivaWare_C_Series-2.1.4.178/driverlib/gcc/libdriver.a(uart.o)
                0x0000000000007e74                UARTClockSourceSet
 .text.UARTClockSourceGet
                0x0000000000007e7a        0x6 /home/kaviya/ti/TivaWare_C_Series-2.1.4.178/driverlib/gcc/libdriver.a(uart.o)
                0x0000000000007e7a                UARTClockSourceGet
 .text.UART9BitEnable
                0x0000000000007e80        0xe /home/kaviya/ti/TivaWare_C_Series-2.1.4.178/driverlib/gcc/libdriver.a(uart.o)
                0x0000000000007e80                UART9BitEnable
 .text.UART9BitDisable
                0x0000000000007e8e        0xe /home/kaviya/ti/TivaWare_C_Series-2.1.4.178/driverlib/gcc/libdriver.a(uart.o)
                0x0000000000007e8e                UART9BitDisable
 .text.UART9BitAddrSet
                0x0000000000007e9c        0xa /home/kaviya/ti/TivaWare_C_Series-2.1.4.178/driverlib/gcc/libdriver.a(uart.o)
                0x0000000000007e9c                UART9BitAddrSet
 .text.UART9BitAddrSend
                0x0000000000007ea6       0x2c /home/kaviya/ti/TivaWare_C_Series-2.1.4.178/driverlib/gcc/libdriver.a(uart.o)
                0x0000000000007ea6                UART9BitAddrSend
 .text.UARTLoopbackEnable
                0x0000000000007ed2        0xa /home/kaviya/ti/TivaWare_C_Series-2.1.4.178/driverlib/gcc/libdriver.a(uart.o)
                0x0000000000007ed2                UARTLoopbackEnable
 .text.CPUcpsid
                0x0000000000007edc        0x8 /home/kaviya/ti/TivaWare_C_Series-2.1.4.178/driverlib/gcc/libdriver.a(cpu.o)
                0x0000000000007edc                CPUcpsid
 .text.CPUprimask
                0x0000000000007ee4        0x6 /home/kaviya/ti/TivaWare_C_Series-2.1.4.178/driverlib/gcc/libdriver.a(cpu.o)
                0x0000000000007ee4                CPUprimask
 .text.CPUcpsie
                0x0000000000007eea        0x8 /home/kaviya/ti/TivaWare_C_Series-2.1.4.178/driverlib/gcc/libdriver.a(cpu.o)
                0x0000000000007eea                CPUcpsie
 .text.CPUwfi   0x0000000000007ef2        0x4 /home/kaviya/ti/TivaWare_C_Series-2.1.4.178/driverlib/gcc/libdriver.a(cpu.o)
                0x0000000000007ef2                CPUwfi
 .text.CPUbasepriSet
                0x0000000000007ef6        0x6 /home/kaviya/ti/TivaWare_C_Series-2.1.4.178/driverlib/gcc/libdriver.a(cpu.o)
                0x0000000000007ef6                CPUbasepriSet
 .text.CPUbasepriGet
                0x0000000000007efc        0x6 /home/kaviya/ti/TivaWare_C_Series-2.1.4.178/driverlib/gcc/libdriver.a(cpu.o)
                0x0000000000007efc                CPUbasepriGet
 *fill*         0x0000000000007f02        0x2 
 .text.GrLibInit
                0x0000000000007f04        0xc /home/kaviya/ti/TivaWare_C_Series-2.1.4.178/grlib/gcc/libgr.a(context.o)
                0x0000000000007f04                GrLibInit
 .text.GrContextInit
                0x0000000000007f10       0x6c /home/kaviya/ti/TivaWare_C_Series-2.1.4.178/grlib/gcc/libgr.a(context.o)
                0x0000000000007f10                GrContextInit
 .text.GrContextClipRegionSet
                0x0000000000007f7c       0x62 /home/kaviya/ti/TivaWare_C_Series-2.1.4.178/grlib/gcc/libgr.a(context.o)
                0x0000000000007f7c                GrContextClipRegionSet
 .text.GrClipCodeGet
                0x0000000000007fde       0x36 /home/kaviya/ti/TivaWare_C_Series-2.1.4.178/grlib/gcc/libgr.a(line.o)
 .text.GrLineDrawH
                0x0000000000008014       0x46 /home/kaviya/ti/TivaWare_C_Series-2.1.4.178/grlib/gcc/libgr.a(line.o)
                0x0000000000008014                GrLineDrawH
 .text.GrLineDrawV
                0x000000000000805a       0x46 /home/kaviya/ti/TivaWare_C_Series-2.1.4.178/grlib/gcc/libgr.a(line.o)
                0x000000000000805a                GrLineDrawV
 .text.GrLineDraw
                0x00000000000080a0      0x176 /home/kaviya/ti/TivaWare_C_Series-2.1.4.178/grlib/gcc/libgr.a(line.o)
                0x00000000000080a0                GrLineDraw
 .text.CircularButtonPaint
                0x0000000000008216      0x15a /home/kaviya/ti/TivaWare_C_Series-2.1.4.178/grlib/gcc/libgr.a(pushbutton.o)
 .text.CircularButtonMsgProc
                0x0000000000008370       0xf2 /home/kaviya/ti/TivaWare_C_Series-2.1.4.178/grlib/gcc/libgr.a(pushbutton.o)
                0x0000000000008370                CircularButtonMsgProc
 .text.RectangularButtonPaint
                0x0000000000008462      0x160 /home/kaviya/ti/TivaWare_C_Series-2.1.4.178/grlib/gcc/libgr.a(pushbutton.o)
 .text.RectangularButtonMsgProc
                0x00000000000085c2      0x10c /home/kaviya/ti/TivaWare_C_Series-2.1.4.178/grlib/gcc/libgr.a(pushbutton.o)
                0x00000000000085c2                RectangularButtonMsgProc
 *fill*         0x00000000000086ce        0x2 
 .text.RectangularButtonInit
                0x00000000000086d0       0x3c /home/kaviya/ti/TivaWare_C_Series-2.1.4.178/grlib/gcc/libgr.a(pushbutton.o)
                0x00000000000086d0                RectangularButtonInit
 .text.CircularButtonInit
                0x000000000000870c       0x40 /home/kaviya/ti/TivaWare_C_Series-2.1.4.178/grlib/gcc/libgr.a(pushbutton.o)
                0x000000000000870c                CircularButtonInit
 .text.GrRectDraw
                0x000000000000874c       0x66 /home/kaviya/ti/TivaWare_C_Series-2.1.4.178/grlib/gcc/libgr.a(rectangle.o)
                0x000000000000874c                GrRectDraw
 .text.GrRectFill
                0x00000000000087b2       0xb8 /home/kaviya/ti/TivaWare_C_Series-2.1.4.178/grlib/gcc/libgr.a(rectangle.o)
                0x00000000000087b2                GrRectFill
 .text.GrRectOverlapCheck