Archive member included to satisfy reference by file (symbol)

/home/kaviya/ti/ccsv7/tools/compiler/gcc-arm-none-eabi-6-2017-q1-update/bin/../lib/gcc/arm-none-eabi/6.3.1/../../../../arm-none-eabi/lib/thumb/v7e-m/fpv4-sp/hard/libc.a(lib_a-exit.o)
                              /home/kaviya/ti/ccsv7/tools/compiler/gcc-arm-none-eabi-6-2017-q1-update/bin/../lib/gcc/arm-none-eabi/6.3.1/../../../../arm-none-eabi/lib/thumb/v7e-m/fpv4-sp/hard/crt0.o (exit)
/home/kaviya/ti/ccsv7/tools/compiler/gcc-arm-none-eabi-6-2017-q1-update/bin/../lib/gcc/arm-none-eabi/6.3.1/../../../../arm-none-eabi/lib/thumb/v7e-m/fpv4-sp/hard/libc.a(lib_a-impure.o)
                              /home/kaviya/ti/ccsv7/tools/compiler/gcc-arm-none-eabi-6-2017-q1-update/bin/../lib/gcc/arm-none-eabi/6.3.1/../../../../arm-none-eabi/lib/thumb/v7e-m/fpv4-sp/hard/libc.a(lib_a-exit.o) (_global_impure_ptr)
/home/kaviya/ti/ccsv7/tools/compiler/gcc-arm-none-eabi-6-2017-q1-update/bin/../lib/gcc/arm-none-eabi/6.3.1/../../../../arm-none-eabi/lib/thumb/v7e-m/fpv4-sp/hard/libc.a(lib_a-init.o)
                              /home/kaviya/ti/ccsv7/tools/compiler/gcc-arm-none-eabi-6-2017-q1-update/bin/../lib/gcc/arm-none-eabi/6.3.1/../../../../arm-none-eabi/lib/thumb/v7e-m/fpv4-sp/hard/crt0.o (__libc_init_array)
/home/kaviya/ti/ccsv7/tools/compiler/gcc-arm-none-eabi-6-2017-q1-update/bin/../lib/gcc/arm-none-eabi/6.3.1/../../../../arm-none-eabi/lib/thumb/v7e-m/fpv4-sp/hard/libc.a(lib_a-itoa.o)
                              ./UART.o (__itoa)
/home/kaviya/ti/ccsv7/tools/compiler/gcc-arm-none-eabi-6-2017-q1-update/bin/../lib/gcc/arm-none-eabi/6.3.1/../../../../arm-none-eabi/lib/thumb/v7e-m/fpv4-sp/hard/libc.a(lib_a-memcpy.o)
                              ./LCD_stairs.o (memcpy)
/home/kaviya/ti/ccsv7/tools/compiler/gcc-arm-none-eabi-6-2017-q1-update/bin/../lib/gcc/arm-none-eabi/6.3.1/../../../../arm-none-eabi/lib/thumb/v7e-m/fpv4-sp/hard/libc.a(lib_a-memset.o)
                              /home/kaviya/ti/ccsv7/tools/compiler/gcc-arm-none-eabi-6-2017-q1-update/bin/../lib/gcc/arm-none-eabi/6.3.1/../../../../arm-none-eabi/lib/thumb/v7e-m/fpv4-sp/hard/crt0.o (memset)
/home/kaviya/ti/ccsv7/tools/compiler/gcc-arm-none-eabi-6-2017-q1-update/bin/../lib/gcc/arm-none-eabi/6.3.1/../../../../arm-none-eabi/lib/thumb/v7e-m/fpv4-sp/hard/libc.a(lib_a-printf.o)
                              ./LCD_stairs.o (printf)
/home/kaviya/ti/ccsv7/tools/compiler/gcc-arm-none-eabi-6-2017-q1-update/bin/../lib/gcc/arm-none-eabi/6.3.1/../../../../arm-none-eabi/lib/thumb/v7e-m/fpv4-sp/hard/libc.a(lib_a-strlen.o)
                              ./UART.o (strlen)
/home/kaviya/ti/ccsv7/tools/compiler/gcc-arm-none-eabi-6-2017-q1-update/bin/../lib/gcc/arm-none-eabi/6.3.1/../../../../arm-none-eabi/lib/thumb/v7e-m/fpv4-sp/hard/libc.a(lib_a-utoa.o)
                              /home/kaviya/ti/ccsv7/tools/compiler/gcc-arm-none-eabi-6-2017-q1-update/bin/../lib/gcc/arm-none-eabi/6.3.1/../../../../arm-none-eabi/lib/thumb/v7e-m/fpv4-sp/hard/libc.a(lib_a-itoa.o) (__utoa)
/home/kaviya/ti/ccsv7/tools/compiler/gcc-arm-none-eabi-6-2017-q1-update/bin/../lib/gcc/arm-none-eabi/6.3.1/../../../../arm-none-eabi/lib/thumb/v7e-m/fpv4-sp/hard/libc.a(lib_a-vfprintf.o)
                              /home/kaviya/ti/ccsv7/tools/compiler/gcc-arm-none-eabi-6-2017-q1-update/bin/../lib/gcc/arm-none-eabi/6.3.1/../../../../arm-none-eabi/lib/thumb/v7e-m/fpv4-sp/hard/libc.a(lib_a-printf.o) (_vfprintf_r)
/home/kaviya/ti/ccsv7/tools/compiler/gcc-arm-none-eabi-6-2017-q1-update/bin/../lib/gcc/arm-none-eabi/6.3.1/../../../../arm-none-eabi/lib/thumb/v7e-m/fpv4-sp/hard/libc.a(lib_a-wsetup.o)
                              /home/kaviya/ti/ccsv7/tools/compiler/gcc-arm-none-eabi-6-2017-q1-update/bin/../lib/gcc/arm-none-eabi/6.3.1/../../../../arm-none-eabi/lib/thumb/v7e-m/fpv4-sp/hard/libc.a(lib_a-vfprintf.o) (__swsetup_r)
/home/kaviya/ti/ccsv7/tools/compiler/gcc-arm-none-eabi-6-2017-q1-update/bin/../lib/gcc/arm-none-eabi/6.3.1/../../../../arm-none-eabi/lib/thumb/v7e-m/fpv4-sp/hard/libc.a(lib_a-__call_atexit.o)
                              /home/kaviya/ti/ccsv7/tools/compiler/gcc-arm-none-eabi-6-2017-q1-update/bin/../lib/gcc/arm-none-eabi/6.3.1/../../../../arm-none-eabi/lib/thumb/v7e-m/fpv4-sp/hard/libc.a(lib_a-exit.o) (__call_exitprocs)
/home/kaviya/ti/ccsv7/tools/compiler/gcc-arm-none-eabi-6-2017-q1-update/bin/../lib/gcc/arm-none-eabi/6.3.1/../../../../arm-none-eabi/lib/thumb/v7e-m/fpv4-sp/hard/libc.a(lib_a-atexit.o)
                              /home/kaviya/ti/ccsv7/tools/compiler/gcc-arm-none-eabi-6-2017-q1-update/bin/../lib/gcc/arm-none-eabi/6.3.1/../../../../arm-none-eabi/lib/thumb/v7e-m/fpv4-sp/hard/libc.a(lib_a-__call_atexit.o) (atexit)
/home/kaviya/ti/ccsv7/tools/compiler/gcc-arm-none-eabi-6-2017-q1-update/bin/../lib/gcc/arm-none-eabi/6.3.1/../../../../arm-none-eabi/lib/thumb/v7e-m/fpv4-sp/hard/libc.a(lib_a-dtoa.o)
[...]
Memory Configuration

Name             Origin             Length             Attributes
FLASH            0x0000000000000000 0x0000000000040000 xr
SRAM             0x0000000020000000 0x0000000000008000 xw
*default*        0x0000000000000000 0xffffffffffffffff

Linker script and memory map

LOAD /home/kaviya/ti/ccsv7/tools/compiler/gcc-arm-none-eabi-6-2017-q1-update/bin/../lib/gcc/arm-none-eabi/6.3.1/thumb/v7e-m/fpv4-sp/hard/crti.o
LOAD /home/kaviya/ti/ccsv7/tools/compiler/gcc-arm-none-eabi-6-2017-q1-update/bin/../lib/gcc/arm-none-eabi/6.3.1/thumb/v7e-m/fpv4-sp/hard/crtbegin.o
LOAD /home/kaviya/ti/ccsv7/tools/compiler/gcc-arm-none-eabi-6-2017-q1-update/bin/../lib/gcc/arm-none-eabi/6.3.1/../../../../arm-none-eabi/lib/thumb/v7e-m/fpv4-sp/hard/crt0.o
LOAD ./Kentec320x240x16_ssd2119_spi.o
LOAD ./LCD.o
LOAD ./LCD_stairs.o
LOAD ./UART.o
LOAD ./tm4c123gh6pm_startup_ccs_gcc.o
LOAD ./ustdlib.o
                0x0000000000000000                PROVIDE (_intvecs_base_address, 0x0)

.intvecs        0x0000000000000000      0x26c
 *(.intvecs)
 .intvecs       0x0000000000000000      0x26c ./tm4c123gh6pm_startup_ccs_gcc.o
                0x0000000000000000                g_pfnVectors
                0x0000000020000000                PROVIDE (_vtable_base_address, 0x20000000)

.vtable
 *(.vtable)

.text           0x0000000000000280     0xd510
 CREATE_OBJECT_SYMBOLS
 *(.text)
 .text          0x0000000000000280        0x0 /home/kaviya/ti/ccsv7/tools/compiler/gcc-arm-none-eabi-6-2017-q1-update/bin/../lib/gcc/arm-none-eabi/6.3.1/thumb/v7e-m/fpv4-sp/hard/crti.o
 .text          0x0000000000000280       0x6c /home/kaviya/ti/ccsv7/tools/compiler/gcc-arm-none-eabi-6-2017-q1-update/bin/../lib/gcc/arm-none-eabi/6.3.1/thumb/v7e-m/fpv4-sp/hard/crtbegin.o
 .text          0x00000000000002ec       0x74 /home/kaviya/ti/ccsv7/tools/compiler/gcc-arm-none-eabi-6-2017-q1-update/bin/../lib/gcc/arm-none-eabi/6.3.1/../../../../arm-none-eabi/lib/thumb/v7e-m/fpv4-sp/hard/crt0.o
                0x00000000000002ec                _mainCRTStartup
                0x00000000000002ec                _start
 .text          0x0000000000000360        0x0 ./Kentec320x240x16_ssd2119_spi.o
 .text          0x0000000000000360        0x0 ./LCD.o
 .text          0x0000000000000360        0x0 ./LCD_stairs.o
 .text          0x0000000000000360        0x0 ./UART.o
 .text          0x0000000000000360        0x0 ./tm4c123gh6pm_startup_ccs_gcc.o
 .text          0x0000000000000360        0x0 ./ustdlib.o
 .text          0x0000000000000360        0x0 /home/kaviya/ti/ccsv7/tools/compiler/gcc-arm-none-eabi-6-2017-q1-update/bin/../lib/gcc/arm-none-eabi/6.3.1/../../../../arm-none-eabi/lib/thumb/v7e-m/fpv4-sp/hard/libc.a(lib_a-exit.o)
 .text          0x0000000000000360        0x0 /home/kaviya/ti/ccsv7/tools/compiler/gcc-arm-none-eabi-6-2017-q1-update/bin/../lib/gcc/arm-none-eabi/6.3.1/../../../../arm-none-eabi/lib/thumb/v7e-m/fpv4-sp/hard/libc.a(lib_a-impure.o)
 .text          0x0000000000000360        0x0 /home/kaviya/ti/ccsv7/tools/compiler/gcc-arm-none-eabi-6-2017-q1-update/bin/../lib/gcc/arm-none-eabi/6.3.1/../../../../arm-none-eabi/lib/thumb/v7e-m/fpv4-sp/hard/libc.a(lib_a-init.o)
 .text          0x0000000000000360        0x0 /home/kaviya/ti/ccsv7/tools/compiler/gcc-arm-none-eabi-6-2017-q1-update/bin/../lib/gcc/arm-none-eabi/6.3.1/../../../../arm-none-eabi/lib/thumb/v7e-m/fpv4-sp/hard/libc.a(lib_a-itoa.o)
 .text          0x0000000000000360      0x134 /home/kaviya/ti/ccsv7/tools/compiler/gcc-arm-none-eabi-6-2017-q1-update/bin/../lib/gcc/arm-none-eabi/6.3.1/../../../../arm-none-eabi/lib/thumb/v7e-m/fpv4-sp/hard/libc.a(lib_a-memcpy.o)
                0x0000000000000360                memcpy
 .text          0x0000000000000494        0x0 /home/kaviya/ti/ccsv7/tools/compiler/gcc-arm-none-eabi-6-2017-q1-update/bin/../lib/gcc/arm-none-eabi/6.3.1/../../../../arm-none-eabi/lib/thumb/v7e-m/fpv4-sp/hard/libc.a(lib_a-memset.o)
 .text          0x0000000000000494        0x0 /home/kaviya/ti/ccsv7/tools/compiler/gcc-arm-none-eabi-6-2017-q1-update/bin/../lib/gcc/arm-none-eabi/6.3.1/../../../../arm-none-eabi/lib/thumb/v7e-m/fpv4-sp/hard/libc.a(lib_a-printf.o)
 *fill*         0x0000000000000494       0x2c 
 .text          0x00000000000004c0       0xdc /home/kaviya/ti/ccsv7/tools/compiler/gcc-arm-none-eabi-6-2017-q1-update/bin/../lib/gcc/arm-none-eabi/6.3.1/../../../../arm-none-eabi/lib/thumb/v7e-m/fpv4-sp/hard/libc.a(lib_a-strlen.o)
                0x00000000000004c0                strlen
 .text          0x000000000000059c        0x0 /home/kaviya/ti/ccsv7/tools/compiler/gcc-arm-none-eabi-6-2017-q1-update/bin/../lib/gcc/arm-none-eabi/6.3.1/../../../../arm-none-eabi/lib/thumb/v7e-m/fpv4-sp/hard/libc.a(lib_a-utoa.o)
 .text          0x000000000000059c        0x0 /home/kaviya/ti/ccsv7/tools/compiler/gcc-arm-none-eabi-6-2017-q1-update/bin/../lib/gcc/arm-none-eabi/6.3.1/../../../../arm-none-eabi/lib/thumb/v7e-m/fpv4-sp/hard/libc.a(lib_a-vfprintf.o)
 .text          0x000000000000059c        0x0 /home/kaviya/ti/ccsv7/tools/compiler/gcc-arm-none-eabi-6-2017-q1-update/bin/../lib/gcc/arm-none-eabi/6.3.1/../../../../arm-none-eabi/lib/thumb/v7e-m/fpv4-sp/hard/libc.a(lib_a-wsetup.o)
 .text          0x000000000000059c        0x0 /home/kaviya/ti/ccsv7/tools/compiler/gcc-arm-none-eabi-6-2017-q1-update/bin/../lib/gcc/arm-none-eabi/6.3.1/../../../../arm-none-eabi/lib/thumb/v7e-m/fpv4-sp/hard/libc.a(lib_a-__call_atexit.o)
 .text          0x000000000000059c        0x0 /home/kaviya/ti/ccsv7/tools/compiler/gcc-arm-none-eabi-6-2017-q1-update/bin/../lib/gcc/arm-none-eabi/6.3.1/../../../../arm-none-eabi/lib/thumb/v7e-m/fpv4-sp/hard/libc.a(lib_a-atexit.o)
 .text          0x000000000000059c        0x0 /home/kaviya/ti/ccsv7/tools/compiler/gcc-arm-none-eabi-6-2017-q1-update/bin/../lib/gcc/arm-none-eabi/6.3.1/../../../../arm-none-eabi/lib/thumb/v7e-m/fpv4-sp/hard/libc.a(lib_a-dtoa.o)
 .text          0x000000000000059c        0x0 /home/kaviya/ti/ccsv7/tools/compiler/gcc-arm-none-eabi-6-2017-q1-update/bin/../lib/gcc/arm-none-eabi/6.3.1/../../../../arm-none-eabi/lib/thumb/v7e-m/fpv4-sp/hard/libc.a(lib_a-fflush.o)
 .text          0x000000000000059c        0x0 /home/kaviya/ti/ccsv7/tools/compiler/gcc-arm-none-eabi-6-2017-q1-update/bin/../lib/gcc/arm-none-eabi/6.3.1/../../../../arm-none-eabi/lib/thumb/v7e-m/fpv4-sp/hard/libc.a(lib_a-findfp.o)
 .text          0x000000000000059c        0x0 /home/kaviya/ti/ccsv7/tools/compiler/gcc-arm-none-eabi-6-2017-q1-update/bin/../lib/gcc/arm-none-eabi/6.3.1/../../../../arm-none-eabi/lib/thumb/v7e-m/fpv4-sp/hard/libc.a(lib_a-fini.o)
 .text          0x000000000000059c        0x0 /home/kaviya/ti/ccsv7/tools/compiler/gcc-arm-none-eabi-6-2017-q1-update/bin/../lib/gcc/arm-none-eabi/6.3.1/../../../../arm-none-eabi/lib/thumb/v7e-m/fpv4-sp/hard/libc.a(lib_a-freer.o)
 .text          0x000000000000059c        0x0 /home/kaviya/ti/ccsv7/tools/compiler/gcc-arm-none-eabi-6-2017-q1-update/bin/../lib/gcc/arm-none-eabi/6.3.1/../../../../arm-none-eabi/lib/thumb/v7e-m/fpv4-sp/hard/libc.a(lib_a-fwalk.o)
 .text          0x000000000000059c        0x0 /home/kaviya/ti/ccsv7/tools/compiler/gcc-arm-none-eabi-6-2017-q1-update/bin/../lib/gcc/arm-none-eabi/6.3.1/../../../../arm-none-eabi/lib/thumb/v7e-m/fpv4-sp/hard/libc.a(lib_a-localeconv.o)
 .text          0x000000000000059c        0x0 /home/kaviya/ti/ccsv7/tools/compiler/gcc-arm-none-eabi-6-2017-q1-update/bin/../lib/gcc/arm-none-eabi/6.3.1/../../../../arm-none-eabi/lib/thumb/v7e-m/fpv4-sp/hard/libc.a(lib_a-lock.o)
 .text          0x000000000000059c        0x0 /home/kaviya/ti/ccsv7/tools/compiler/gcc-arm-none-eabi-6-2017-q1-update/bin/../lib/gcc/arm-none-eabi/6.3.1/../../../../arm-none-eabi/lib/thumb/v7e-m/fpv4-sp/hard/libc.a(lib_a-makebuf.o)
 .text          0x000000000000059c        0x0 /home/kaviya/ti/ccsv7/tools/compiler/gcc-arm-none-eabi-6-2017-q1-update/bin/../lib/gcc/arm-none-eabi/6.3.1/../../../../arm-none-eabi/lib/thumb/v7e-m/fpv4-sp/hard/libc.a(lib_a-mallocr.o)
 *fill*         0x000000000000059c        0x4 
 .text          0x00000000000005a0       0xa0 /home/kaviya/ti/ccsv7/tools/compiler/gcc-arm-none-eabi-6-2017-q1-update/bin/../lib/gcc/arm-none-eabi/6.3.1/../../../../arm-none-eabi/lib/thumb/v7e-m/fpv4-sp/hard/libc.a(lib_a-memchr.o)
                0x00000000000005a0                memchr
 .text          0x0000000000000640        0x0 /home/kaviya/ti/ccsv7/tools/compiler/gcc-arm-none-eabi-6-2017-q1-update/bin/../lib/gcc/arm-none-eabi/6.3.1/../../../../arm-none-eabi/lib/thumb/v7e-m/fpv4-sp/hard/libc.a(lib_a-mlock.o)
 .text          0x0000000000000640        0x0 /home/kaviya/ti/ccsv7/tools/compiler/gcc-arm-none-eabi-6-2017-q1-update/bin/../lib/gcc/arm-none-eabi/6.3.1/../../../../arm-none-eabi/lib/thumb/v7e-m/fpv4-sp/hard/libc.a(lib_a-mprec.o)
 .text          0x0000000000000640        0x0 /home/kaviya/ti/ccsv7/tools/compiler/gcc-arm-none-eabi-6-2017-q1-update/bin/../lib/gcc/arm-none-eabi/6.3.1/../../../../arm-none-eabi/lib/thumb/v7e-m/fpv4-sp/hard/libc.a(lib_a-sbrkr.o)
 .text          0x0000000000000640        0x0 /home/kaviya/ti/ccsv7/tools/compiler/gcc-arm-none-eabi-6-2017-q1-update/bin/../lib/gcc/arm-none-eabi/6.3.1/../../../../arm-none-eabi/lib/thumb/v7e-m/fpv4-sp/hard/libc.a(lib_a-stdio.o)
 .text          0x0000000000000640        0x0 /home/kaviya/ti/ccsv7/tools/compiler/gcc-arm-none-eabi-6-2017-q1-update/bin/../lib/gcc/arm-none-eabi/6.3.1/../../../../arm-none-eabi/lib/thumb/v7e-m/fpv4-sp/hard/libc.a(lib_a-vfiprintf.o)
 .text          0x0000000000000640        0x0 /home/kaviya/ti/ccsv7/tools/compiler/gcc-arm-none-eabi-6-2017-q1-update/bin/../lib/gcc/arm-none-eabi/6.3.1/../../../../arm-none-eabi/lib/thumb/v7e-m/fpv4-sp/hard/libc.a(lib_a-writer.o)
 .text          0x0000000000000640        0x0 /home/kaviya/ti/ccsv7/tools/compiler/gcc-arm-none-eabi-6-2017-q1-update/bin/../lib/gcc/arm-none-eabi/6.3.1/../../../../arm-none-eabi/lib/thumb/v7e-m/fpv4-sp/hard/libc.a(lib_a-__atexit.o)
 .text          0x0000000000000640        0x0 /home/kaviya/ti/ccsv7/tools/compiler/gcc-arm-none-eabi-6-2017-q1-update/bin/../lib/gcc/arm-none-eabi/6.3.1/../../../../arm-none-eabi/lib/thumb/v7e-m/fpv4-sp/hard/libc.a(lib_a-callocr.o)
 .text          0x0000000000000640        0x0 /home/kaviya/ti/ccsv7/tools/compiler/gcc-arm-none-eabi-6-2017-q1-update/bin/../lib/gcc/arm-none-eabi/6.3.1/../../../../arm-none-eabi/lib/thumb/v7e-m/fpv4-sp/hard/libc.a(lib_a-closer.o)
 .text          0x0000000000000640        0x0 /home/kaviya/ti/ccsv7/tools/compiler/gcc-arm-none-eabi-6-2017-q1-update/bin/../lib/gcc/arm-none-eabi/6.3.1/../../../../arm-none-eabi/lib/thumb/v7e-m/fpv4-sp/hard/libc.a(lib_a-fclose.o)
 .text          0x0000000000000640        0x0 /home/kaviya/ti/ccsv7/tools/compiler/gcc-arm-none-eabi-6-2017-q1-update/bin/../lib/gcc/arm-none-eabi/6.3.1/../../../../arm-none-eabi/lib/thumb/v7e-m/fpv4-sp/hard/libc.a(lib_a-fputwc.o)
 .text          0x0000000000000640        0x0 /home/kaviya/ti/ccsv7/tools/compiler/gcc-arm-none-eabi-6-2017-q1-update/bin/../lib/gcc/arm-none-eabi/6.3.1/../../../../arm-none-eabi/lib/thumb/v7e-m/fpv4-sp/hard/libc.a(lib_a-fstatr.o)
 .text          0x0000000000000640        0x0 /home/kaviya/ti/ccsv7/tools/compiler/gcc-arm-none-eabi-6-2017-q1-update/bin/../lib/gcc/arm-none-eabi/6.3.1/../../../../arm-none-eabi/lib/thumb/v7e-m/fpv4-sp/hard/libc.a(lib_a-fvwrite.o)
 .text          0x0000000000000640        0x0 /home/kaviya/ti/ccsv7/tools/compiler/gcc-arm-none-eabi-6-2017-q1-update/bin/../lib/gcc/arm-none-eabi/6.3.1/../../../../arm-none-eabi/lib/thumb/v7e-m/fpv4-sp/hard/libc.a(lib_a-isattyr.o)
 .text          0x0000000000000640        0x0 /home/kaviya/ti/ccsv7/tools/compiler/gcc-arm-none-eabi-6-2017-q1-update/bin/../lib/gcc/arm-none-eabi/6.3.1/../../../../arm-none-eabi/lib/thumb/v7e-m/fpv4-sp/hard/libc.a(lib_a-locale.o)
 .text          0x0000000000000640        0x0 /home/kaviya/ti/ccsv7/tools/compiler/gcc-arm-none-eabi-6-2017-q1-update/bin/../lib/gcc/arm-none-eabi/6.3.1/../../../../arm-none-eabi/lib/thumb/v7e-m/fpv4-sp/hard/libc.a(lib_a-lseekr.o)
 .text          0x0000000000000640        0x0 /home/kaviya/ti/ccsv7/tools/compiler/gcc-arm-none-eabi-6-2017-q1-update/bin/../lib/gcc/arm-none-eabi/6.3.1/../../../../arm-none-eabi/lib/thumb/v7e-m/fpv4-sp/hard/libc.a(lib_a-mbtowc_r.o)
 .text          0x0000000000000640        0x0 /home/kaviya/ti/ccsv7/tools/compiler/gcc-arm-none-eabi-6-2017-q1-update/bin/../lib/gcc/arm-none-eabi/6.3.1/../../../../arm-none-eabi/lib/thumb/v7e-m/fpv4-sp/hard/libc.a(lib_a-memmove.o)
 .text          0x0000000000000640        0x0 /home/kaviya/ti/ccsv7/tools/compiler/gcc-arm-none-eabi-6-2017-q1-update/bin/../lib/gcc/arm-none-eabi/6.3.1/../../../../arm-none-eabi/lib/thumb/v7e-m/fpv4-sp/hard/libc.a(lib_a-readr.o)
 .text          0x0000000000000640        0x0 /home/kaviya/ti/ccsv7/tools/compiler/gcc-arm-none-eabi-6-2017-q1-update/bin/../lib/gcc/arm-none-eabi/6.3.1/../../../../arm-none-eabi/lib/thumb/v7e-m/fpv4-sp/hard/libc.a(lib_a-reallocr.o)
 .text          0x0000000000000640        0x0 /home/kaviya/ti/ccsv7/tools/compiler/gcc-arm-none-eabi-6-2017-q1-update/bin/../lib/gcc/arm-none-eabi/6.3.1/../../../../arm-none-eabi/lib/thumb/v7e-m/fpv4-sp/hard/libc.a(lib_a-reent.o)
 .text          0x0000000000000640      0x2dc /home/kaviya/ti/ccsv7/tools/compiler/gcc-arm-none-eabi-6-2017-q1-update/bin/../lib/gcc/arm-none-eabi/6.3.1/../../../../arm-none-eabi/lib/thumb/v7e-m/fpv4-sp/hard/libc.a(lib_a-strcmp.o)
                0x0000000000000648                strcmp
 .text          0x000000000000091c        0x0 /home/kaviya/ti/ccsv7/tools/compiler/gcc-arm-none-eabi-6-2017-q1-update/bin/../lib/gcc/arm-none-eabi/6.3.1/../../../../arm-none-eabi/lib/thumb/v7e-m/fpv4-sp/hard/libc.a(lib_a-wbuf.o)
 .text          0x000000000000091c        0x0 /home/kaviya/ti/ccsv7/tools/compiler/gcc-arm-none-eabi-6-2017-q1-update/bin/../lib/gcc/arm-none-eabi/6.3.1/../../../../arm-none-eabi/lib/thumb/v7e-m/fpv4-sp/hard/libc.a(lib_a-wcrtomb.o)
 .text          0x000000000000091c        0x0 /home/kaviya/ti/ccsv7/tools/compiler/gcc-arm-none-eabi-6-2017-q1-update/bin/../lib/gcc/arm-none-eabi/6.3.1/../../../../arm-none-eabi/lib/thumb/v7e-m/fpv4-sp/hard/libc.a(lib_a-wctomb_r.o)
 .text          0x000000000000091c        0x0 /home/kaviya/ti/ccsv7/tools/compiler/gcc-arm-none-eabi-6-2017-q1-update/bin/../lib/gcc/arm-none-eabi/6.3.1/../../../../arm-none-eabi/lib/thumb/v7e-m/fpv4-sp/hard/libc.a(lib_a-ctype_.o)
 .text          0x000000000000091c        0x0 /home/kaviya/ti/ccsv7/tools/compiler/gcc-arm-none-eabi-6-2017-q1-update/bin/../lib/gcc/arm-none-eabi/6.3.1/../../../../arm-none-eabi/lib/thumb/v7e-m/fpv4-sp/hard/librdimon.a(rdimon-syscalls.o)
 .text          0x000000000000091c        0x0 /home/kaviya/ti/ccsv7/tools/compiler/gcc-arm-none-eabi-6-2017-q1-update/bin/../lib/gcc/arm-none-eabi/6.3.1/../../../../arm-none-eabi/lib/thumb/v7e-m/fpv4-sp/hard/librdimon.a(rdimon-_exit.o)
 .text          0x000000000000091c        0x0 /home/kaviya/ti/ccsv7/tools/compiler/gcc-arm-none-eabi-6-2017-q1-update/bin/../lib/gcc/arm-none-eabi/6.3.1/../../../../arm-none-eabi/lib/thumb/v7e-m/fpv4-sp/hard/librdimon.a(rdimon-_kill.o)
 .text          0x000000000000091c        0x0 /home/kaviya/ti/ccsv7/tools/compiler/gcc-arm-none-eabi-6-2017-q1-update/bin/../lib/gcc/arm-none-eabi/6.3.1/../../../../arm-none-eabi/lib/thumb/v7e-m/fpv4-sp/hard/libc.a(lib_a-errno.o)
 .text          0x000000000000091c        0x0 /home/kaviya/ti/TivaWare_C_Series-2.1.4.178/driverlib/gcc/libdriver.a(fpu.o)
 .text          0x000000000000091c        0x0 /home/kaviya/ti/TivaWare_C_Series-2.1.4.178/driverlib/gcc/libdriver.a(gpio.o)
 .text          0x000000000000091c        0x0 /home/kaviya/ti/TivaWare_C_Series-2.1.4.178/driverlib/gcc/libdriver.a(interrupt.o)
 .text          0x000000000000091c        0x0 /home/kaviya/ti/TivaWare_C_Series-2.1.4.178/driverlib/gcc/libdriver.a(ssi.o)
 .text          0x000000000000091c        0x0 /home/kaviya/ti/TivaWare_C_Series-2.1.4.178/driverlib/gcc/libdriver.a(sysctl.o)
 .text          0x000000000000091c        0x0 /home/kaviya/ti/TivaWare_C_Series-2.1.4.178/driverlib/gcc/libdriver.a(uart.o)
 .text          0x000000000000091c        0x0 /home/kaviya/ti/TivaWare_C_Series-2.1.4.178/driverlib/gcc/libdriver.a(cpu.o)
 .text          0x000000000000091c        0x0 /home/kaviya/ti/TivaWare_C_Series-2.1.4.178/grlib/gcc/libgr.a(context.o)
 .text          0x000000000000091c        0x0 /home/kaviya/ti/TivaWare_C_Series-2.1.4.178/grlib/gcc/libgr.a(fontcm12.o)
 .text          0x000000000000091c        0x0 /home/kaviya/ti/TivaWare_C_Series-2.1.4.178/grlib/gcc/libgr.a(line.o)
 .text          0x000000000000091c        0x0 /home/kaviya/ti/TivaWare_C_Series-2.1.4.178/grlib/gcc/libgr.a(rectangle.o)
 .text          0x000000000000091c        0x0 /home/kaviya/ti/TivaWare_C_Series-2.1.4.178/grlib/gcc/libgr.a(string.o)
 .text          0x000000000000091c        0x0 /home/kaviya/ti/TivaWare_C_Series-2.1.4.178/grlib/gcc/libgr.a(charmap.o)
 .text          0x000000000000091c      0x370 /home/kaviya/ti/ccsv7/tools/compiler/gcc-arm-none-eabi-6-2017-q1-update/bin/../lib/gcc/arm-none-eabi/6.3.1/thumb/v7e-m/fpv4-sp/hard/libgcc.a(_arm_addsubdf3.o)
                0x000000000000091c                __aeabi_drsub
                0x0000000000000924                __aeabi_dsub
                0x0000000000000924                __subdf3
                0x0000000000000928                __adddf3
                0x0000000000000928                __aeabi_dadd
                0x0000000000000ba0                __aeabi_ui2d
                0x0000000000000ba0                __floatunsidf
                0x0000000000000bc0                __floatsidf
                0x0000000000000bc0                __aeabi_i2d
                0x0000000000000be4                __extendsfdf2
                0x0000000000000be4                __aeabi_f2d
                0x0000000000000c20                __aeabi_ul2d
                0x0000000000000c20                __floatundidf
                0x0000000000000c30                __floatdidf
                0x0000000000000c30                __aeabi_l2d
 .text          0x0000000000000c8c      0x424 /home/kaviya/ti/ccsv7/tools/compiler/gcc-arm-none-eabi-6-2017-q1-update/bin/../lib/gcc/arm-none-eabi/6.3.1/thumb/v7e-m/fpv4-sp/hard/libgcc.a(_arm_muldivdf3.o)
                0x0000000000000c8c                __aeabi_dmul
                0x0000000000000c8c                __muldf3
                0x0000000000000ee0                __aeabi_ddiv
                0x0000000000000ee0                __divdf3
 .text          0x00000000000010b0      0x110 /home/kaviya/ti/ccsv7/tools/compiler/gcc-arm-none-eabi-6-2017-q1-update/bin/../lib/gcc/arm-none-eabi/6.3.1/thumb/v7e-m/fpv4-sp/hard/libgcc.a(_arm_cmpdf2.o)
                0x00000000000010b0                __gtdf2
                0x00000000000010b0                __gedf2
                0x00000000000010b8                __ltdf2
                0x00000000000010b8                __ledf2
                0x00000000000010c0                __cmpdf2
                0x00000000000010c0                __eqdf2
                0x00000000000010c0                __nedf2
                0x000000000000113c                __aeabi_cdrcmple
                0x000000000000114c                __aeabi_cdcmple
                0x000000000000114c                __aeabi_cdcmpeq
                0x000000000000115c                __aeabi_dcmpeq
                0x0000000000001170                __aeabi_dcmplt
                0x0000000000001184                __aeabi_dcmple
                0x0000000000001198                __aeabi_dcmpge
                0x00000000000011ac                __aeabi_dcmpgt
 .text          0x00000000000011c0       0x2c /home/kaviya/ti/ccsv7/tools/compiler/gcc-arm-none-eabi-6-2017-q1-update/bin/../lib/gcc/arm-none-eabi/6.3.1/thumb/v7e-m/fpv4-sp/hard/libgcc.a(_arm_unorddf2.o)
                0x00000000000011c0                __aeabi_dcmpun
                0x00000000000011c0                __unorddf2
 .text          0x00000000000011ec       0x50 /home/kaviya/ti/ccsv7/tools/compiler/gcc-arm-none-eabi-6-2017-q1-update/bin/../lib/gcc/arm-none-eabi/6.3.1/thumb/v7e-m/fpv4-sp/hard/libgcc.a(_arm_fixdfsi.o)
                0x00000000000011ec                __fixdfsi
                0x00000000000011ec                __aeabi_d2iz
 .text          0x000000000000123c       0xa0 /home/kaviya/ti/ccsv7/tools/compiler/gcc-arm-none-eabi-6-2017-q1-update/bin/../lib/gcc/arm-none-eabi/6.3.1/thumb/v7e-m/fpv4-sp/hard/libgcc.a(_arm_truncdfsf2.o)
                0x000000000000123c                __aeabi_d2f
                0x000000000000123c                __truncdfsf2
 .text          0x00000000000012dc       0x30 /home/kaviya/ti/ccsv7/tools/compiler/gcc-arm-none-eabi-6-2017-q1-update/bin/../lib/gcc/arm-none-eabi/6.3.1/thumb/v7e-m/fpv4-sp/hard/libgcc.a(_aeabi_uldivmod.o)
                0x00000000000012dc                __aeabi_uldivmod
 .text          0x000000000000130c      0x2dc /home/kaviya/ti/ccsv7/tools/compiler/gcc-arm-none-eabi-6-2017-q1-update/bin/../lib/gcc/arm-none-eabi/6.3.1/thumb/v7e-m/fpv4-sp/hard/libgcc.a(_udivmoddi4.o)
                0x000000000000130c                __udivmoddi4
 .text          0x00000000000015e8        0x4 /home/kaviya/ti/ccsv7/tools/compiler/gcc-arm-none-eabi-6-2017-q1-update/bin/../lib/gcc/arm-none-eabi/6.3.1/thumb/v7e-m/fpv4-sp/hard/libgcc.a(_dvmd_tls.o)
                0x00000000000015e8                __aeabi_ldiv0
                0x00000000000015e8                __aeabi_idiv0
 .text          0x00000000000015ec        0x0 /home/kaviya/ti/ccsv7/tools/compiler/gcc-arm-none-eabi-6-2017-q1-update/bin/../lib/gcc/arm-none-eabi/6.3.1/thumb/v7e-m/fpv4-sp/hard/crtend.o
 .text          0x00000000000015ec        0x0 /home/kaviya/ti/ccsv7/tools/compiler/gcc-arm-none-eabi-6-2017-q1-update/bin/../lib/gcc/arm-none-eabi/6.3.1/thumb/v7e-m/fpv4-sp/hard/crtn.o
 *(.text.*)
 .text.LED_ON   0x00000000000015ec       0x18 ./Kentec320x240x16_ssd2119_spi.o
 .text.LED_OFF  0x0000000000001604       0x18 ./Kentec320x240x16_ssd2119_spi.o
 .text.WriteDataSPI
                0x000000000000161c       0x68 ./Kentec320x240x16_ssd2119_spi.o
 .text.WriteCommandSPI
                0x0000000000001684       0x64 ./Kentec320x240x16_ssd2119_spi.o
 .text.InitSPILCDInterface
                0x00000000000016e8      0x100 ./Kentec320x240x16_ssd2119_spi.o
 .text.Kentec320x240x16_SSD2119Init
                0x00000000000017e8      0x1f8 ./Kentec320x240x16_ssd2119_spi.o
                0x00000000000017e8                Kentec320x240x16_SSD2119Init
 .text.Kentec320x240x16_SSD2119PixelDraw
                0x00000000000019e0       0x54 ./Kentec320x240x16_ssd2119_spi.o
 .text.Kentec320x240x16_SSD2119PixelDrawMultiple
                0x0000000000001a34      0x258 ./Kentec320x240x16_ssd2119_spi.o
 .text.Kentec320x240x16_SSD2119LineDrawH
                0x0000000000001c8c       0x70 ./Kentec320x240x16_ssd2119_spi.o
 .text.Kentec320x240x16_SSD2119LineDrawV
                0x0000000000001cfc       0x70 ./Kentec320x240x16_ssd2119_spi.o
 .text.Kentec320x240x16_SSD2119RectFill
                0x0000000000001d6c      0x130 ./Kentec320x240x16_ssd2119_spi.o
 .text.Kentec320x240x16_SSD2119ColorTranslate
                0x0000000000001e9c       0x32 ./Kentec320x240x16_ssd2119_spi.o
 .text.Kentec320x240x16_SSD2119Flush
                0x0000000000001ece       0x14 ./Kentec320x240x16_ssd2119_spi.o
 *fill*         0x0000000000001ee2        0x2 
 .text.print_time
                0x0000000000001ee4      0x2c8 ./LCD.o
                0x0000000000001ee4                print_time
 .text.clear_screen
                0x00000000000021ac       0xd0 ./LCD.o
                0x00000000000021ac                clear_screen
 .text.print_waveform
                0x000000000000227c      0x7f8 ./LCD.o
                0x000000000000227c                print_waveform
 .text.data_convert
                0x0000000000002a74      0x178 ./LCD.o
                0x0000000000002a74                data_convert
 .text.prev_init
                0x0000000000002bec       0x50 ./LCD.o
                0x0000000000002bec                prev_init
 .text.main     0x0000000000002c3c       0xa4 ./LCD_stairs.o
                0x0000000000002c3c                main
 .text.print_waveform_ch1
                0x0000000000002ce0      0x248 ./LCD_stairs.o
                0x0000000000002ce0                print_waveform_ch1
 .text.print_waveform_ch2
                0x0000000000002f28      0x248 ./LCD_stairs.o
                0x0000000000002f28                print_waveform_ch2
 .text.UARTIntHandler
                0x0000000000003170       0xa0 ./UART.o
                0x0000000000003170                UARTIntHandler
 .text.UART_init
                0x0000000000003210       0x64 ./UART.o
                0x0000000000003210                UART_init
 .text.UART_get_string
                0x0000000000003274       0x44 ./UART.o
                0x0000000000003274                UART_get_string
 .text.UART_string
                0x00000000000032b8       0x30 ./UART.o
                0x00000000000032b8                UART_string
 .text.UART_integer_digit
                0x00000000000032e8       0x58 ./UART.o
                0x00000000000032e8                UART_integer_digit
 .text.UART_integer
                0x0000000000003340       0x28 ./UART.o
                0x0000000000003340                UART_integer
 .text.UART_newline
                0x0000000000003368       0x1c ./UART.o
                0x0000000000003368                UART_newline
 .text.UART_Htab
                0x0000000000003384       0x14 ./UART.o
                0x0000000000003384                UART_Htab
 .text.UART_float
                0x0000000000003398      0x130 ./UART.o
                0x0000000000003398                UART_float
 .text.UARTwrite
                0x00000000000034c8       0x50 ./UART.o
                0x00000000000034c8                UARTwrite
 .text.UARTvprintf
                0x0000000000003518      0x410 ./UART.o
                0x0000000000003518                UARTvprintf
 .text.UARTprintf
                0x0000000000003928       0x24 ./UART.o
                0x0000000000003928                UARTprintf
 .text.ResetISR
                0x000000000000394c       0x6c ./tm4c123gh6pm_startup_ccs_gcc.o
                0x000000000000394c                ResetISR
 .text.NmiSR    0x00000000000039b8        0x6 ./tm4c123gh6pm_startup_ccs_gcc.o
 .text.FaultISR
                0x00000000000039be        0x6 ./tm4c123gh6pm_startup_ccs_gcc.o
 .text.IntDefaultHandler
                0x00000000000039c4        0x6 ./tm4c123gh6pm_startup_ccs_gcc.o
 .text.ustrncpy
                0x00000000000039ca       0x6a ./ustdlib.o
                0x00000000000039ca                ustrncpy
 .text.uvsnprintf
                0x0000000000003a34      0x504 ./ustdlib.o
                0x0000000000003a34                uvsnprintf
 .text.usprintf
                0x0000000000003f38       0x30 ./ustdlib.o
                0x0000000000003f38                usprintf
 .text.usnprintf
                0x0000000000003f68       0x30 ./ustdlib.o
                0x0000000000003f68                usnprintf
 .text.ulocaltime
                0x0000000000003f98      0x17c ./ustdlib.o
                0x0000000000003f98                ulocaltime
 .text.ucmptime
                0x0000000000004114       0xe4 ./ustdlib.o
 .text.umktime  0x00000000000041f8       0x8c ./ustdlib.o
                0x00000000000041f8                umktime
 .text.ustrtoul
                0x0000000000004284      0x150 ./ustdlib.o
                0x0000000000004284                ustrtoul
 .text.ustrtof  0x00000000000043d4      0x274 ./ustdlib.o
                0x00000000000043d4                ustrtof
 .text.ustrlen  0x0000000000004648       0x2e ./ustdlib.o
                0x0000000000004648                ustrlen
 .text.ustrstr  0x0000000000004676       0x40 ./ustdlib.o
                0x0000000000004676                ustrstr
 .text.ustrncasecmp
                0x00000000000046b6       0xa2 ./ustdlib.o
                0x00000000000046b6                ustrncasecmp
 .text.ustrcasecmp
                0x0000000000004758       0x20 ./ustdlib.o
                0x0000000000004758                ustrcasecmp
 .text.ustrncmp
                0x0000000000004778       0x6a ./ustdlib.o
                0x0000000000004778                ustrncmp
 .text.ustrcmp  0x00000000000047e2       0x20 ./ustdlib.o
                0x00000000000047e2                ustrcmp
 *fill*         0x0000000000004802        0x2 
 .text.usrand   0x0000000000004804       0x20 ./ustdlib.o
                0x0000000000004804                usrand
 .text.urand    0x0000000000004824       0x30 ./ustdlib.o
                0x0000000000004824                urand
 .text.exit     0x0000000000004854       0x20 /home/kaviya/ti/ccsv7/tools/compiler/gcc-arm-none-eabi-6-2017-q1-update/bin/../lib/gcc/arm-none-eabi/6.3.1/../../../../arm-none-eabi/lib/thumb/v7e-m/fpv4-sp/hard/libc.a(lib_a-exit.o)
                0x0000000000004854                exit
 .text.__libc_init_array
                0x0000000000004874       0x50 /home/kaviya/ti/ccsv7/tools/compiler/gcc-arm-none-eabi-6-2017-q1-update/bin/../lib/gcc/arm-none-eabi/6.3.1/../../../../arm-none-eabi/lib/thumb/v7e-m/fpv4-sp/hard/libc.a(lib_a-init.o)
                0x0000000000004874                __libc_init_array
 .text.__itoa   0x00000000000048c4       0x30 /home/kaviya/ti/ccsv7/tools/compiler/gcc-arm-none-eabi-6-2017-q1-update/bin/../lib/gcc/arm-none-eabi/6.3.1/../../../../arm-none-eabi/lib/thumb/v7e-m/fpv4-sp/hard/libc.a(lib_a-itoa.o)
                0x00000000000048c4                __itoa
 .text.itoa     0x00000000000048f4        0x4 /home/kaviya/ti/ccsv7/tools/compiler/gcc-arm-none-eabi-6-2017-q1-update/bin/../lib/gcc/arm-none-eabi/6.3.1/../../../../arm-none-eabi/lib/thumb/v7e-m/fpv4-sp/hard/libc.a(lib_a-itoa.o)
                0x00000000000048f4                itoa
 .text.memset   0x00000000000048f8       0x9c /home/kaviya/ti/ccsv7/tools/compiler/gcc-arm-none-eabi-6-2017-q1-update/bin/../lib/gcc/arm-none-eabi/6.3.1/../../../../arm-none-eabi/lib/thumb/v7e-m/fpv4-sp/hard/libc.a(lib_a-memset.o)
                0x00000000000048f8                memset
 .text._printf_r
                0x0000000000004994       0x20 /home/kaviya/ti/ccsv7/tools/compiler/gcc-arm-none-eabi-6-2017-q1-update/bin/../lib/gcc/arm-none-eabi/6.3.1/../../../../arm-none-eabi/lib/thumb/v7e-m/fpv4-sp/hard/libc.a(lib_a-printf.o)
                0x0000000000004994                _printf_r
 .text.printf   0x00000000000049b4       0x28 /home/kaviya/ti/ccsv7/tools/compiler/gcc-arm-none-eabi-6-2017-q1-update/bin/../lib/gcc/arm-none-eabi/6.3.1/../../../../arm-none-eabi/lib/thumb/v7e-m/fpv4-sp/hard/libc.a(lib_a-printf.o)
                0x00000000000049b4                printf
 .text.__utoa   0x00000000000049dc       0x80 /home/kaviya/ti/ccsv7/tools/compiler/gcc-arm-none-eabi-6-2017-q1-update/bin/../lib/gcc/arm-none-eabi/6.3.1/../../../../arm-none-eabi/lib/thumb/v7e-m/fpv4-sp/hard/libc.a(lib_a-utoa.o)
                0x00000000000049dc                __utoa
 .text.utoa     0x0000000000004a5c        0x4 /home/kaviya/ti/ccsv7/tools/compiler/gcc-arm-none-eabi-6-2017-q1-update/bin/../lib/gcc/arm-none-eabi/6.3.1/../../../../arm-none-eabi/lib/thumb/v7e-m/fpv4-sp/hard/libc.a(lib_a-utoa.o)
                0x0000000000004a5c                utoa
 .text._vfprintf_r
                0x0000000000004a60     0x157c /home/kaviya/ti/ccsv7/tools/compiler/gcc-arm-none-eabi-6-2017-q1-update/bin/../lib/gcc/arm-none-eabi/6.3.1/../../../../arm-none-eabi/lib/thumb/v7e-m/fpv4-sp/hard/libc.a(lib_a-vfprintf.o)
                0x0000000000004a60                _vfprintf_r
 .text.vfprintf
                0x0000000000005fdc       0x18 /home/kaviya/ti/ccsv7/tools/compiler/gcc-arm-none-eabi-6-2017-q1-update/bin/../lib/gcc/arm-none-eabi/6.3.1/../../../../arm-none-eabi/lib/thumb/v7e-m/fpv4-sp/hard/libc.a(lib_a-vfprintf.o)
                0x0000000000005fdc                vfprintf
 .text.__sbprintf
                0x0000000000005ff4       0x84 /home/kaviya/ti/ccsv7/tools/compiler/gcc-arm-none-eabi-6-2017-q1-update/bin/../lib/gcc/arm-none-eabi/6.3.1/../../../../arm-none-eabi/lib/thumb/v7e-m/fpv4-sp/hard/libc.a(lib_a-vfprintf.o)
 .text.__swsetup_r
                0x0000000000006078       0xc8 /home/kaviya/ti/ccsv7/tools/compiler/gcc-arm-none-eabi-6-2017-q1-update/bin/../lib/gcc/arm-none-eabi/6.3.1/../../../../arm-none-eabi/lib/thumb/v7e-m/fpv4-sp/hard/libc.a(lib_a-wsetup.o)
                0x0000000000006078                __swsetup_r
 .text.startup.register_fini
                0x0000000000006140       0x14 /home/kaviya/ti/ccsv7/tools/compiler/gcc-arm-none-eabi-6-2017-q1-update/bin/../lib/gcc/arm-none-eabi/6.3.1/../../../../arm-none-eabi/lib/thumb/v7e-m/fpv4-sp/hard/libc.a(lib_a-__call_atexit.o)
 .text.__call_exitprocs
                0x0000000000006154       0xe8 /home/kaviya/ti/ccsv7/tools/compiler/gcc-arm-none-eabi-6-2017-q1-update/bin/../lib/gcc/arm-none-eabi/6.3.1/../../../../arm-none-eabi/lib/thumb/v7e-m/fpv4-sp/hard/libc.a(lib_a-__call_atexit.o)
                0x0000000000006154                __call_exitprocs
 .text.atexit   0x000000000000623c        0xc /home/kaviya/ti/ccsv7/tools/compiler/gcc-arm-none-eabi-6-2017-q1-update/bin/../lib/gcc/arm-none-eabi/6.3.1/../../../../arm-none-eabi/lib/thumb/v7e-m/fpv4-sp/hard/libc.a(lib_a-atexit.o)
                0x000000000000623c                atexit
 .text.quorem   0x0000000000006248      0x128 /home/kaviya/ti/ccsv7/tools/compiler/gcc-arm-none-eabi-6-2017-q1-update/bin/../lib/gcc/arm-none-eabi/6.3.1/../../../../arm-none-eabi/lib/thumb/v7e-m/fpv4-sp/hard/libc.a(lib_a-dtoa.o)
 .text._dtoa_r  0x0000000000006370      0xe4c /home/kaviya/ti/ccsv7/tools/compiler/gcc-arm-none-eabi-6-2017-q1-update/bin/../lib/gcc/arm-none-eabi/6.3.1/../../../../arm-none-eabi/lib/thumb/v7e-m/fpv4-sp/hard/libc.a(lib_a-dtoa.o)
                0x0000000000006370                _dtoa_r
 .text.__sflush_r
                0x00000000000071bc      0x140 /home/kaviya/ti/ccsv7/tools/compiler/gcc-arm-none-eabi-6-2017-q1-update/bin/../lib/gcc/arm-none-eabi/6.3.1/../../../../arm-none-eabi/lib/thumb/v7e-m/fpv4-sp/hard/libc.a(lib_a-fflush.o)
                0x00000000000071bc                __sflush_r
 .text._fflush_r
                0x00000000000072fc       0x54 /home/kaviya/ti/ccsv7/tools/compiler/gcc-arm-none-eabi-6-2017-q1-update/bin/../lib/gcc/arm-none-eabi/6.3.1/../../../../arm-none-eabi/lib/thumb/v7e-m/fpv4-sp/hard/libc.a(lib_a-fflush.o)
                0x00000000000072fc                _fflush_r
 .text.fflush   0x0000000000007350       0x24 /home/kaviya/ti/ccsv7/tools/compiler/gcc-arm-none-eabi-6-2017-q1-update/bin/../lib/gcc/arm-none-eabi/6.3.1/../../../../arm-none-eabi/lib/thumb/v7e-m/fpv4-sp/hard/libc.a(lib_a-fflush.o)
                0x0000000000007350                fflush
 .text._cleanup_r
                0x0000000000007374        0xc /home/kaviya/ti/ccsv7/tools/compiler/gcc-arm-none-eabi-6-2017-q1-update/bin/../lib/gcc/arm-none-eabi/6.3.1/../../../../arm-none-eabi/lib/thumb/v7e-m/fpv4-sp/hard/libc.a(lib_a-findfp.o)
                0x0000000000007374                _cleanup_r
 .text.std.isra.0
                0x0000000000007380       0x50 /home/kaviya/ti/ccsv7/tools/compiler/gcc-arm-none-eabi-6-2017-q1-update/bin/../lib/gcc/arm-none-eabi/6.3.1/../../../../arm-none-eabi/lib/thumb/v7e-m/fpv4-sp/hard/libc.a(lib_a-findfp.o)
 .text.__fp_lock
                0x00000000000073d0       0x1c /home/kaviya/ti/ccsv7/tools/compiler/gcc-arm-none-eabi-6-2017-q1-update/bin/../lib/gcc/arm-none-eabi/6.3.1/../../../../arm-none-eabi/lib/thumb/v7e-m/fpv4-sp/hard/libc.a(lib_a-findfp.o)
 .text.__fp_unlock
                0x00000000000073ec       0x1c /home/kaviya/ti/ccsv7/tools/compiler/gcc-arm-none-eabi-6-2017-q1-update/bin/../lib/gcc/arm-none-eabi/6.3.1/../../../../arm-none-eabi/lib/thumb/v7e-m/fpv4-sp/hard/libc.a(lib_a-findfp.o)
 .text.__sfmoreglue
                0x0000000000007408       0x30 /home/kaviya/ti/ccsv7/tools/compiler/gcc-arm-none-eabi-6-2017-q1-update/bin/../lib/gcc/arm-none-eabi/6.3.1/../../../../arm-none-eabi/lib/thumb/v7e-m/fpv4-sp/hard/libc.a(lib_a-findfp.o)
                0x0000000000007408                __sfmoreglue
 .text._cleanup
                0x0000000000007438       0x14 /home/kaviya/ti/ccsv7/tools/compiler/gcc-arm-none-eabi-6-2017-q1-update/bin/../lib/gcc/arm-none-eabi/6.3.1/../../../../arm-none-eabi/lib/thumb/v7e-m/fpv4-sp/hard/libc.a(lib_a-findfp.o)
                0x0000000000007438                _cleanup
 .text.__sinit  0x000000000000744c       0x58 /home/kaviya/ti/ccsv7/tools/compiler/gcc-arm-none-eabi-6-2017-q1-update/bin/../lib/gcc/arm-none-eabi/6.3.1/../../../../arm-none-eabi/lib/thumb/v7e-m/fpv4-sp/hard/libc.a(lib_a-findfp.o)
                0x000000000000744c                __sinit
 .text.__sfp    0x00000000000074a4       0xa8 /home/kaviya/ti/ccsv7/tools/compiler/gcc-arm-none-eabi-6-2017-q1-update/bin/../lib/gcc/arm-none-eabi/6.3.1/../../../../arm-none-eabi/lib/thumb/v7e-m/fpv4-sp/hard/libc.a(lib_a-findfp.o)
                0x00000000000074a4                __sfp
 .text.__sfp_lock_acquire
                0x000000000000754c        0xc /home/kaviya/ti/ccsv7/tools/compiler/gcc-arm-none-eabi-6-2017-q1-update/bin/../lib/gcc/arm-none-eabi/6.3.1/../../../../arm-none-eabi/lib/thumb/v7e-m/fpv4-sp/hard/libc.a(lib_a-findfp.o)
                0x000000000000754c                __sfp_lock_acquire
 .text.__sfp_lock_release
                0x0000000000007558        0xc /home/kaviya/ti/ccsv7/tools/compiler/gcc-arm-none-eabi-6-2017-q1-update/bin/../lib/gcc/arm-none-eabi/6.3.1/../../../../arm-none-eabi/lib/thumb/v7e-m/fpv4-sp/hard/libc.a(lib_a-findfp.o)
                0x0000000000007558                __sfp_lock_release
 .text.__sinit_lock_acquire
                0x0000000000007564        0xc /home/kaviya/ti/ccsv7/tools/compiler/gcc-arm-none-eabi-6-2017-q1-update/bin/../lib/gcc/arm-none-eabi/6.3.1/../../../../arm-none-eabi/lib/thumb/v7e-m/fpv4-sp/hard/libc.a(lib_a-findfp.o)
                0x0000000000007564                __sinit_lock_acquire
 .text.__sinit_lock_release
                0x0000000000007570        0xc /home/kaviya/ti/ccsv7/tools/compiler/gcc-arm-none-eabi-6-2017-q1-update/bin/../lib/gcc/arm-none-eabi/6.3.1/../../../../arm-none-eabi/lib/thumb/v7e-m/fpv4-sp/hard/libc.a(lib_a-findfp.o)
                0x0000000000007570                __sinit_lock_release
 .text.__fp_lock_all
                0x000000000000757c       0x24 /home/kaviya/ti/ccsv7/tools/compiler/gcc-arm-none-eabi-6-2017-q1-update/bin/../lib/gcc/arm-none-eabi/6.3.1/../../../../arm-none-eabi/lib/thumb/v7e-m/fpv4-sp/hard/libc.a(lib_a-findfp.o)
                0x000000000000757c                __fp_lock_all
 .text.__fp_unlock_all
                0x00000000000075a0       0x24 /home/kaviya/ti/ccsv7/tools/compiler/gcc-arm-none-eabi-6-2017-q1-update/bin/../lib/gcc/arm-none-eabi/6.3.1/../../../../arm-none-eabi/lib/thumb/v7e-m/fpv4-sp/hard/libc.a(lib_a-findfp.o)
                0x00000000000075a0                __fp_unlock_all
 .text.__libc_fini_array
                0x00000000000075c4       0x34 /home/kaviya/ti/ccsv7/tools/compiler/gcc-arm-none-eabi-6-2017-q1-update/bin/../lib/gcc/arm-none-eabi/6.3.1/../../../../arm-none-eabi/lib/thumb/v7e-m/fpv4-sp/hard/libc.a(lib_a-fini.o)
                0x00000000000075c4                __libc_fini_array
 .text._malloc_trim_r
                0x00000000000075f8       0xa0 /home/kaviya/ti/ccsv7/tools/compiler/gcc-arm-none-eabi-6-2017-q1-update/bin/../lib/gcc/arm-none-eabi/6.3.1/../../../../arm-none-eabi/lib/thumb/v7e-m/fpv4-sp/hard/libc.a(lib_a-freer.o)
                0x00000000000075f8                _malloc_trim_r
 .text._free_r  0x0000000000007698      0x1cc /home/kaviya/ti/ccsv7/tools/compiler/gcc-arm-none-eabi-6-2017-q1-update/bin/../lib/gcc/arm-none-eabi/6.3.1/../../../../arm-none-eabi/lib/thumb/v7e-m/fpv4-sp/hard/libc.a(lib_a-freer.o)
                0x0000000000007698                _free_r
 .text._fwalk   0x0000000000007864       0x4c /home/kaviya/ti/ccsv7/tools/compiler/gcc-arm-none-eabi-6-2017-q1-update/bin/../lib/gcc/arm-none-eabi/6.3.1/../../../../arm-none-eabi/lib/thumb/v7e-m/fpv4-sp/hard/libc.a(lib_a-fwalk.o)
                0x0000000000007864                _fwalk
 .text._fwalk_reent
                0x00000000000078b0       0x54 /home/kaviya/ti/ccsv7/tools/compiler/gcc-arm-none-eabi-6-2017-q1-update/bin/../lib/gcc/arm-none-eabi/6.3.1/../../../../arm-none-eabi/lib/thumb/v7e-m/fpv4-sp/hard/libc.a(lib_a-fwalk.o)
                0x00000000000078b0                _fwalk_reent
 .text.__localeconv_l
                0x0000000000007904        0x4 /home/kaviya/ti/ccsv7/tools/compiler/gcc-arm-none-eabi-6-2017-q1-update/bin/../lib/gcc/arm-none-eabi/6.3.1/../../../../arm-none-eabi/lib/thumb/v7e-m/fpv4-sp/hard/libc.a(lib_a-localeconv.o)
                0x0000000000007904                __localeconv_l
 .text._localeconv_r
                0x0000000000007908       0x1c /home/kaviya/ti/ccsv7/tools/compiler/gcc-arm-none-eabi-6-2017-q1-update/bin/../lib/gcc/arm-none-eabi/6.3.1/../../../../arm-none-eabi/lib/thumb/v7e-m/fpv4-sp/hard/libc.a(lib_a-localeconv.o)
                0x0000000000007908                _localeconv_r
 .text.localeconv
                0x0000000000007924       0x1c /home/kaviya/ti/ccsv7/tools/compiler/gcc-arm-none-eabi-6-2017-q1-update/bin/../lib/gcc/arm-none-eabi/6.3.1/../../../../arm-none-eabi/lib/thumb/v7e-m/fpv4-sp/hard/libc.a(lib_a-localeconv.o)
                0x0000000000007924                localeconv
 .text.__retarget_lock_init
                0x0000000000007940        0x4 /home/kaviya/ti/ccsv7/tools/compiler/gcc-arm-none-eabi-6-2017-q1-update/bin/../lib/gcc/arm-none-eabi/6.3.1/../../../../arm-none-eabi/lib/thumb/v7e-m/fpv4-sp/hard/libc.a(lib_a-lock.o)
                0x0000000000007940                __retarget_lock_init
 .text.__retarget_lock_init_recursive
                0x0000000000007944        0x4 /home/kaviya/ti/ccsv7/tools/compiler/gcc-arm-none-eabi-6-2017-q1-update/bin/../lib/gcc/arm-none-eabi/6.3.1/../../../../arm-none-eabi/lib/thumb/v7e-m/fpv4-sp/hard/libc.a(lib_a-lock.o)
                0x0000000000007944                __retarget_lock_init_recursive
 .text.__retarget_lock_close
                0x0000000000007948        0x4 /home/kaviya/ti/ccsv7/tools/compiler/gcc-arm-none-eabi-6-2017-q1-update/bin/../lib/gcc/arm-none-eabi/6.3.1/../../../../arm-none-eabi/lib/thumb/v7e-m/fpv4-sp/hard/libc.a(lib_a-lock.o)
                0x0000000000007948                __retarget_lock_close
 .text.__retarget_lock_close_recursive
                0x000000000000794c        0x4 /home/kaviya/ti/ccsv7/tools/compiler/gcc-arm-none-eabi-6-2017-q1-update/bin/../lib/gcc/arm-none-eabi/6.3.1/../../../../arm-none-eabi/lib/thumb/v7e-m/fpv4-sp/hard/libc.a(lib_a-lock.o)
                0x000000000000794c                __retarget_lock_close_recursive
 .text.__retarget_lock_acquire
                0x0000000000007950        0x4 /home/kaviya/ti/ccsv7/tools/compiler/gcc-arm-none-eabi-6-2017-q1-update/bin/../lib/gcc/arm-none-eabi/6.3.1/../../../../arm-none-eabi/lib/thumb/v7e-m/fpv4-sp/hard/libc.a(lib_a-lock.o)
                0x0000000000007950                __retarget_lock_acquire
 .text.__retarget_lock_acquire_recursive
                0x0000000000007954        0x4 /home/kaviya/ti/ccsv7/tools/compiler/gcc-arm-none-eabi-6-2017-q1-update/bin/../lib/gcc/arm-none-eabi/6.3.1/../../../../arm-none-eabi/lib/thumb/v7e-m/fpv4-sp/hard/libc.a(lib_a-lock.o)
                0x0000000000007954                __retarget_lock_acquire_recursive
 .text.__retarget_lock_try_acquire
                0x0000000000007958        0x4 /home/kaviya/ti/ccsv7/tools/compiler/gcc-arm-none-eabi-6-2017-q1-update/bin/../lib/gcc/arm-none-eabi/6.3.1/../../../../arm-none-eabi/lib/thumb/v7e-m/fpv4-sp/hard/libc.a(lib_a-lock.o)
                0x0000000000007958                __retarget_lock_try_acquire
 .text.__retarget_lock_try_acquire_recursive
                0x000000000000795c        0x4 /home/kaviya/ti/ccsv7/tools/compiler/gcc-arm-none-eabi-6-2017-q1-update/bin/../lib/gcc/arm-none-eabi/6.3.1/../../../../arm-none-eabi/lib/thumb/v7e-m/fpv4-sp/hard/libc.a(lib_a-lock.o)
                0x000000000000795c                __retarget_lock_try_acquire_recursive
 .text.__retarget_lock_release
                0x0000000000007960        0x4 /home/kaviya/ti/ccsv7/tools/compiler/gcc-arm-none-eabi-6-2017-q1-update/bin/../lib/gcc/arm-none-eabi/6.3.1/../../../../arm-none-eabi/lib/thumb/v7e-m/fpv4-sp/hard/libc.a(lib_a-lock.o)
                0x0000000000007960                __retarget_lock_release
 .text.__retarget_lock_release_recursive
                0x0000000000007964        0x4 /home/kaviya/ti/ccsv7/tools/compiler/gcc-arm-none-eabi-6-2017-q1-update/bin/../lib/gcc/arm-none-eabi/6.3.1/../../../../arm-none-eabi/lib/thumb/v7e-m/fpv4-sp/hard/libc.a(lib_a-lock.o)
                0x0000000000007964                __retarget_lock_release_recursive
 .text.__swhatbuf_r
                0x0000000000007968       0x5c /home/kaviya/ti/ccsv7/tools/compiler/gcc-arm-none-eabi-6-2017-q1-update/bin/../lib/gcc/arm-none-eabi/6.3.1/../../../../arm-none-eabi/lib/thumb/v7e-m/fpv4-sp/hard/libc.a(lib_a-makebuf.o)
                0x0000000000007968                __swhatbuf_r
 .text.__smakebuf_r
                0x00000000000079c4       0x94 /home/kaviya/ti/ccsv7/tools/compiler/gcc-arm-none-eabi-6-2017-q1-update/bin/../lib/gcc/arm-none-eabi/6.3.1/../../../../arm-none-eabi/lib/thumb/v7e-m/fpv4-sp/hard/libc.a(lib_a-makebuf.o)
                0x00000000000079c4                __smakebuf_r
 .text._malloc_r
                0x0000000000007a58      0x560 /home/kaviya/ti/ccsv7/tools/compiler/gcc-arm-none-eabi-6-2017-q1-update/bin/../lib/gcc/arm-none-eabi/6.3.1/../../../../arm-none-eabi/lib/thumb/v7e-m/fpv4-sp/hard/libc.a(lib_a-mallocr.o)
                0x0000000000007a58                _malloc_r
 .text.__malloc_lock
                0x0000000000007fb8        0xc /home/kaviya/ti/ccsv7/tools/compiler/gcc-arm-none-eabi-6-2017-q1-update/bin/../lib/gcc/arm-none-eabi/6.3.1/../../../../arm-none-eabi/lib/thumb/v7e-m/fpv4-sp/hard/libc.a(lib_a-mlock.o)
                0x0000000000007fb8                __malloc_lock
 .text.__malloc_unlock
                0x0000000000007fc4        0xc /home/kaviya/ti/ccsv7/tools/compiler/gcc-arm-none-eabi-6-2017-q1-update/bin/../lib/gcc/arm-none-eabi/6.3.1/../../../../arm-none-eabi/lib/thumb/v7e-m/fpv4-sp/hard/libc.a(lib_a-mlock.o)
                0x0000000000007fc4                __malloc_unlock
 .text._Balloc  0x0000000000007fd0       0x4c /home/kaviya/ti/ccsv7/tools/compiler/gcc-arm-none-eabi-6-2017-q1-update/bin/../lib/gcc/arm-none-eabi/6.3.1/../../../../arm-none-eabi/lib/thumb/v7e-m/fpv4-sp/hard/libc.a(lib_a-mprec.o)
                0x0000000000007fd0                _Balloc
 .text._Bfree   0x000000000000801c       0x14 /home/kaviya/ti/ccsv7/tools/compiler/gcc-arm-none-eabi-6-2017-q1-update/bin/../lib/gcc/arm-none-eabi/6.3.1/../../../../arm-none-eabi/lib/thumb/v7e-m/fpv4-sp/hard/libc.a(lib_a-mprec.o)
                0x000000000000801c                _Bfree
 .text.__multadd
                0x0000000000008030       0x80 /home/kaviya/ti/ccsv7/tools/compiler/gcc-arm-none-eabi-6-2017-q1-update/bin/../lib/gcc/arm-none-eabi/6.3.1/../../../../arm-none-eabi/lib/thumb/v7e-m/fpv4-sp/hard/libc.a(lib_a-mprec.o)
                0x0000000000008030                __multadd
 .text.__s2b    0x00000000000080b0       0x9c /home/kaviya/ti/ccsv7/tools/compiler/gcc-arm-none-eabi-6-2017-q1-update/bin/../lib/gcc/arm-none-eabi/6.3.1/../../../../arm-none-eabi/lib/thumb/v7e-m/fpv4-sp/hard/libc.a(lib_a-mprec.o)
                0x00000000000080b0                __s2b
 .text.__hi0bits
                0x000000000000814c       0x40 /home/kaviya/ti/ccsv7/tools/compiler/gcc-arm-none-eabi-6-2017-q1-update/bin/../lib/gcc/arm-none-eabi/6.3.1/../../../../arm-none-eabi/lib/thumb/v7e-m/fpv4-sp/hard/libc.a(lib_a-mprec.o)
                0x000000000000814c                __hi0bits
 .text.__lo0bits
                0x000000000000818c       0x60 /home/kaviya/ti/ccsv7/tools/compiler/gcc-arm-none-eabi-6-2017-q1-update/bin/../lib/gcc/arm-none-eabi/6.3.1/../../../../arm-none-eabi/lib/thumb/v7e-m/fpv4-sp/hard/libc.a(lib_a-mprec.o)
                0x000000000000818c                __lo0bits
 .text.__i2b    0x00000000000081ec       0x14 /home/kaviya/ti/ccsv7/tools/compiler/gcc-arm-none-eabi-6-2017-q1-update/bin/../lib/gcc/arm-none-eabi/6.3.1/../../../../arm-none-eabi/lib/thumb/v7e-m/fpv4-sp/hard/libc.a(lib_a-mprec.o)
                0x00000000000081ec                __i2b
 .text.__multiply
                0x0000000000008200      0x124 /home/kaviya/ti/ccsv7/tools/compiler/gcc-arm-none-eabi-6-2017-q1-update/bin/../lib/gcc/arm-none-eabi/6.3.1/../../../../arm-none-eabi/lib/thumb/v7e-m/fpv4-sp/hard/libc.a(lib_a-mprec.o)
                0x0000000000008200                __multiply
 .text.__pow5mult
                0x0000000000008324       0xa0 /home/kaviya/ti/ccsv7/tools/compiler/gcc-arm-none-eabi-6-2017-q1-update/bin/../lib/gcc/arm-none-eabi/6.3.1/../../../../arm-none-eabi/lib/thumb/v7e-m/fpv4-sp/hard/libc.a(lib_a-mprec.o)
                0x0000000000008324                __pow5mult
 .text.__lshift
                0x00000000000083c4       0xa4 /home/kaviya/ti/ccsv7/tools/compiler/gcc-arm-none-eabi-6-2017-q1-update/bin/../lib/gcc/arm-none-eabi/6.3.1/../../../../arm-none-eabi/lib/thumb/v7e-m/fpv4-sp/hard/libc.a(lib_a-mprec.o)
                0x00000000000083c4                __lshift
 .text.__mcmp   0x0000000000008468       0x38 /home/kaviya/ti/ccsv7/tools/compiler/gcc-arm-none-eabi-6-2017-q1-update/bin/../lib/gcc/arm-none-eabi/6.3.1/../../../../arm-none-eabi/lib/thumb/v7e-m/fpv4-sp/hard/libc.a(lib_a-mprec.o)
                0x0000000000008468                __mcmp
 .text.__mdiff  0x00000000000084a0      0x108 /home/kaviya/ti/ccsv7/tools/compiler/gcc-arm-none-eabi-6-2017-q1-update/bin/../lib/gcc/arm-none-eabi/6.3.1/../../../../arm-none-eabi/lib/thumb/v7e-m/fpv4-sp/hard/libc.a(lib_a-mprec.o)
                0x00000000000084a0                __mdiff
 .text.__ulp    0x00000000000085a8       0x54 /home/kaviya/ti/ccsv7/tools/compiler/gcc-arm-none-eabi-6-2017-q1-update/bin/../lib/gcc/arm-none-eabi/6.3.1/../../../../arm-none-eabi/lib/thumb/v7e-m/fpv4-sp/hard/libc.a(lib_a-mprec.o)
                0x00000000000085a8                __ulp
 .text.__b2d    0x00000000000085fc       0xc4 /home/kaviya/ti/ccsv7/tools/compiler/gcc-arm-none-eabi-6-2017-q1-update/bin/../lib/gcc/arm-none-eabi/6.3.1/../../../../arm-none-eabi/lib/thumb/v7e-m/fpv4-sp/hard/libc.a(lib_a-mprec.o)
                0x00000000000085fc                __b2d
 .text.__d2b    0x00000000000086c0       0xbc /home/kaviya/ti/ccsv7/tools/compiler/gcc-arm-none-eabi-6-2017-q1-update/bin/../lib/gcc/arm-none-eabi/6.3.1/../../../../arm-none-eabi/lib/thumb/v7e-m/fpv4-sp/hard/libc.a(lib_a-mprec.o)
                0x00000000000086c0                __d2b
 .text.__ratio  0x000000000000877c       0x60 /home/kaviya/ti/ccsv7/tools/compiler/gcc-arm-none-eabi-6-2017-q1-update/bin/../lib/gcc/arm-none-eabi/6.3.1/../../../../arm-none-eabi/lib/thumb/v7e-m/fpv4-sp/hard/libc.a(lib_a-mprec.o)
                0x000000000000877c                __ratio
 .text._mprec_log10
                0x00000000000087dc       0x40 /home/kaviya/ti/ccsv7/tools/compiler/gcc-arm-none-eabi-6-2017-q1-update/bin/../lib/gcc/arm-none-eabi/6.3.1/../../../../arm-none-eabi/lib/thumb/v7e-m/fpv4-sp/hard/libc.a(lib_a-mprec.o)
                0x00000000000087dc                _mprec_log10
 .text.__copybits
                0x000000000000881c       0x48 /home/kaviya/ti/ccsv7/tools/compiler/gcc-arm-none-eabi-6-2017-q1-update/bin/../lib/gcc/arm-none-eabi/6.3.1/../../../../arm-none-eabi/lib/thumb/v7e-m/fpv4-sp/hard/libc.a(lib_a-mprec.o)
                0x000000000000881c                __copybits
 .text.__any_on
                0x0000000000008864       0x60 /home/kaviya/ti/ccsv7/tools/compiler/gcc-arm-none-eabi-6-2017-q1-update/bin/../lib/gcc/arm-none-eabi/6.3.1/../../../../arm-none-eabi/lib/thumb/v7e-m/fpv4-sp/hard/libc.a(lib_a-mprec.o)
                0x0000000000008864                __any_on
 .text._sbrk_r  0x00000000000088c4       0x24 /home/kaviya/ti/ccsv7/tools/compiler/gcc-arm-none-eabi-6-2017-q1-update/bin/../lib/gcc/arm-none-eabi/6.3.1/../../../../arm-none-eabi/lib/thumb/v7e-m/fpv4-sp/hard/libc.a(lib_a-sbrkr.o)
                0x00000000000088c4                _sbrk_r
 .text.__sread  0x00000000000088e8       0x24 /home/kaviya/ti/ccsv7/tools/compiler/gcc-arm-none-eabi-6-2017-q1-update/bin/../lib/gcc/arm-none-eabi/6.3.1/../../../../arm-none-eabi/lib/thumb/v7e-m/fpv4-sp/hard/libc.a(lib_a-stdio.o)
                0x00000000000088e8                __sread
 .text.__seofread
                0x000000000000890c        0x4 /home/kaviya/ti/ccsv7/tools/compiler/gcc-arm-none-eabi-6-2017-q1-update/bin/../lib/gcc/arm-none-eabi/6.3.1/../../../../arm-none-eabi/lib/thumb/v7e-m/fpv4-sp/hard/libc.a(lib_a-stdio.o)
                0x000000000000890c                __seofread
 .text.__swrite
                0x0000000000008910       0x3c /home/kaviya/ti/ccsv7/tools/compiler/gcc-arm-none-eabi-6-2017-q1-update/bin/../lib/gcc/arm-none-eabi/6.3.1/../../../../arm-none-eabi/lib/thumb/v7e-m/fpv4-sp/hard/libc.a(lib_a-stdio.o)
                0x0000000000008910                __swrite
 .text.__sseek  0x000000000000894c       0x20 /home/kaviya/ti/ccsv7/tools/compiler/gcc-arm-none-eabi-6-2017-q1-update/bin/../lib/gcc/arm-none-eabi/6.3.1/../../../../arm-none-eabi/lib/thumb/v7e-m/fpv4-sp/hard/libc.a(lib_a-stdio.o)
                0x000000000000894c                __sseek
 .text.__sclose
                0x000000000000896c        0x8 /home/kaviya/ti/ccsv7/tools/compiler/gcc-arm-none-eabi-6-2017-q1-update/bin/../lib/gcc/arm-none-eabi/6.3.1/../../../../arm-none-eabi/lib/thumb/v7e-m/fpv4-sp/hard/libc.a(lib_a-stdio.o)
                0x000000000000896c                __sclose
 .text.__sprint_r.part.0
                0x0000000000008974       0x80 /home/kaviya/ti/ccsv7/tools/compiler/gcc-arm-none-eabi-6-2017-q1-update/bin/../lib/gcc/arm-none-eabi/6.3.1/../../../../arm-none-eabi/lib/thumb/v7e-m/fpv4-sp/hard/libc.a(lib_a-vfiprintf.o)
 .text.__sprint_r
                0x00000000000089f4       0x14 /home/kaviya/ti/ccsv7/tools/compiler/gcc-arm-none-eabi-6-2017-q1-update/bin/../lib/gcc/arm-none-eabi/6.3.1/../../../../arm-none-eabi/lib/thumb/v7e-m/fpv4-sp/hard/libc.a(lib_a-vfiprintf.o)
                0x00000000000089f4                __sprint_r
 .text._vfiprintf_r
                0x0000000000008a08      0xc90 /home/kaviya/ti/ccsv7/tools/compiler/gcc-arm-none-eabi-6-2017-q1-update/bin/../lib/gcc/arm-none-eabi/6.3.1/../../../../arm-none-eabi/lib/thumb/v7e-m/fpv4-sp/hard/libc.a(lib_a-vfiprintf.o)
                0x0000000000008a08                _vfiprintf_r
 .text.vfiprintf
                0x0000000000009698       0x18 /home/kaviya/ti/ccsv7/tools/compiler/gcc-arm-none-eabi-6-2017-q1-update/bin/../lib/gcc/arm-none-eabi/6.3.1/../../../../arm-none-eabi/lib/thumb/v7e-m/fpv4-sp/hard/libc.a(lib_a-vfiprintf.o)
                0x0000000000009698                vfiprintf
 .text.__sbprintf
                0x00000000000096b0       0x84 /home/kaviya/ti/ccsv7/tools/compiler/gcc-arm-none-eabi-6-2017-q1-update/bin/../lib/gcc/arm-none-eabi/6.3.1/../../../../arm-none-eabi/lib/thumb/v7e-m/fpv4-sp/hard/libc.a(lib_a-vfiprintf.o)
 .text._write_r
                0x0000000000009734       0x2c /home/kaviya/ti/ccsv7/tools/compiler/gcc-arm-none-eabi-6-2017-q1-update/bin/../lib/gcc/arm-none-eabi/6.3.1/../../../../arm-none-eabi/lib/thumb/v7e-m/fpv4-sp/hard/libc.a(lib_a-writer.o)
                0x0000000000009734                _write_r
 .text.__register_exitproc
                0x0000000000009760       0xc4 /home/kaviya/ti/ccsv7/tools/compiler/gcc-arm-none-eabi-6-2017-q1-update/bin/../lib/gcc/arm-none-eabi/6.3.1/../../../../arm-none-eabi/lib/thumb/v7e-m/fpv4-sp/hard/libc.a(lib_a-__atexit.o)
                0x0000000000009760                __register_exitproc
 .text._calloc_r
                0x0000000000009824       0x60 /home/kaviya/ti/ccsv7/tools/compiler/gcc-arm-none-eabi-6-2017-q1-update/bin/../lib/gcc/arm-none-eabi/6.3.1/../../../../arm-none-eabi/lib/thumb/v7e-m/fpv4-sp/hard/libc.a(lib_a-callocr.o)
                0x0000000000009824                _calloc_r
 .text._close_r
                0x0000000000009884       0x24 /home/kaviya/ti/ccsv7/tools/compiler/gcc-arm-none-eabi-6-2017-q1-update/bin/../lib/gcc/arm-none-eabi/6.3.1/../../../../arm-none-eabi/lib/thumb/v7e-m/fpv4-sp/hard/libc.a(lib_a-closer.o)
                0x0000000000009884                _close_r
 .text._fclose_r
                0x00000000000098a8       0xc4 /home/kaviya/ti/ccsv7/tools/compiler/gcc-arm-none-eabi-6-2017-q1-update/bin/../lib/gcc/arm-none-eabi/6.3.1/../../../../arm-none-eabi/lib/thumb/v7e-m/fpv4-sp/hard/libc.a(lib_a-fclose.o)
                0x00000000000098a8                _fclose_r
 .text.fclose   0x000000000000996c       0x10 /home/kaviya/ti/ccsv7/tools/compiler/gcc-arm-none-eabi-6-2017-q1-update/bin/../lib/gcc/arm-none-eabi/6.3.1/../../../../arm-none-eabi/lib/thumb/v7e-m/fpv4-sp/hard/libc.a(lib_a-fclose.o)
                0x000000000000996c                fclose
 .text.__fputwc
                0x000000000000997c       0xa0 /home/kaviya/ti/ccsv7/tools/compiler/gcc-arm-none-eabi-6-2017-q1-update/bin/../lib/gcc/arm-none-eabi/6.3.1/../../../../arm-none-eabi/lib/thumb/v7e-m/fpv4-sp/hard/libc.a(lib_a-fputwc.o)
                0x000000000000997c                __fputwc
 .text._fputwc_r
                0x0000000000009a1c       0x68 /home/kaviya/ti/ccsv7/tools/compiler/gcc-arm-none-eabi-6-2017-q1-update/bin/../lib/gcc/arm-none-eabi/6.3.1/../../../../arm-none-eabi/lib/thumb/v7e-m/fpv4-sp/hard/libc.a(lib_a-fputwc.o)
                0x0000000000009a1c                _fputwc_r
 .text.fputwc   0x0000000000009a84       0x28 /home/kaviya/ti/ccsv7/tools/compiler/gcc-arm-none-eabi-6-2017-q1-update/bin/../lib/gcc/arm-none-eabi/6.3.1/../../../../arm-none-eabi/lib/thumb/v7e-m/fpv4-sp/hard/libc.a(lib_a-fputwc.o)
                0x0000000000009a84                fputwc
 .text._fstat_r
                0x0000000000009aac       0x28 /home/kaviya/ti/ccsv7/tools/compiler/gcc-arm-none-eabi-6-2017-q1-update/bin/../lib/gcc/arm-none-eabi/6.3.1/../../../../arm-none-eabi/lib/thumb/v7e-m/fpv4-sp/hard/libc.a(lib_a-fstatr.o)
                0x0000000000009aac                _fstat_r
 .text.__sfvwrite_r
                0x0000000000009ad4      0x2f0 /home/kaviya/ti/ccsv7/tools/compiler/gcc-arm-none-eabi-6-2017-q1-update/bin/../lib/gcc/arm-none-eabi/6.3.1/../../../../arm-none-eabi/lib/thumb/v7e-m/fpv4-sp/hard/libc.a(lib_a-fvwrite.o)
                0x0000000000009ad4                __sfvwrite_r
 .text._isatty_r
                0x0000000000009dc4       0x24 /home/kaviya/ti/ccsv7/tools/compiler/gcc-arm-none-eabi-6-2017-q1-update/bin/../lib/gcc/arm-none-eabi/6.3.1/../../../../arm-none-eabi/lib/thumb/v7e-m/fpv4-sp/hard/libc.a(lib_a-isattyr.o)
                0x0000000000009dc4                _isatty_r
 .text._setlocale_r
                0x0000000000009de8       0x40 /home/kaviya/ti/ccsv7/tools/compiler/gcc-arm-none-eabi-6-2017-q1-update/bin/../lib/gcc/arm-none-eabi/6.3.1/../../../../arm-none-eabi/lib/thumb/v7e-m/fpv4-sp/hard/libc.a(lib_a-locale.o)
                0x0000000000009de8                _setlocale_r
 .text.__locale_mb_cur_max
                0x0000000000009e28       0x1c /home/kaviya/ti/ccsv7/tools/compiler/gcc-arm-none-eabi-6-2017-q1-update/bin/../lib/gcc/arm-none-eabi/6.3.1/../../../../arm-none-eabi/lib/thumb/v7e-m/fpv4-sp/hard/libc.a(lib_a-locale.o)
                0x0000000000009e28                __locale_mb_cur_max
 .text.__locale_ctype_ptr_l
                0x0000000000009e44        0x8 /home/kaviya/ti/ccsv7/tools/compiler/gcc-arm-none-eabi-6-2017-q1-update/bin/../lib/gcc/arm-none-eabi/6.3.1/../../../../arm-none-eabi/lib/thumb/v7e-m/fpv4-sp/hard/libc.a(lib_a-locale.o)
                0x0000000000009e44                __locale_ctype_ptr_l
 .text.__locale_ctype_ptr
                0x0000000000009e4c       0x1c /home/kaviya/ti/ccsv7/tools/compiler/gcc-arm-none-eabi-6-2017-q1-update/bin/../lib/gcc/arm-none-eabi/6.3.1/../../../../arm-none-eabi/lib/thumb/v7e-m/fpv4-sp/hard/libc.a(lib_a-locale.o)
                0x0000000000009e4c                __locale_ctype_ptr
 .text.setlocale
                0x0000000000009e68       0x10 /home/kaviya/ti/ccsv7/tools/compiler/gcc-arm-none-eabi-6-2017-q1-update/bin/../lib/gcc/arm-none-eabi/6.3.1/../../../../arm-none-eabi/lib/thumb/v7e-m/fpv4-sp/hard/libc.a(lib_a-locale.o)
                0x0000000000009e68                setlocale
 .text._lseek_r
                0x0000000000009e78       0x2c /home/kaviya/ti/ccsv7/tools/compiler/gcc-arm-none-eabi-6-2017-q1-update/bin/../lib/gcc/arm-none-eabi/6.3.1/../../../../arm-none-eabi/lib/thumb/v7e-m/fpv4-sp/hard/libc.a(lib_a-lseekr.o)
                0x0000000000009e78                _lseek_r
 .text._mbtowc_r
                0x0000000000009ea4       0x24 /home/kaviya/ti/ccsv7/tools/compiler/gcc-arm-none-eabi-6-2017-q1-update/bin/../lib/gcc/arm-none-eabi/6.3.1/../../../../arm-none-eabi/lib/thumb/v7e-m/fpv4-sp/hard/libc.a(lib_a-mbtowc_r.o)
                0x0000000000009ea4                _mbtowc_r
 .text.__ascii_mbtowc
                0x0000000000009ec8       0x2c /home/kaviya/ti/ccsv7/tools/compiler/gcc-arm-none-eabi-6-2017-q1-update/bin/../lib/gcc/arm-none-eabi/6.3.1/../../../../arm-none-eabi/lib/thumb/v7e-m/fpv4-sp/hard/libc.a(lib_a-mbtowc_r.o)
                0x0000000000009ec8                __ascii_mbtowc
 .text.memmove  0x0000000000009ef4       0xc8 /home/kaviya/ti/ccsv7/tools/compiler/gcc-arm-none-eabi-6-2017-q1-update/bin/../lib/gcc/arm-none-eabi/6.3.1/../../../../arm-none-eabi/lib/thumb/v7e-m/fpv4-sp/hard/libc.a(lib_a-memmove.o)
                0x0000000000009ef4                memmove
 .text._read_r  0x0000000000009fbc       0x2c /home/kaviya/ti/ccsv7/tools/compiler/gcc-arm-none-eabi-6-2017-q1-update/bin/../lib/gcc/arm-none-eabi/6.3.1/../../../../arm-none-eabi/lib/thumb/v7e-m/fpv4-sp/hard/libc.a(lib_a-readr.o)
                0x0000000000009fbc                _read_r
 .text._realloc_r
                0x0000000000009fe8      0x34c /home/kaviya/ti/ccsv7/tools/compiler/gcc-arm-none-eabi-6-2017-q1-update/bin/../lib/gcc/arm-none-eabi/6.3.1/../../../../arm-none-eabi/lib/thumb/v7e-m/fpv4-sp/hard/libc.a(lib_a-reallocr.o)
                0x0000000000009fe8                _realloc_r
 .text.cleanup_glue
                0x000000000000a334       0x1c /home/kaviya/ti/ccsv7/tools/compiler/gcc-arm-none-eabi-6-2017-q1-update/bin/../lib/gcc/arm-none-eabi/6.3.1/../../../../arm-none-eabi/lib/thumb/v7e-m/fpv4-sp/hard/libc.a(lib_a-reent.o)
                0x000000000000a334                cleanup_glue
 .text._reclaim_reent
                0x000000000000a350       0x88 /home/kaviya/ti/ccsv7/tools/compiler/gcc-arm-none-eabi-6-2017-q1-update/bin/../lib/gcc/arm-none-eabi/6.3.1/../../../../arm-none-eabi/lib/thumb/v7e-m/fpv4-sp/hard/libc.a(lib_a-reent.o)
                0x000000000000a350                _reclaim_reent
 .text.__swbuf_r
                0x000000000000a3d8       0xb0 /home/kaviya/ti/ccsv7/tools/compiler/gcc-arm-none-eabi-6-2017-q1-update/bin/../lib/gcc/arm-none-eabi/6.3.1/../../../../arm-none-eabi/lib/thumb/v7e-m/fpv4-sp/hard/libc.a(lib_a-wbuf.o)
                0x000000000000a3d8                __swbuf_r
 .text.__swbuf  0x000000000000a488       0x10 /home/kaviya/ti/ccsv7/tools/compiler/gcc-arm-none-eabi-6-2017-q1-update/bin/../lib/gcc/arm-none-eabi/6.3.1/../../../../arm-none-eabi/lib/thumb/v7e-m/fpv4-sp/hard/libc.a(lib_a-wbuf.o)
                0x000000000000a488                __swbuf
 .text._wcrtomb_r
                0x000000000000a498       0x54 /home/kaviya/ti/ccsv7/tools/compiler/gcc-arm-none-eabi-6-2017-q1-update/bin/../lib/gcc/arm-none-eabi/6.3.1/../../../../arm-none-eabi/lib/thumb/v7e-m/fpv4-sp/hard/libc.a(lib_a-wcrtomb.o)
                0x000000000000a498                _wcrtomb_r
 .text.wcrtomb  0x000000000000a4ec       0x4c /home/kaviya/ti/ccsv7/tools/compiler/gcc-arm-none-eabi-6-2017-q1-update/bin/../lib/gcc/arm-none-eabi/6.3.1/../../../../arm-none-eabi/lib/thumb/v7e-m/fpv4-sp/hard/libc.a(lib_a-wcrtomb.o)
                0x000000000000a4ec                wcrtomb
 .text._wctomb_r
                0x000000000000a538       0x24 /home/kaviya/ti/ccsv7/tools/compiler/gcc-arm-none-eabi-6-2017-q1-update/bin/../lib/gcc/arm-none-eabi/6.3.1/../../../../arm-none-eabi/lib/thumb/v7e-m/fpv4-sp/hard/libc.a(lib_a-wctomb_r.o)
                0x000000000000a538                _wctomb_r
 .text.__ascii_wctomb
                0x000000000000a55c       0x1c /home/kaviya/ti/ccsv7/tools/compiler/gcc-arm-none-eabi-6-2017-q1-update/bin/../lib/gcc/arm-none-eabi/6.3.1/../../../../arm-none-eabi/lib/thumb/v7e-m/fpv4-sp/hard/libc.a(lib_a-wctomb_r.o)
                0x000000000000a55c                __ascii_wctomb
 .text.findslot
                0x000000000000a578       0x38 /home/kaviya/ti/ccsv7/tools/compiler/gcc-arm-none-eabi-6-2017-q1-update/bin/../lib/gcc/arm-none-eabi/6.3.1/../../../../arm-none-eabi/lib/thumb/v7e-m/fpv4-sp/hard/librdimon.a(rdimon-syscalls.o)
 .text.checkerror.part.0
                0x000000000000a5b0       0x1c /home/kaviya/ti/ccsv7/tools/compiler/gcc-arm-none-eabi-6-2017-q1-update/bin/../lib/gcc/arm-none-eabi/6.3.1/../../../../arm-none-eabi/lib/thumb/v7e-m/fpv4-sp/hard/librdimon.a(rdimon-syscalls.o)
 .text.initialise_monitor_handles
                0x000000000000a5cc       0xa8 /home/kaviya/ti/ccsv7/tools/compiler/gcc-arm-none-eabi-6-2017-q1-update/bin/../lib/gcc/arm-none-eabi/6.3.1/../../../../arm-none-eabi/lib/thumb/v7e-m/fpv4-sp/hard/librdimon.a(rdimon-syscalls.o)
                0x000000000000a5cc                initialise_monitor_handles
 .text._swiread
                0x000000000000a674       0x28 /home/kaviya/ti/ccsv7/tools/compiler/gcc-arm-none-eabi-6-2017-q1-update/bin/../lib/gcc/arm-none-eabi/6.3.1/../../../../arm-none-eabi/lib/thumb/v7e-m/fpv4-sp/hard/librdimon.a(rdimon-syscalls.o)
                0x000000000000a674                _swiread
 .text._read    0x000000000000a69c       0x50 /home/kaviya/ti/ccsv7/tools/compiler/gcc-arm-none-eabi-6-2017-q1-update/bin/../lib/gcc/arm-none-eabi/6.3.1/../../../../arm-none-eabi/lib/thumb/v7e-m/fpv4-sp/hard/librdimon.a(rdimon-syscalls.o)
                0x000000000000a69c                _read
 .text._swilseek
                0x000000000000a6ec       0x94 /home/kaviya/ti/ccsv7/tools/compiler/gcc-arm-none-eabi-6-2017-q1-update/bin/../lib/gcc/arm-none-eabi/6.3.1/../../../../arm-none-eabi/lib/thumb/v7e-m/fpv4-sp/hard/librdimon.a(rdimon-syscalls.o)
                0x000000000000a6ec                _swilseek
 .text._lseek   0x000000000000a780        0x4 /home/kaviya/ti/ccsv7/tools/compiler/gcc-arm-none-eabi-6-2017-q1-update/bin/../lib/gcc/arm-none-eabi/6.3.1/../../../../arm-none-eabi/lib/thumb/v7e-m/fpv4-sp/hard/librdimon.a(rdimon-syscalls.o)
                0x000000000000a780                _lseek
 .text._swiwrite
                0x000000000000a784       0x28 /home/kaviya/ti/ccsv7/tools/compiler/gcc-arm-none-eabi-6-2017-q1-update/bin/../lib/gcc/arm-none-eabi/6.3.1/../../../../arm-none-eabi/lib/thumb/v7e-m/fpv4-sp/hard/librdimon.a(rdimon-syscalls.o)
                0x000000000000a784                _swiwrite
 .text._write   0x000000000000a7ac       0x74 /home/kaviya/ti/ccsv7/tools/compiler/gcc-arm-none-eabi-6-2017-q1-update/bin/../lib/gcc/arm-none-eabi/6.3.1/../../../../arm-none-eabi/lib/thumb/v7e-m/fpv4-sp/hard/librdimon.a(rdimon-syscalls.o)
                0x000000000000a7ac                _write
 .text._swiclose
                0x000000000000a820       0x28 /home/kaviya/ti/ccsv7/tools/compiler/gcc-arm-none-eabi-6-2017-q1-update/bin/../lib/gcc/arm-none-eabi/6.3.1/../../../../arm-none-eabi/lib/thumb/v7e-m/fpv4-sp/hard/librdimon.a(rdimon-syscalls.o)
                0x000000000000a820                _swiclose
 .text._close   0x000000000000a848       0x64 /home/kaviya/ti/ccsv7/tools/compiler/gcc-arm-none-eabi-6-2017-q1-update/bin/../lib/gcc/arm-none-eabi/6.3.1/../../../../arm-none-eabi/lib/thumb/v7e-m/fpv4-sp/hard/librdimon.a(rdimon-syscalls.o)
                0x000000000000a848                _close
 .text._getpid  0x000000000000a8ac        0x4 /home/kaviya/ti/ccsv7/tools/compiler/gcc-arm-none-eabi-6-2017-q1-update/bin/../lib/gcc/arm-none-eabi/6.3.1/../../../../arm-none-eabi/lib/thumb/v7e-m/fpv4-sp/hard/librdimon.a(rdimon-syscalls.o)
                0x000000000000a8ac                _getpid
 .text._sbrk    0x000000000000a8b0       0x4c /home/kaviya/ti/ccsv7/tools/compiler/gcc-arm-none-eabi-6-2017-q1-update/bin/../lib/gcc/arm-none-eabi/6.3.1/../../../../arm-none-eabi/lib/thumb/v7e-m/fpv4-sp/hard/librdimon.a(rdimon-syscalls.o)
                0x000000000000a8b0                _sbrk
 .text._swistat
                0x000000000000a8fc       0x48 /home/kaviya/ti/ccsv7/tools/compiler/gcc-arm-none-eabi-6-2017-q1-update/bin/../lib/gcc/arm-none-eabi/6.3.1/../../../../arm-none-eabi/lib/thumb/v7e-m/fpv4-sp/hard/librdimon.a(rdimon-syscalls.o)
                0x000000000000a8fc                _swistat
 .text._fstat   0x000000000000a944       0x1c /home/kaviya/ti/ccsv7/tools/compiler/gcc-arm-none-eabi-6-2017-q1-update/bin/../lib/gcc/arm-none-eabi/6.3.1/../../../../arm-none-eabi/lib/thumb/v7e-m/fpv4-sp/hard/librdimon.a(rdimon-syscalls.o)
                0x000000000000a944                _fstat
 .text._stat    0x000000000000a960       0x3c /home/kaviya/ti/ccsv7/tools/compiler/gcc-arm-none-eabi-6-2017-q1-update/bin/../lib/gcc/arm-none-eabi/6.3.1/../../../../arm-none-eabi/lib/thumb/v7e-m/fpv4-sp/hard/librdimon.a(rdimon-syscalls.o)
                0x000000000000a960                _stat
 .text._swiopen
                0x000000000000a99c       0xd8 /home/kaviya/ti/ccsv7/tools/compiler/gcc-arm-none-eabi-6-2017-q1-update/bin/../lib/gcc/arm-none-eabi/6.3.1/../../../../arm-none-eabi/lib/thumb/v7e-m/fpv4-sp/hard/librdimon.a(rdimon-syscalls.o)
                0x000000000000a99c                _swiopen
 .text._open    0x000000000000aa74       0x14 /home/kaviya/ti/ccsv7/tools/compiler/gcc-arm-none-eabi-6-2017-q1-update/bin/../lib/gcc/arm-none-eabi/6.3.1/../../../../arm-none-eabi/lib/thumb/v7e-m/fpv4-sp/hard/librdimon.a(rdimon-syscalls.o)
                0x000000000000aa74                _open
 .text._link    0x000000000000aa88       0x10 /home/kaviya/ti/ccsv7/tools/compiler/gcc-arm-none-eabi-6-2017-q1-update/bin/../lib/gcc/arm-none-eabi/6.3.1/../../../../arm-none-eabi/lib/thumb/v7e-m/fpv4-sp/hard/librdimon.a(rdimon-syscalls.o)
                0x000000000000aa88                _link
 .text._unlink  0x000000000000aa98       0x40 /home/kaviya/ti/ccsv7/tools/compiler/gcc-arm-none-eabi-6-2017-q1-update/bin/../lib/gcc/arm-none-eabi/6.3.1/../../../../arm-none-eabi/lib/thumb/v7e-m/fpv4-sp/hard/librdimon.a(rdimon-syscalls.o)
                0x000000000000aa98                _unlink
 .text._gettimeofday
                0x000000000000aad8       0x24 /home/kaviya/ti/ccsv7/tools/compiler/gcc-arm-none-eabi-6-2017-q1-update/bin/../lib/gcc/arm-none-eabi/6.3.1/../../../../arm-none-eabi/lib/thumb/v7e-m/fpv4-sp/hard/librdimon.a(rdimon-syscalls.o)
                0x000000000000aad8                _gettimeofday
 .text._clock   0x000000000000aafc       0x14 /home/kaviya/ti/ccsv7/tools/compiler/gcc-arm-none-eabi-6-2017-q1-update/bin/../lib/gcc/arm-none-eabi/6.3.1/../../../../arm-none-eabi/lib/thumb/v7e-m/fpv4-sp/hard/librdimon.a(rdimon-syscalls.o)
                0x000000000000aafc                _clock
 .text._times   0x000000000000ab10       0x20 /home/kaviya/ti/ccsv7/tools/compiler/gcc-arm-none-eabi-6-2017-q1-update/bin/../lib/gcc/arm-none-eabi/6.3.1/../../../../arm-none-eabi/lib/thumb/v7e-m/fpv4-sp/hard/librdimon.a(rdimon-syscalls.o)
                0x000000000000ab10                _times
 .text._isatty  0x000000000000ab30       0x3c /home/kaviya/ti/ccsv7/tools/compiler/gcc-arm-none-eabi-6-2017-q1-update/bin/../lib/gcc/arm-none-eabi/6.3.1/../../../../arm-none-eabi/lib/thumb/v7e-m/fpv4-sp/hard/librdimon.a(rdimon-syscalls.o)
                0x000000000000ab30                _isatty
 .text._system  0x000000000000ab6c       0x44 /home/kaviya/ti/ccsv7/tools/compiler/gcc-arm-none-eabi-6-2017-q1-update/bin/../lib/gcc/arm-none-eabi/6.3.1/../../../../arm-none-eabi/lib/thumb/v7e-m/fpv4-sp/hard/librdimon.a(rdimon-syscalls.o)
                0x000000000000ab6c                _system
 .text._rename  0x000000000000abb0       0x3c /home/kaviya/ti/ccsv7/tools/compiler/gcc-arm-none-eabi-6-2017-q1-update/bin/../lib/gcc/arm-none-eabi/6.3.1/../../../../arm-none-eabi/lib/thumb/v7e-m/fpv4-sp/hard/librdimon.a(rdimon-syscalls.o)
                0x000000000000abb0                _rename
 .text._exit    0x000000000000abec        0x8 /home/kaviya/ti/ccsv7/tools/compiler/gcc-arm-none-eabi-6-2017-q1-update/bin/../lib/gcc/arm-none-eabi/6.3.1/../../../../arm-none-eabi/lib/thumb/v7e-m/fpv4-sp/hard/librdimon.a(rdimon-_exit.o)
                0x000000000000abec                _exit
 .text._kill    0x000000000000abf4       0x20 /home/kaviya/ti/ccsv7/tools/compiler/gcc-arm-none-eabi-6-2017-q1-update/bin/../lib/gcc/arm-none-eabi/6.3.1/../../../../arm-none-eabi/lib/thumb/v7e-m/fpv4-sp/hard/librdimon.a(rdimon-_kill.o)
                0x000000000000abf4                _kill
 .text.__errno  0x000000000000ac14        0xc /home/kaviya/ti/ccsv7/tools/compiler/gcc-arm-none-eabi-6-2017-q1-update/bin/../lib/gcc/arm-none-eabi/6.3.1/../../../../arm-none-eabi/lib/thumb/v7e-m/fpv4-sp/hard/libc.a(lib_a-errno.o)
                0x000000000000ac14                __errno
 .text.FPUEnable
                0x000000000000ac20       0x10 /home/kaviya/ti/TivaWare_C_Series-2.1.4.178/driverlib/gcc/libdriver.a(fpu.o)
                0x000000000000ac20                FPUEnable
 .text.FPUDisable
                0x000000000000ac30       0x10 /home/kaviya/ti/TivaWare_C_Series-2.1.4.178/driverlib/gcc/libdriver.a(fpu.o)
                0x000000000000ac30                FPUDisable
 .text.FPUStackingEnable
                0x000000000000ac40       0x14 /home/kaviya/ti/TivaWare_C_Series-2.1.4.178/driverlib/gcc/libdriver.a(fpu.o)
                0x000000000000ac40                FPUStackingEnable
 .text.FPULazyStackingEnable
                0x000000000000ac54       0x10 /home/kaviya/ti/TivaWare_C_Series-2.1.4.178/driverlib/gcc/libdriver.a(fpu.o)
                0x000000000000ac54                FPULazyStackingEnable
 .text.FPUStackingDisable
                0x000000000000ac64       0x10 /home/kaviya/ti/TivaWare_C_Series-2.1.4.178/driverlib/gcc/libdriver.a(fpu.o)
                0x000000000000ac64                FPUStackingDisable
 .text.FPUHalfPrecisionModeSet
                0x000000000000ac74       0x14 /home/kaviya/ti/TivaWare_C_Series-2.1.4.178/driverlib/gcc/libdriver.a(fpu.o)
                0x000000000000ac74                FPUHalfPrecisionModeSet
 .text.FPUNaNModeSet
                0x000000000000ac88       0x14 /home/kaviya/ti/TivaWare_C_Series-2.1.4.178/driverlib/gcc/libdriver.a(fpu.o)
                0x000000000000ac88                FPUNaNModeSet
 .text.FPUFlushToZeroModeSet
                0x000000000000ac9c       0x14 /home/kaviya/ti/TivaWare_C_Series-2.1.4.178/driverlib/gcc/libdriver.a(fpu.o)
                0x000000000000ac9c                FPUFlushToZeroModeSet
 .text.FPURoundingModeSet
                0x000000000000acb0       0x14 /home/kaviya/ti/TivaWare_C_Series-2.1.4.178/driverlib/gcc/libdriver.a(fpu.o)
                0x000000000000acb0                FPURoundingModeSet
 .text._GPIOIntNumberGet
                0x000000000000acc4       0x48 /home/kaviya/ti/TivaWare_C_Series-2.1.4.178/driverlib/gcc/libdriver.a(gpio.o)
 .text.GPIODirModeSet
                0x000000000000ad0c       0x2e /home/kaviya/ti/TivaWare_C_Series-2.1.4.178/driverlib/gcc/libdriver.a(gpio.o)
                0x000000000000ad0c                GPIODirModeSet
 .text.GPIODirModeGet
                0x000000000000ad3a       0x24 /home/kaviya/ti/TivaWare_C_Series-2.1.4.178/driverlib/gcc/libdriver.a(gpio.o)
                0x000000000000ad3a                GPIODirModeGet
 .text.GPIOIntTypeSet
                0x000000000000ad5e       0x5a /home/kaviya/ti/TivaWare_C_Series-2.1.4.178/driverlib/gcc/libdriver.a(gpio.o)
                0x000000000000ad5e                GPIOIntTypeSet
 .text.GPIOIntTypeGet
                0x000000000000adb8       0x4a /home/kaviya/ti/TivaWare_C_Series-2.1.4.178/driverlib/gcc/libdriver.a(gpio.o)
                0x000000000000adb8                GPIOIntTypeGet
 .text.GPIOPadConfigSet
                0x000000000000ae02      0x130 /home/kaviya/ti/TivaWare_C_Series-2.1.4.178/driverlib/gcc/libdriver.a(gpio.o)
                0x000000000000ae02                GPIOPadConfigSet
 .text.GPIOPadConfigGet
                0x000000000000af32       0xc4 /home/kaviya/ti/TivaWare_C_Series-2.1.4.178/driverlib/gcc/libdriver.a(gpio.o)
                0x000000000000af32                GPIOPadConfigGet
 .text.GPIOIntEnable
                0x000000000000aff6        0xc /home/kaviya/ti/TivaWare_C_Series-2.1.4.178/driverlib/gcc/libdriver.a(gpio.o)
                0x000000000000aff6                GPIOIntEnable
 .text.GPIOIntDisable
                0x000000000000b002        0xe /home/kaviya/ti/TivaWare_C_Series-2.1.4.178/driverlib/gcc/libdriver.a(gpio.o)
                0x000000000000b002                GPIOIntDisable
 .text.GPIOIntStatus
                0x000000000000b010        0xe /home/kaviya/ti/TivaWare_C_Series-2.1.4.178/driverlib/gcc/libdriver.a(gpio.o)
                0x000000000000b010                GPIOIntStatus
 .text.GPIOIntClear
                0x000000000000b01e        0x6 /home/kaviya/ti/TivaWare_C_Series-2.1.4.178/driverlib/gcc/libdriver.a(gpio.o)
                0x000000000000b01e                GPIOIntClear
 .text.GPIOIntRegister
                0x000000000000b024       0x1a /home/kaviya/ti/TivaWare_C_Series-2.1.4.178/driverlib/gcc/libdriver.a(gpio.o)
                0x000000000000b024                GPIOIntRegister
 .text.GPIOIntUnregister
                0x000000000000b03e       0x16 /home/kaviya/ti/TivaWare_C_Series-2.1.4.178/driverlib/gcc/libdriver.a(gpio.o)
                0x000000000000b03e                GPIOIntUnregister
 .text.GPIOIntRegisterPin
                0x000000000000b054       0x1e /home/kaviya/ti/TivaWare_C_Series-2.1.4.178/driverlib/gcc/libdriver.a(gpio.o)
                0x000000000000b054                GPIOIntRegisterPin
 .text.GPIOIntUnregisterPin
                0x000000000000b072       0x1a /home/kaviya/ti/TivaWare_C_Series-2.1.4.178/driverlib/gcc/libdriver.a(gpio.o)
                0x000000000000b072                GPIOIntUnregisterPin
 .text.GPIOPinRead
                0x000000000000b08c        0x6 /home/kaviya/ti/TivaWare_C_Series-2.1.4.178/driverlib/gcc/libdriver.a(gpio.o)
                0x000000000000b08c                GPIOPinRead
 .text.GPIOPinWrite
                0x000000000000b092        0x6 /home/kaviya/ti/TivaWare_C_Series-2.1.4.178/driverlib/gcc/libdriver.a(gpio.o)
                0x000000000000b092                GPIOPinWrite
 .text.GPIOPinTypeADC
                0x000000000000b098       0x1c /home/kaviya/ti/TivaWare_C_Series-2.1.4.178/driverlib/gcc/libdriver.a(gpio.o)
                0x000000000000b098                GPIOPinTypeADC
 .text.GPIOPinTypeCAN
                0x000000000000b0b4       0x1c /home/kaviya/ti/TivaWare_C_Series-2.1.4.178/driverlib/gcc/libdriver.a(gpio.o)
                0x000000000000b0b4                GPIOPinTypeCAN
 .text.GPIOPinTypeComparator
                0x000000000000b0d0       0x1c /home/kaviya/ti/TivaWare_C_Series-2.1.4.178/driverlib/gcc/libdriver.a(gpio.o)
                0x000000000000b0d0                GPIOPinTypeComparator
 .text.GPIOPinTypeComparatorOutput
                0x000000000000b0ec       0x1c /home/kaviya/ti/TivaWare_C_Series-2.1.4.178/driverlib/gcc/libdriver.a(gpio.o)
                0x000000000000b0ec                GPIOPinTypeComparatorOutput
 .text.GPIOPinTypeDIVSCLK
                0x000000000000b108       0x1c /home/kaviya/ti/TivaWare_C_Series-2.1.4.178/driverlib/gcc/libdriver.a(gpio.o)
                0x000000000000b108                GPIOPinTypeDIVSCLK
 .text.GPIOPinTypeEPI
                0x000000000000b124       0x1c /home/kaviya/ti/TivaWare_C_Series-2.1.4.178/driverlib/gcc/libdriver.a(gpio.o)
                0x000000000000b124                GPIOPinTypeEPI
 .text.GPIOPinTypeEthernetLED
                0x000000000000b140       0x1c /home/kaviya/ti/TivaWare_C_Series-2.1.4.178/driverlib/gcc/libdriver.a(gpio.o)
                0x000000000000b140                GPIOPinTypeEthernetLED
 .text.GPIOPinTypeEthernetMII
                0x000000000000b15c       0x1c /home/kaviya/ti/TivaWare_C_Series-2.1.4.178/driverlib/gcc/libdriver.a(gpio.o)
                0x000000000000b15c                GPIOPinTypeEthernetMII
 .text.GPIOPinTypeGPIOInput
                0x000000000000b178       0x1c /home/kaviya/ti/TivaWare_C_Series-2.1.4.178/driverlib/gcc/libdriver.a(gpio.o)
                0x000000000000b178                GPIOPinTypeGPIOInput
 .text.GPIOPinTypeGPIOOutput
                0x000000000000b194       0x1c /home/kaviya/ti/TivaWare_C_Series-2.1.4.178/driverlib/gcc/libdriver.a(gpio.o)
                0x000000000000b194                GPIOPinTypeGPIOOutput
 .text.GPIOPinTypeGPIOOutputOD
                0x000000000000b1b0       0x1c /home/kaviya/ti/TivaWare_C_Series-2.1.4.178/driverlib/gcc/libdriver.a(gpio.o)
                0x000000000000b1b0                GPIOPinTypeGPIOOutputOD
 .text.GPIOPinTypeHibernateRTCCLK
                0x000000000000b1cc       0x1c /home/kaviya/ti/TivaWare_C_Series-2.1.4.178/driverlib/gcc/libdriver.a(gpio.o)
                0x000000000000b1cc                GPIOPinTypeHibernateRTCCLK
 .text.GPIOPinTypeI2C
                0x000000000000b1e8       0x1c /home/kaviya/ti/TivaWare_C_Series-2.1.4.178/driverlib/gcc/libdriver.a(gpio.o)
                0x000000000000b1e8                GPIOPinTypeI2C
 .text.GPIOPinTypeI2CSCL
                0x000000000000b204       0x1c /home/kaviya/ti/TivaWare_C_Series-2.1.4.178/driverlib/gcc/libdriver.a(gpio.o)
                0x000000000000b204                GPIOPinTypeI2CSCL
 .text.GPIOPinTypeLCD
                0x000000000000b220       0x1c /home/kaviya/ti/TivaWare_C_Series-2.1.4.178/driverlib/gcc/libdriver.a(gpio.o)
                0x000000000000b220                GPIOPinTypeLCD
 .text.GPIOPinTypeOneWire
                0x000000000000b23c       0x1c /home/kaviya/ti/TivaWare_C_Series-2.1.4.178/driverlib/gcc/libdriver.a(gpio.o)
                0x000000000000b23c                GPIOPinTypeOneWire
 .text.GPIOPinTypePWM
                0x000000000000b258       0x1c /home/kaviya/ti/TivaWare_C_Series-2.1.4.178/driverlib/gcc/libdriver.a(gpio.o)
                0x000000000000b258                GPIOPinTypePWM
 .text.GPIOPinTypeQEI
                0x000000000000b274       0x1c /home/kaviya/ti/TivaWare_C_Series-2.1.4.178/driverlib/gcc/libdriver.a(gpio.o)
                0x000000000000b274                GPIOPinTypeQEI
 .text.GPIOPinTypeSSI
                0x000000000000b290       0x1c /home/kaviya/ti/TivaWare_C_Series-2.1.4.178/driverlib/gcc/libdriver.a(gpio.o)
                0x000000000000b290                GPIOPinTypeSSI
 .text.GPIOPinTypeTimer
                0x000000000000b2ac       0x1c /home/kaviya/ti/TivaWare_C_Series-2.1.4.178/driverlib/gcc/libdriver.a(gpio.o)
                0x000000000000b2ac                GPIOPinTypeTimer
 .text.GPIOPinTypeTrace
                0x000000000000b2c8       0x1c /home/kaviya/ti/TivaWare_C_Series-2.1.4.178/driverlib/gcc/libdriver.a(gpio.o)
                0x000000000000b2c8                GPIOPinTypeTrace
 .text.GPIOPinTypeUART
                0x000000000000b2e4       0x1c /home/kaviya/ti/TivaWare_C_Series-2.1.4.178/driverlib/gcc/libdriver.a(gpio.o)
                0x000000000000b2e4                GPIOPinTypeUART
 .text.GPIOPinTypeUSBAnalog
                0x000000000000b300       0x1c /home/kaviya/ti/TivaWare_C_Series-2.1.4.178/driverlib/gcc/libdriver.a(gpio.o)
                0x000000000000b300                GPIOPinTypeUSBAnalog
 .text.GPIOPinTypeUSBDigital
                0x000000000000b31c       0x1c /home/kaviya/ti/TivaWare_C_Series-2.1.4.178/driverlib/gcc/libdriver.a(gpio.o)
                0x000000000000b31c                GPIOPinTypeUSBDigital
 .text.GPIOPinTypeWakeHigh
                0x000000000000b338       0x1e /home/kaviya/ti/TivaWare_C_Series-2.1.4.178/driverlib/gcc/libdriver.a(gpio.o)
                0x000000000000b338                GPIOPinTypeWakeHigh
 .text.GPIOPinTypeWakeLow
                0x000000000000b356       0x1e /home/kaviya/ti/TivaWare_C_Series-2.1.4.178/driverlib/gcc/libdriver.a(gpio.o)
                0x000000000000b356                GPIOPinTypeWakeLow
 .text.GPIOPinWakeStatus
                0x000000000000b374        0x6 /home/kaviya/ti/TivaWare_C_Series-2.1.4.178/driverlib/gcc/libdriver.a(gpio.o)
                0x000000000000b374                GPIOPinWakeStatus
 *fill*         0x000000000000b37a        0x2 
 .text.GPIOPinConfigure
                0x000000000000b37c       0x4c /home/kaviya/ti/TivaWare_C_Series-2.1.4.178/driverlib/gcc/libdriver.a(gpio.o)
                0x000000000000b37c                GPIOPinConfigure
 .text.GPIODMATriggerEnable
                0x000000000000b3c8        0xc /home/kaviya/ti/TivaWare_C_Series-2.1.4.178/driverlib/gcc/libdriver.a(gpio.o)
                0x000000000000b3c8                GPIODMATriggerEnable
 .text.GPIODMATriggerDisable
                0x000000000000b3d4        0xe /home/kaviya/ti/TivaWare_C_Series-2.1.4.178/driverlib/gcc/libdriver.a(gpio.o)
                0x000000000000b3d4                GPIODMATriggerDisable
 .text.GPIOADCTriggerEnable
                0x000000000000b3e2        0xc /home/kaviya/ti/TivaWare_C_Series-2.1.4.178/driverlib/gcc/libdriver.a(gpio.o)
                0x000000000000b3e2                GPIOADCTriggerEnable
 .text.GPIOADCTriggerDisable
                0x000000000000b3ee        0xe /home/kaviya/ti/TivaWare_C_Series-2.1.4.178/driverlib/gcc/libdriver.a(gpio.o)
                0x000000000000b3ee                GPIOADCTriggerDisable
 .text._IntDefaultHandler
                0x000000000000b3fc        0x2 /home/kaviya/ti/TivaWare_C_Series-2.1.4.178/driverlib/gcc/libdriver.a(interrupt.o)
 .text.IntMasterEnable
                0x000000000000b3fe        0xe /home/kaviya/ti/TivaWare_C_Series-2.1.4.178/driverlib/gcc/libdriver.a(interrupt.o)
                0x000000000000b3fe                IntMasterEnable
 .text.IntMasterDisable
                0x000000000000b40c        0xe /home/kaviya/ti/TivaWare_C_Series-2.1.4.178/driverlib/gcc/libdriver.a(interrupt.o)
                0x000000000000b40c                IntMasterDisable
 *fill*         0x000000000000b41a        0x2 
 .text.IntRegister
                0x000000000000b41c       0x34 /home/kaviya/ti/TivaWare_C_Series-2.1.4.178/driverlib/gcc/libdriver.a(interrupt.o)
                0x000000000000b41c                IntRegister
 .text.IntUnregister
                0x000000000000b450       0x14 /home/kaviya/ti/TivaWare_C_Series-2.1.4.178/driverlib/gcc/libdriver.a(interrupt.o)
                0x000000000000b450                IntUnregister
 .text.IntPriorityGroupingSet
                0x000000000000b464       0x1c /home/kaviya/ti/TivaWare_C_Series-2.1.4.178/driverlib/gcc/libdriver.a(interrupt.o)
                0x000000000000b464                IntPriorityGroupingSet
 .text.IntPriorityGroupingGet
                0x000000000000b480       0x24 /home/kaviya/ti/TivaWare_C_Series-2.1.4.178/driverlib/gcc/libdriver.a(interrupt.o)
                0x000000000000b480                IntPriorityGroupingGet
 .text.IntPrioritySet
                0x000000000000b4a4       0x2c /home/kaviya/ti/TivaWare_C_Series-2.1.4.178/driverlib/gcc/libdriver.a(interrupt.o)
                0x000000000000b4a4                IntPrioritySet
 .text.IntPriorityGet
                0x000000000000b4d0       0x1c /home/kaviya/ti/TivaWare_C_Series-2.1.4.178/driverlib/gcc/libdriver.a(interrupt.o)
                0x000000000000b4d0                IntPriorityGet
 .text.IntEnable
                0x000000000000b4ec       0x60 /home/kaviya/ti/TivaWare_C_Series-2.1.4.178/driverlib/gcc/libdriver.a(interrupt.o)
                0x000000000000b4ec                IntEnable
 .text.IntDisable
                0x000000000000b54c       0x60 /home/kaviya/ti/TivaWare_C_Series-2.1.4.178/driverlib/gcc/libdriver.a(interrupt.o)
                0x000000000000b54c                IntDisable
 .text.IntIsEnabled
                0x000000000000b5ac       0x64 /home/kaviya/ti/TivaWare_C_Series-2.1.4.178/driverlib/gcc/libdriver.a(interrupt.o)
                0x000000000000b5ac                IntIsEnabled
 .text.IntPendSet
                0x000000000000b610       0x50 /home/kaviya/ti/TivaWare_C_Series-2.1.4.178/driverlib/gcc/libdriver.a(interrupt.o)
                0x000000000000b610                IntPendSet
 .text.IntPendClear
                0x000000000000b660       0x40 /home/kaviya/ti/TivaWare_C_Series-2.1.4.178/driverlib/gcc/libdriver.a(interrupt.o)
                0x000000000000b660                IntPendClear
 .text.IntPriorityMaskSet
                0x000000000000b6a0        0x4 /home/kaviya/ti/TivaWare_C_Series-2.1.4.178/driverlib/gcc/libdriver.a(interrupt.o)
                0x000000000000b6a0                IntPriorityMaskSet
 .text.IntPriorityMaskGet
                0x000000000000b6a4        0x4 /home/kaviya/ti/TivaWare_C_Series-2.1.4.178/driverlib/gcc/libdriver.a(interrupt.o)
                0x000000000000b6a4                IntPriorityMaskGet
 .text.IntTrigger
                0x000000000000b6a8        0xc /home/kaviya/ti/TivaWare_C_Series-2.1.4.178/driverlib/gcc/libdriver.a(interrupt.o)
                0x000000000000b6a8                IntTrigger
 .text._SSIIntNumberGet
                0x000000000000b6b4       0x44 /home/kaviya/ti/TivaWare_C_Series-2.1.4.178/driverlib/gcc/libdriver.a(ssi.o)
 .text.SSIConfigSetExpClk
                0x000000000000b6f8       0x3c /home/kaviya/ti/TivaWare_C_Series-2.1.4.178/driverlib/gcc/libdriver.a(ssi.o)
                0x000000000000b6f8                SSIConfigSetExpClk
 .text.SSIEnable
                0x000000000000b734        0xa /home/kaviya/ti/TivaWare_C_Series-2.1.4.178/driverlib/gcc/libdriver.a(ssi.o)
                0x000000000000b734                SSIEnable
 .text.SSIDisable
                0x000000000000b73e        0xa /home/kaviya/ti/TivaWare_C_Series-2.1.4.178/driverlib/gcc/libdriver.a(ssi.o)
                0x000000000000b73e                SSIDisable
 .text.SSIIntRegister
                0x000000000000b748       0x1a /home/kaviya/ti/TivaWare_C_Series-2.1.4.178/driverlib/gcc/libdriver.a(ssi.o)
                0x000000000000b748                SSIIntRegister
 .text.SSIIntUnregister
                0x000000000000b762       0x16 /home/kaviya/ti/TivaWare_C_Series-2.1.4.178/driverlib/gcc/libdriver.a(ssi.o)
                0x000000000000b762                SSIIntUnregister
 .text.SSIIntEnable
                0x000000000000b778        0x8 /home/kaviya/ti/TivaWare_C_Series-2.1.4.178/driverlib/gcc/libdriver.a(ssi.o)
                0x000000000000b778                SSIIntEnable
 .text.SSIIntDisable
                0x000000000000b780        0xa /home/kaviya/ti/TivaWare_C_Series-2.1.4.178/driverlib/gcc/libdriver.a(ssi.o)
                0x000000000000b780                SSIIntDisable
 .text.SSIIntStatus
                0x000000000000b78a        0xa /home/kaviya/ti/TivaWare_C_Series-2.1.4.178/driverlib/gcc/libdriver.a(ssi.o)
                0x000000000000b78a                SSIIntStatus
 .text.SSIIntClear
                0x000000000000b794        0x4 /home/kaviya/ti/TivaWare_C_Series-2.1.4.178/driverlib/gcc/libdriver.a(ssi.o)
                0x000000000000b794                SSIIntClear
 .text.SSIDataPut
                0x000000000000b798        0xa /home/kaviya/ti/TivaWare_C_Series-2.1.4.178/driverlib/gcc/libdriver.a(ssi.o)
                0x000000000000b798                SSIDataPut
 .text.SSIDataPutNonBlocking
                0x000000000000b7a2       0x12 /home/kaviya/ti/TivaWare_C_Series-2.1.4.178/driverlib/gcc/libdriver.a(ssi.o)
                0x000000000000b7a2                SSIDataPutNonBlocking
 .text.SSIDataGet
                0x000000000000b7b4        0xc /home/kaviya/ti/TivaWare_C_Series-2.1.4.178/driverlib/gcc/libdriver.a(ssi.o)
                0x000000000000b7b4                SSIDataGet
 .text.SSIDataGetNonBlocking
                0x000000000000b7c0       0x14 /home/kaviya/ti/TivaWare_C_Series-2.1.4.178/driverlib/gcc/libdriver.a(ssi.o)
                0x000000000000b7c0                SSIDataGetNonBlocking
 .text.SSIDMAEnable
                0x000000000000b7d4        0x8 /home/kaviya/ti/TivaWare_C_Series-2.1.4.178/driverlib/gcc/libdriver.a(ssi.o)
                0x000000000000b7d4                SSIDMAEnable
 .text.SSIDMADisable
                0x000000000000b7dc        0xa /home/kaviya/ti/TivaWare_C_Series-2.1.4.178/driverlib/gcc/libdriver.a(ssi.o)
                0x000000000000b7dc                SSIDMADisable
 .text.SSIBusy  0x000000000000b7e6        0x8 /home/kaviya/ti/TivaWare_C_Series-2.1.4.178/driverlib/gcc/libdriver.a(ssi.o)
                0x000000000000b7e6                SSIBusy
 .text.SSIClockSourceSet
                0x000000000000b7ee        0x6 /home/kaviya/ti/TivaWare_C_Series-2.1.4.178/driverlib/gcc/libdriver.a(ssi.o)
                0x000000000000b7ee                SSIClockSourceSet
 .text.SSIClockSourceGet
                0x000000000000b7f4        0x6 /home/kaviya/ti/TivaWare_C_Series-2.1.4.178/driverlib/gcc/libdriver.a(ssi.o)
                0x000000000000b7f4                SSIClockSourceGet
 .text.SSIAdvModeSet
                0x000000000000b7fa        0xc /home/kaviya/ti/TivaWare_C_Series-2.1.4.178/driverlib/gcc/libdriver.a(ssi.o)
                0x000000000000b7fa                SSIAdvModeSet
 .text.SSIAdvDataPutFrameEnd
                0x000000000000b806       0x12 /home/kaviya/ti/TivaWare_C_Series-2.1.4.178/driverlib/gcc/libdriver.a(ssi.o)
                0x000000000000b806                SSIAdvDataPutFrameEnd
 .text.SSIAdvDataPutFrameEndNonBlocking
                0x000000000000b818       0x1a /home/kaviya/ti/TivaWare_C_Series-2.1.4.178/driverlib/gcc/libdriver.a(ssi.o)
                0x000000000000b818                SSIAdvDataPutFrameEndNonBlocking
 .text.SSIAdvFrameHoldEnable
                0x000000000000b832        0xa /home/kaviya/ti/TivaWare_C_Series-2.1.4.178/driverlib/gcc/libdriver.a(ssi.o)
                0x000000000000b832                SSIAdvFrameHoldEnable
 .text.SSIAdvFrameHoldDisable
                0x000000000000b83c        0xa /home/kaviya/ti/TivaWare_C_Series-2.1.4.178/driverlib/gcc/libdriver.a(ssi.o)
                0x000000000000b83c                SSIAdvFrameHoldDisable
 *fill*         0x000000000000b846        0x2 
 .text._SysCtlMemTimingGet